Component: ARM Compiler 5.06 update 7 (build 960) Tool: armlink [4d3601]

==============================================================================

Section Cross References

    startup_stm32f103xe.o(RESET) refers to startup_stm32f103xe.o(STACK) for __initial_sp
    startup_stm32f103xe.o(RESET) refers to startup_stm32f103xe.o(.text) for Reset_Handler
    startup_stm32f103xe.o(RESET) refers to stm32f1xx_it.o(i.NMI_Handler) for NMI_Handler
    startup_stm32f103xe.o(RESET) refers to stm32f1xx_it.o(i.HardFault_Handler) for HardFault_Handler
    startup_stm32f103xe.o(RESET) refers to stm32f1xx_it.o(i.MemManage_Handler) for MemManage_Handler
    startup_stm32f103xe.o(RESET) refers to stm32f1xx_it.o(i.BusFault_Handler) for BusFault_Handler
    startup_stm32f103xe.o(RESET) refers to stm32f1xx_it.o(i.UsageFault_Handler) for UsageFault_Handler
    startup_stm32f103xe.o(RESET) refers to stm32f1xx_it.o(i.SVC_Handler) for SVC_Handler
    startup_stm32f103xe.o(RESET) refers to stm32f1xx_it.o(i.DebugMon_Handler) for DebugMon_Handler
    startup_stm32f103xe.o(RESET) refers to stm32f1xx_it.o(i.PendSV_Handler) for PendSV_Handler
    startup_stm32f103xe.o(RESET) refers to stm32f1xx_it.o(i.SysTick_Handler) for SysTick_Handler
    startup_stm32f103xe.o(RESET) refers to stm32f1xx_it.o(i.DMA1_Channel6_IRQHandler) for DMA1_Channel6_IRQHandler
    startup_stm32f103xe.o(RESET) refers to stm32f1xx_it.o(i.TIM2_IRQHandler) for TIM2_IRQHandler
    startup_stm32f103xe.o(RESET) refers to stm32f1xx_it.o(i.USART2_IRQHandler) for USART2_IRQHandler
    startup_stm32f103xe.o(RESET) refers to stm32f1xx_it.o(i.USART3_IRQHandler) for USART3_IRQHandler
    startup_stm32f103xe.o(.text) refers to system_stm32f1xx.o(i.SystemInit) for SystemInit
    startup_stm32f103xe.o(.text) refers to entry.o(.ARM.Collect$$$$00000000) for __main
    main.o(i.MenuTest_Run) refers to stm32f1xx_hal.o(i.HAL_GetTick) for HAL_GetTick
    main.o(i.MenuTest_Run) refers to route_menu.o(i.RouteMenu_Init) for RouteMenu_Init
    main.o(i.MenuTest_Run) refers to route_menu.o(i.RouteMenu_Task_10ms) for RouteMenu_Task_10ms
    main.o(i.MenuTest_Run) refers to stm32f1xx_hal_gpio.o(i.HAL_GPIO_ReadPin) for HAL_GPIO_ReadPin
    main.o(i.MenuTest_Run) refers to route_menu.o(i.RouteMenu_IsReady) for RouteMenu_IsReady
    main.o(i.MenuTest_Run) refers to route_menu.o(i.RouteMenu_GetOrder) for RouteMenu_GetOrder
    main.o(i.MenuTest_Run) refers to printfa.o(i.__0printf) for __2printf
    main.o(i.MenuTest_Run) refers to oled.o(i.OLED_Clear) for OLED_Clear
    main.o(i.MenuTest_Run) refers to oled.o(i.OLED_ShowLine) for OLED_ShowLine
    main.o(i.MenuTest_Run) refers to printfa.o(i.__0snprintf) for __2snprintf
    main.o(i.MenuTest_Run) refers to oled.o(i.OLED_Refresh) for OLED_Refresh
    main.o(i.MenuTest_Run) refers to stm32f1xx_hal.o(i.HAL_Delay) for HAL_Delay
    main.o(i.MenuTest_Run) refers to route_menu.o(i.RouteMenu_Reset) for RouteMenu_Reset
    main.o(i.SystemClock_Config) refers to memseta.o(.text) for __aeabi_memclr4
    main.o(i.SystemClock_Config) refers to stm32f1xx_hal_rcc.o(i.HAL_RCC_OscConfig) for HAL_RCC_OscConfig
    main.o(i.SystemClock_Config) refers to stm32f1xx_hal_rcc.o(i.HAL_RCC_ClockConfig) for HAL_RCC_ClockConfig
    main.o(i.fputc) refers to stm32f1xx_hal_uart.o(i.HAL_UART_Transmit) for HAL_UART_Transmit
    main.o(i.fputc) refers to usart.o(.bss) for huart1
    main.o(i.main) refers to stm32f1xx_hal.o(i.HAL_Init) for HAL_Init
    main.o(i.main) refers to main.o(i.SystemClock_Config) for SystemClock_Config
    main.o(i.main) refers to gpio.o(i.MX_GPIO_Init) for MX_GPIO_Init
    main.o(i.main) refers to dma.o(i.MX_DMA_Init) for MX_DMA_Init
    main.o(i.main) refers to i2c.o(i.MX_I2C1_Init) for MX_I2C1_Init
    main.o(i.main) refers to usart.o(i.MX_USART1_UART_Init) for MX_USART1_UART_Init
    main.o(i.main) refers to usart.o(i.MX_USART2_UART_Init) for MX_USART2_UART_Init
    main.o(i.main) refers to usart.o(i.MX_USART3_UART_Init) for MX_USART3_UART_Init
    main.o(i.main) refers to tim.o(i.MX_TIM2_Init) for MX_TIM2_Init
    main.o(i.main) refers to vision.o(i.vision_init) for vision_init
    main.o(i.main) refers to task.o(i.Task_Init) for Task_Init
    main.o(i.main) refers to task.o(i.Task_Loop) for Task_Loop
    gpio.o(i.MX_GPIO_Init) refers to stm32f1xx_hal_gpio.o(i.HAL_GPIO_WritePin) for HAL_GPIO_WritePin
    gpio.o(i.MX_GPIO_Init) refers to stm32f1xx_hal_gpio.o(i.HAL_GPIO_Init) for HAL_GPIO_Init
    dma.o(i.MX_DMA_Init) refers to stm32f1xx_hal_cortex.o(i.HAL_NVIC_SetPriority) for HAL_NVIC_SetPriority
    dma.o(i.MX_DMA_Init) refers to stm32f1xx_hal_cortex.o(i.HAL_NVIC_EnableIRQ) for HAL_NVIC_EnableIRQ
    i2c.o(i.HAL_I2C_MspDeInit) refers to stm32f1xx_hal_gpio.o(i.HAL_GPIO_DeInit) for HAL_GPIO_DeInit
    i2c.o(i.HAL_I2C_MspInit) refers to stm32f1xx_hal_gpio.o(i.HAL_GPIO_Init) for HAL_GPIO_Init
    i2c.o(i.MX_I2C1_Init) refers to stm32f1xx_hal_i2c.o(i.HAL_I2C_Init) for HAL_I2C_Init
[...]
    i.Key_ReadRaw                            0x08002dcc   Section        0  route_menu.o(i.Key_ReadRaw)
    Key_ReadRaw                              0x08002dcd   Thumb Code    16  route_menu.o(i.Key_ReadRaw)
    i.Key_Update                             0x08002ddc   Section        0  route_menu.o(i.Key_Update)
    Key_Update                               0x08002ddd   Thumb Code    46  route_menu.o(i.Key_Update)
    i.MX_DMA_Init                            0x08002e0c   Section        0  dma.o(i.MX_DMA_Init)
    i.MX_GPIO_Init                           0x08002e38   Section        0  gpio.o(i.MX_GPIO_Init)
    i.MX_I2C1_Init                           0x08002f1c   Section        0  i2c.o(i.MX_I2C1_Init)
    i.MX_TIM2_Init                           0x08002f5c   Section        0  tim.o(i.MX_TIM2_Init)
    i.MX_USART1_UART_Init                    0x08002fc4   Section        0  usart.o(i.MX_USART1_UART_Init)
    i.MX_USART2_UART_Init                    0x08002ffc   Section        0  usart.o(i.MX_USART2_UART_Init)
    i.MX_USART3_UART_Init                    0x08003034   Section        0  usart.o(i.MX_USART3_UART_Init)
    i.MemManage_Handler                      0x0800306c   Section        0  stm32f1xx_it.o(i.MemManage_Handler)
    i.NMI_Handler                            0x0800306e   Section        0  stm32f1xx_it.o(i.NMI_Handler)
    i.OLED_Clear                             0x08003070   Section        0  oled.o(i.OLED_Clear)
    i.OLED_GetFont6x8                        0x08003080   Section        0  oled.o(i.OLED_GetFont6x8)
    OLED_GetFont6x8                          0x08003081   Thumb Code   334  oled.o(i.OLED_GetFont6x8)
    i.OLED_Init                              0x080031d4   Section        0  oled.o(i.OLED_Init)
    i.OLED_Menu_Clear                        0x08003290   Section        0  route_menu_port.o(i.OLED_Menu_Clear)
    i.OLED_Menu_Init                         0x08003294   Section        0  route_menu_port.o(i.OLED_Menu_Init)
    i.OLED_Menu_Refresh                      0x080032a6   Section        0  route_menu_port.o(i.OLED_Menu_Refresh)
    i.OLED_Menu_ShowLine                     0x080032aa   Section        0  route_menu_port.o(i.OLED_Menu_ShowLine)
    i.OLED_Refresh                           0x080032b0   Section        0  oled.o(i.OLED_Refresh)
    i.OLED_ShowChar                          0x08003338   Section        0  oled.o(i.OLED_ShowChar)
    i.OLED_ShowLine                          0x0800336c   Section        0  oled.o(i.OLED_ShowLine)
    i.OLED_ShowString                        0x0800337c   Section        0  oled.o(i.OLED_ShowString)
    i.OLED_WriteCmd                          0x080033a0   Section        0  oled.o(i.OLED_WriteCmd)
    OLED_WriteCmd                            0x080033a1   Thumb Code    38  oled.o(i.OLED_WriteCmd)
    i.PendSV_Handler                         0x080033cc   Section        0  stm32f1xx_it.o(i.PendSV_Handler)
    i.Point_UsedBeforeStep                   0x080033d0   Section        0  route_menu.o(i.Point_UsedBeforeStep)
    Point_UsedBeforeStep                     0x080033d1   Thumb Code    30  route_menu.o(i.Point_UsedBeforeStep)
    i.RouteMenu_Draw                         0x080033f4   Section        0  route_menu.o(i.RouteMenu_Draw)
    RouteMenu_Draw                           0x080033f5   Thumb Code   266  route_menu.o(i.RouteMenu_Draw)
    i.RouteMenu_GetOrder                     0x080035a8   Section        0  route_menu.o(i.RouteMenu_GetOrder)
    i.RouteMenu_Init                         0x080035c0   Section        0  route_menu.o(i.RouteMenu_Init)
    i.RouteMenu_IsReady                      0x08003600   Section        0  route_menu.o(i.RouteMenu_IsReady)
    i.RouteMenu_Reset                        0x0800360c   Section        0  route_menu.o(i.RouteMenu_Reset)
    i.RouteMenu_Task_10ms                    0x08003640   Section        0  route_menu.o(i.RouteMenu_Task_10ms)
    i.SVC_Handler                            0x08003728   Section        0  stm32f1xx_it.o(i.SVC_Handler)
    i.Save_Current_Step                      0x0800372c   Section        0  route_menu.o(i.Save_Current_Step)
    Save_Current_Step                        0x0800372d   Thumb Code    72  route_menu.o(i.Save_Current_Step)
    i.Step_Backward                          0x08003778   Section        0  route_menu.o(i.Step_Backward)
    Step_Backward                            0x08003779   Thumb Code    84  route_menu.o(i.Step_Backward)
    i.Step_IsFilled                          0x080037d0   Section        0  route_menu.o(i.Step_IsFilled)
    Step_IsFilled                            0x080037d1   Thumb Code    20  route_menu.o(i.Step_IsFilled)
    i.SysTick_Handler                        0x080037e8   Section        0  stm32f1xx_it.o(i.SysTick_Handler)
    i.SystemClock_Config                     0x080037ec   Section        0  main.o(i.SystemClock_Config)
    i.SystemInit                             0x0800384a   Section        0  system_stm32f1xx.o(i.SystemInit)
    i.TIM2_IRQHandler                        0x0800384c   Section        0  stm32f1xx_it.o(i.TIM2_IRQHandler)
    i.TIM_Base_SetConfig                     0x08003858   Section        0  stm32f1xx_hal_tim.o(i.TIM_Base_SetConfig)
    i.TIM_ETR_SetConfig                      0x080038f4   Section        0  stm32f1xx_hal_tim.o(i.TIM_ETR_SetConfig)
    i.TIM_ITRx_SetConfig                     0x08003908   Section        0  stm32f1xx_hal_tim.o(i.TIM_ITRx_SetConfig)
    TIM_ITRx_SetConfig                       0x08003909   Thumb Code    16  stm32f1xx_hal_tim.o(i.TIM_ITRx_SetConfig)
    i.TIM_TI1_ConfigInputStage               0x08003918   Section        0  stm32f1xx_hal_tim.o(i.TIM_TI1_ConfigInputStage)
    TIM_TI1_ConfigInputStage                 0x08003919   Thumb Code    34  stm32f1xx_hal_tim.o(i.TIM_TI1_ConfigInputStage)
    i.TIM_TI2_ConfigInputStage               0x0800393a   Section        0  stm32f1xx_hal_tim.o(i.TIM_TI2_ConfigInputStage)
    TIM_TI2_ConfigInputStage                 0x0800393b   Thumb Code    36  stm32f1xx_hal_tim.o(i.TIM_TI2_ConfigInputStage)
    i.Task_Init                              0x08003960   Section        0  task.o(i.Task_Init)
    i.Task_Loop                              0x08003990   Section        0  task.o(i.Task_Loop)
    i.Task_RunPatrol                         0x08003a24   Section        0  task.o(i.Task_RunPatrol)
    Task_RunPatrol                           0x08003a25   Thumb Code   164  task.o(i.Task_RunPatrol)
    i.Task_ShowPos                           0x08003b24   Section        0  task.o(i.Task_ShowPos)
    Task_ShowPos                             0x08003b25   Thumb Code   230  task.o(i.Task_ShowPos)
    i.UART_DMAAbortOnError                   0x08003c2c   Section        0  stm32f1xx_hal_uart.o(i.UART_DMAAbortOnError)
    UART_DMAAbortOnError                     0x08003c2d   Thumb Code    16  stm32f1xx_hal_uart.o(i.UART_DMAAbortOnError)
    i.UART_DMAError                          0x08003c3c   Section        0  stm32f1xx_hal_uart.o(i.UART_DMAError)
    UART_DMAError                            0x08003c3d   Thumb Code    74  stm32f1xx_hal_uart.o(i.UART_DMAError)
    i.UART_DMAReceiveCplt                    0x08003c86   Section        0  stm32f1xx_hal_uart.o(i.UART_DMAReceiveCplt)
    UART_DMAReceiveCplt                      0x08003c87   Thumb Code   134  stm32f1xx_hal_uart.o(i.UART_DMAReceiveCplt)
    i.UART_DMARxHalfCplt                     0x08003d0c   Section        0  stm32f1xx_hal_uart.o(i.UART_DMARxHalfCplt)
    UART_DMARxHalfCplt                       0x08003d0d   Thumb Code    30  stm32f1xx_hal_uart.o(i.UART_DMARxHalfCplt)
    i.UART_EndRxTransfer                     0x08003d2a   Section        0  stm32f1xx_hal_uart.o(i.UART_EndRxTransfer)
    UART_EndRxTransfer                       0x08003d2b   Thumb Code    78  stm32f1xx_hal_uart.o(i.UART_EndRxTransfer)
    i.UART_EndTxTransfer                     0x08003d78   Section        0  stm32f1xx_hal_uart.o(i.UART_EndTxTransfer)
    UART_EndTxTransfer                       0x08003d79   Thumb Code    28  stm32f1xx_hal_uart.o(i.UART_EndTxTransfer)
    i.UART_Receive_IT                        0x08003d94   Section        0  stm32f1xx_hal_uart.o(i.UART_Receive_IT)
    UART_Receive_IT                          0x08003d95   Thumb Code   194  stm32f1xx_hal_uart.o(i.UART_Receive_IT)
    i.UART_SetConfig                         0x08003e58   Section        0  stm32f1xx_hal_uart.o(i.UART_SetConfig)
    UART_SetConfig                           0x08003e59   Thumb Code   178  stm32f1xx_hal_uart.o(i.UART_SetConfig)
    i.UART_Start_Receive_DMA                 0x08003f10   Section        0  stm32f1xx_hal_uart.o(i.UART_Start_Receive_DMA)
    i.UART_WaitOnFlagUntilTimeout            0x08003fa0   Section        0  stm32f1xx_hal_uart.o(i.UART_WaitOnFlagUntilTimeout)
    UART_WaitOnFlagUntilTimeout              0x08003fa1   Thumb Code   114  stm32f1xx_hal_uart.o(i.UART_WaitOnFlagUntilTimeout)
    i.USART2_IRQHandler                      0x08004014   Section        0  stm32f1xx_it.o(i.USART2_IRQHandler)
    i.USART3_IRQHandler                      0x08004020   Section        0  stm32f1xx_it.o(i.USART3_IRQHandler)
    i.Update_Count_And_Ready                 0x0800402c   Section        0  route_menu.o(i.Update_Count_And_Ready)
    Update_Count_And_Ready                   0x0800402d   Thumb Code    46  route_menu.o(i.Update_Count_And_Ready)
    i.UsageFault_Handler                     0x08004060   Section        0  stm32f1xx_it.o(i.UsageFault_Handler)
    i.__0printf                              0x08004064   Section        0  printfa.o(i.__0printf)
    i.__0snprintf                            0x08004084   Section        0  printfa.o(i.__0snprintf)
    i.__NVIC_SetPriority                     0x080040b8   Section        0  stm32f1xx_hal_cortex.o(i.__NVIC_SetPriority)
    __NVIC_SetPriority                       0x080040b9   Thumb Code    32  stm32f1xx_hal_cortex.o(i.__NVIC_SetPriority)
    i.__aeabi_errno_addr                     0x080040d8   Section        0  errno.o(i.__aeabi_errno_addr)
    i.__read_errno                           0x080040e0   Section        0  errno.o(i.__read_errno)
    i.__scatterload_copy                     0x080040ec   Section       14  handlers.o(i.__scatterload_copy)
    i.__scatterload_null                     0x080040fa   Section        2  handlers.o(i.__scatterload_null)
    i.__scatterload_zeroinit                 0x080040fc   Section       14  handlers.o(i.__scatterload_zeroinit)
    i.__set_errno                            0x0800410c   Section        0  errno.o(i.__set_errno)
    i._fp_digits                             0x08004118   Section        0  printfa.o(i._fp_digits)
    _fp_digits                               0x08004119   Thumb Code   366  printfa.o(i._fp_digits)
    i._is_digit                              0x0800429c   Section        0  scanf_fp.o(i._is_digit)
    i._printf_core                           0x080042ac   Section        0  printfa.o(i._printf_core)
    _printf_core                             0x080042ad   Thumb Code  1704  printfa.o(i._printf_core)
    i._printf_post_padding                   0x08004960   Section        0  printfa.o(i._printf_post_padding)
    _printf_post_padding                     0x08004961   Thumb Code    36  printfa.o(i._printf_post_padding)
    i._printf_pre_padding                    0x08004984   Section        0  printfa.o(i._printf_pre_padding)
    _printf_pre_padding                      0x08004985   Thumb Code    46  printfa.o(i._printf_pre_padding)
    i._snputc                                0x080049b2   Section        0  printfa.o(i._snputc)
    _snputc                                  0x080049b3   Thumb Code    22  printfa.o(i._snputc)
    i.atof                                   0x080049c8   Section        0  atof.o(i.atof)
    i.feed_char                              0x080049f4   Section        0  vision.o(i.feed_char)
    feed_char                                0x080049f5   Thumb Code    66  vision.o(i.feed_char)
    i.fputc                                  0x08004a40   Section        0  main.o(i.fputc)
    i.kin_fk                                 0x08004a58   Section        0  kinematics.o(i.kin_fk)
    i.kin_home_len                           0x08004c1c   Section        0  kinematics.o(i.kin_home_len)
    i.kin_ik                                 0x08004c34   Section        0  kinematics.o(i.kin_ik)
    i.kin_in_range                           0x08004ca8   Section        0  kinematics.o(i.kin_in_range)
    i.main                                   0x08004cc8   Section        0  main.o(i.main)
    i.mb_transaction                         0x08004cfc   Section        0  motor.o(i.mb_transaction)
    mb_transaction                           0x08004cfd   Thumb Code   188  motor.o(i.mb_transaction)
    i.modbus_crc16                           0x08004dbc   Section        0  motor.o(i.modbus_crc16)
    i.motion_enable_all                      0x08004dee   Section        0  motion.o(i.motion_enable_all)
    i.motion_get_pos                         0x08004e18   Section        0  motion.o(i.motion_get_pos)
    i.motion_init                            0x08004e28   Section        0  motion.o(i.motion_init)
    i.motion_move_to                         0x08004e5c   Section        0  motion.o(i.motion_move_to)
    i.motion_set_home                        0x08005234   Section        0  motion.o(i.motion_set_home)
    i.motor_enable                           0x080052c0   Section        0  motor.o(i.motor_enable)
    i.motor_move_pos                         0x08005318   Section        0  motor.o(i.motor_move_pos)
    i.motor_read_position                    0x08005386   Section        0  motor.o(i.motor_read_position)
    i.motor_result_str                       0x080053e0   Section        0  motor.o(i.motor_result_str)
    i.motor_sync_trigger                     0x08005434   Section        0  motor.o(i.motor_sync_trigger)
    i.motor_zero_position                    0x08005488   Section        0  motor.o(i.motor_zero_position)
    i.parse_packet                           0x080054bc   Section        0  vision.o(i.parse_packet)
    parse_packet                             0x080054bd   Thumb Code   198  vision.o(i.parse_packet)
    i.sqrtf                                  0x080055ac   Section        0  sqrtf.o(i.sqrtf)
    i.vision_init                            0x080055d8   Section        0  vision.o(i.vision_init)
    .constdata                               0x08005618   Section       64  kinematics.o(.constdata)
    Px                                       0x08005618   Data          16  kinematics.o(.constdata)
    Py                                       0x08005628   Data          16  kinematics.o(.constdata)
    Ax                                       0x08005638   Data          16  kinematics.o(.constdata)
    Ay                                       0x08005648   Data          16  kinematics.o(.constdata)
    .constdata                               0x08005658   Section       40  task.o(.constdata)
    PT_X                                     0x08005658   Data          20  task.o(.constdata)
    PT_Y                                     0x0800566c   Data          20  task.o(.constdata)
    .constdata                               0x08005680   Section      252  oled.o(.constdata)
    FONT_SPACE                               0x08005680   Data           6  oled.o(.constdata)
    FONT_MINUS                               0x08005686   Data           6  oled.o(.constdata)
    FONT_COLON                               0x0800568c   Data           6  oled.o(.constdata)
    FONT_SLASH                               0x08005692   Data           6  oled.o(.constdata)
    FONT_DOT                                 0x08005698   Data           6  oled.o(.constdata)
    FONT_0                                   0x0800569e   Data           6  oled.o(.constdata)
    FONT_1                                   0x080056a4   Data           6  oled.o(.constdata)
    FONT_2                                   0x080056aa   Data           6  oled.o(.constdata)
    FONT_3                                   0x080056b0   Data           6  oled.o(.constdata)
    FONT_4                                   0x080056b6   Data           6  oled.o(.constdata)
    FONT_5                                   0x080056bc   Data           6  oled.o(.constdata)
    FONT_6                                   0x080056c2   Data           6  oled.o(.constdata)
    FONT_7                                   0x080056c8   Data           6  oled.o(.constdata)
    FONT_8                                   0x080056ce   Data           6  oled.o(.constdata)
    FONT_9                                   0x080056d4   Data           6  oled.o(.constdata)
    FONT_A                                   0x080056da   Data           6  oled.o(.constdata)
    FONT_B                                   0x080056e0   Data           6  oled.o(.constdata)
    FONT_C                                   0x080056e6   Data           6  oled.o(.constdata)
    FONT_D                                   0x080056ec   Data           6  oled.o(.constdata)
    FONT_E                                   0x080056f2   Data           6  oled.o(.constdata)
    FONT_F                                   0x080056f8   Data           6  oled.o(.constdata)
    FONT_G                                   0x080056fe   Data           6  oled.o(.constdata)
    FONT_H                                   0x08005704   Data           6  oled.o(.constdata)
    FONT_I                                   0x0800570a   Data           6  oled.o(.constdata)
    FONT_J                                   0x08005710   Data           6  oled.o(.constdata)
    FONT_K                                   0x08005716   Data           6  oled.o(.constdata)
    FONT_L                                   0x0800571c   Data           6  oled.o(.constdata)
    FONT_M                                   0x08005722   Data           6  oled.o(.constdata)
    FONT_N                                   0x08005728   Data           6  oled.o(.constdata)
    FONT_O                                   0x0800572e   Data           6  oled.o(.constdata)
    FONT_P                                   0x08005734   Data           6  oled.o(.constdata)
    FONT_Q                                   0x0800573a   Data           6  oled.o(.constdata)
    FONT_R                                   0x08005740   Data           6  oled.o(.constdata)
    FONT_S                                   0x08005746   Data           6  oled.o(.constdata)
    FONT_T                                   0x0800574c   Data           6  oled.o(.constdata)
    FONT_U                                   0x08005752   Data           6  oled.o(.constdata)
    FONT_V                                   0x08005758   Data           6  oled.o(.constdata)
    FONT_W                                   0x0800575e   Data           6  oled.o(.constdata)
    FONT_X                                   0x08005764   Data           6  oled.o(.constdata)
    FONT_Y                                   0x0800576a   Data           6  oled.o(.constdata)
    FONT_Z                                   0x08005770   Data           6  oled.o(.constdata)
    FONT_QMARK                               0x08005776   Data           6  oled.o(.constdata)
    .constdata                               0x0800577c   Section       18  stm32f1xx_hal_rcc.o(.constdata)
    aPredivFactorTable                       0x0800577c   Data           2  stm32f1xx_hal_rcc.o(.constdata)
    aPLLMULFactorTable                       0x0800577e   Data          16  stm32f1xx_hal_rcc.o(.constdata)
    .constdata                               0x0800578e   Section       16  system_stm32f1xx.o(.constdata)
    .constdata                               0x0800579e   Section        8  system_stm32f1xx.o(.constdata)
    .constdata                               0x080057a6   Section      129  ctype_o.o(.constdata)
    .constdata                               0x08005828   Section        4  ctype_o.o(.constdata)
    table                                    0x08005828   Data           4  ctype_o.o(.constdata)
    .conststring                             0x0800582c   Section       19  route_menu.o(.conststring)
    .data                                    0x20000000   Section        4  vision.o(.data)
    line_len                                 0x20000000   Data           1  vision.o(.data)
    in_frame                                 0x20000001   Data           1  vision.o(.data)
    rx2_rd                                   0x20000002   Data           2  vision.o(.data)
    .data                                    0x20000004   Section        8  motion.o(.data)
    cur_x                                    0x20000004   Data           4  motion.o(.data)
    cur_y                                    0x20000008   Data           4  motion.o(.data)
    .data                                    0x2000000c   Section        8  task.o(.data)
    s_state                                  0x2000000c   Data           1  task.o(.data)
    s_key0_last                              0x2000000d   Data           1  task.o(.data)
    s_last_menu_tick                         0x20000010   Data           4  task.o(.data)
    .data                                    0x20000014   Section       48  route_menu.o(.data)
    g_menu_state                             0x20000014   Data           1  route_menu.o(.data)
    g_edit_step                              0x20000015   Data           1  route_menu.o(.data)
    g_cursor                                 0x20000016   Data           1  route_menu.o(.data)
    g_need_refresh                           0x20000017   Data           1  route_menu.o(.data)
    g_key_up                                 0x20000018   Data           4  route_menu.o(.data)
    g_key_down                               0x2000001c   Data           4  route_menu.o(.data)
    g_key_ok                                 0x20000020   Data           4  route_menu.o(.data)
    g_key_back                               0x20000024   Data           4  route_menu.o(.data)
    g_route                                  0x20000028   Data           7  route_menu.o(.data)
    g_point_name                             0x20000030   Data          20  route_menu.o(.data)
    .data                                    0x20000044   Section       12  stm32f1xx_hal.o(.data)
    .data                                    0x20000050   Section        4  system_stm32f1xx.o(.data)
    .data                                    0x20000054   Section        4  stdout.o(.data)
    .data                                    0x20000058   Section        4  errno.o(.data)
    _errno                                   0x20000058   Data           4  errno.o(.data)
    .bss                                     0x2000005c   Section       84  i2c.o(.bss)
    .bss                                     0x200000b0   Section       72  tim.o(.bss)
    .bss                                     0x200000f8   Section      284  usart.o(.bss)
    .bss                                     0x20000214   Section      372  vision.o(.bss)
    rx2_dma                                  0x20000214   Data         256  vision.o(.bss)
    line                                     0x20000314   Data          48  vision.o(.bss)
    .bss                                     0x20000388   Section       32  motion.o(.bss)
    cur_L                                    0x20000388   Data          16  motion.o(.bss)
    home_L                                   0x20000398   Data          16  motion.o(.bss)
    .bss                                     0x200003a8   Section     1024  oled.o(.bss)
    g_oled_gram                              0x200003a8   Data        1024  oled.o(.bss)
    STACK                                    0x200007a8   Section     1024  startup_stm32f103xe.o(STACK)

    Global Symbols

    Symbol Name                              Value     Ov Type        Size  Object(Section)

    BuildAttributes$$THM_ISAv4$P$D$K$B$S$PE$A:L22UL41UL21$X:L11$S22US41US21$IEEE1$IW$USESV6$~STKCKD$USESV7$~SHL$OTIME$ROPI$IEEEJ$EBA8$MICROLIB$REQ8$PRES8$EABIv2 0x00000000   Number         0  anon$$obj.o ABSOLUTE
    __ARM_use_no_argv                        0x00000000   Number         0  main.o ABSOLUTE
    _printf_a                                0x00000000   Number         0  stubs.o ABSOLUTE
    _printf_c                                0x00000000   Number         0  stubs.o ABSOLUTE
    _printf_charcount                        0x00000000   Number         0  stubs.o ABSOLUTE
    _printf_d                                0x00000000   Number         0  stubs.o ABSOLUTE
    _printf_e                                0x00000000   Number         0  stubs.o ABSOLUTE
    _printf_f                                0x00000000   Number         0  stubs.o ABSOLUTE
    _printf_flags                            0x00000000   Number         0  stubs.o ABSOLUTE
    _printf_fp_dec                           0x00000000   Number         0  stubs.o ABSOLUTE
    _printf_fp_hex                           0x00000000   Number         0  stubs.o ABSOLUTE
    _printf_g                                0x00000000   Number         0  stubs.o ABSOLUTE
    _printf_i                                0x00000000   Number         0  stubs.o ABSOLUTE
    _printf_int_dec                          0x00000000   Number         0  stubs.o ABSOLUTE
    _printf_l                                0x00000000   Number         0  stubs.o ABSOLUTE
    _printf_lc                               0x00000000   Number         0  stubs.o ABSOLUTE
    _printf_ll                               0x00000000   Number         0  stubs.o ABSOLUTE
    _printf_lld                              0x00000000   Number         0  stubs.o ABSOLUTE
    _printf_lli                              0x00000000   Number         0  stubs.o ABSOLUTE
    _printf_llo                              0x00000000   Number         0  stubs.o ABSOLUTE
    _printf_llu                              0x00000000   Number         0  stubs.o ABSOLUTE
    _printf_llx                              0x00000000   Number         0  stubs.o ABSOLUTE
    _printf_longlong_dec                     0x00000000   Number         0  stubs.o ABSOLUTE
    _printf_longlong_hex                     0x00000000   Number         0  stubs.o ABSOLUTE
    _printf_longlong_oct                     0x00000000   Number         0  stubs.o ABSOLUTE
    _printf_ls                               0x00000000   Number         0  stubs.o ABSOLUTE
    _printf_mbtowc                           0x00000000   Number         0  stubs.o ABSOLUTE
    _printf_n                                0x00000000   Number         0  stubs.o ABSOLUTE
    _printf_o                                0x00000000   Number         0  stubs.o ABSOLUTE
    _printf_p                                0x00000000   Number         0  stubs.o ABSOLUTE
    _printf_percent                          0x00000000   Number         0  stubs.o ABSOLUTE
    _printf_pre_padding                      0x00000000   Number         0  stubs.o ABSOLUTE
    _printf_return_value                     0x00000000   Number         0  stubs.o ABSOLUTE
    _printf_s                                0x00000000   Number         0  stubs.o ABSOLUTE
    _printf_sizespec                         0x00000000   Number         0  stubs.o ABSOLUTE
    _printf_str                              0x00000000   Number         0  stubs.o ABSOLUTE
    _printf_truncate_signed                  0x00000000   Number         0  stubs.o ABSOLUTE
    _printf_truncate_unsigned                0x00000000   Number         0  stubs.o ABSOLUTE
    _printf_u                                0x00000000   Number         0  stubs.o ABSOLUTE
    _printf_wc                               0x00000000   Number         0  stubs.o ABSOLUTE
    _printf_wctomb                           0x00000000   Number         0  stubs.o ABSOLUTE
    _printf_widthprec                        0x00000000   Number         0  stubs.o ABSOLUTE
    _printf_x                                0x00000000   Number         0  stubs.o ABSOLUTE
    __arm_fini_                               - Undefined Weak Reference
    __cpp_initialize__aeabi_                  - Undefined Weak Reference
    __cxa_finalize                            - Undefined Weak Reference
    __decompress                              - Undefined Weak Reference
    _clock_init                               - Undefined Weak Reference
    _microlib_exit                            - Undefined Weak Reference
    __Vectors_Size                           0x00000130   Number         0  startup_stm32f103xe.o ABSOLUTE
    __Vectors                                0x08000000   Data           4  startup_stm32f103xe.o(RESET)
    __Vectors_End                            0x08000130   Data           0  startup_stm32f103xe.o(RESET)
    __main                                   0x08000131   Thumb Code     0  entry.o(.ARM.Collect$$$$00000000)
    _main_stk                                0x08000131   Thumb Code     0  entry2.o(.ARM.Collect$$$$00000001)
    _main_scatterload                        0x08000135   Thumb Code     0  entry5.o(.ARM.Collect$$$$00000004)
    __main_after_scatterload                 0x08000139   Thumb Code     0  entry5.o(.ARM.Collect$$$$00000004)
    _main_clock                              0x08000139   Thumb Code     0  entry7b.o(.ARM.Collect$$$$00000008)
    _main_cpp_init                           0x08000139   Thumb Code     0  entry8b.o(.ARM.Collect$$$$0000000A)
    _main_init                               0x08000139   Thumb Code     0  entry9a.o(.ARM.Collect$$$$0000000B)
    __rt_lib_shutdown_fini                   0x08000141   Thumb Code     0  entry12b.o(.ARM.Collect$$$$0000000E)
    __rt_final_cpp                           0x08000145   Thumb Code     0  entry10a.o(.ARM.Collect$$$$0000000F)
    __rt_final_exit                          0x08000145   Thumb Code     0  entry11a.o(.ARM.Collect$$$$00000011)
    Reset_Handler                            0x08000149   Thumb Code     8  startup_stm32f103xe.o(.text)
    ADC1_2_IRQHandler                        0x08000163   Thumb Code     0  startup_stm32f103xe.o(.text)
    ADC3_IRQHandler                          0x08000163   Thumb Code     0  startup_stm32f103xe.o(.text)
    CAN1_RX1_IRQHandler                      0x08000163   Thumb Code     0  startup_stm32f103xe.o(.text)
    CAN1_SCE_IRQHandler                      0x08000163   Thumb Code     0  startup_stm32f103xe.o(.text)
    DMA1_Channel1_IRQHandler                 0x08000163   Thumb Code     0  startup_stm32f103xe.o(.text)
    DMA1_Channel2_IRQHandler                 0x08000163   Thumb Code     0  startup_stm32f103xe.o(.text)
    DMA1_Channel3_IRQHandler                 0x08000163   Thumb Code     0  startup_stm32f103xe.o(.text)
    DMA1_Channel4_IRQHandler                 0x08000163   Thumb Code     0  startup_stm32f103xe.o(.text)
    DMA1_Channel5_IRQHandler                 0x08000163   Thumb Code     0  startup_stm32f103xe.o(.text)
    DMA1_Channel7_IRQHandler                 0x08000163   Thumb Code     0  startup_stm32f103xe.o(.text)
    DMA2_Channel1_IRQHandler                 0x08000163   Thumb Code     0  startup_stm32f103xe.o(.text)
    DMA2_Channel2_IRQHandler                 0x08000163   Thumb Code     0  startup_stm32f103xe.o(.text)
    DMA2_Channel3_IRQHandler                 0x08000163   Thumb Code     0  startup_stm32f103xe.o(.text)
    DMA2_Channel4_5_IRQHandler               0x08000163   Thumb Code     0  startup_stm32f103xe.o(.text)
    EXTI0_IRQHandler                         0x08000163   Thumb Code     0  startup_stm32f103xe.o(.text)
    EXTI15_10_IRQHandler                     0x08000163   Thumb Code     0  startup_stm32f103xe.o(.text)
    EXTI1_IRQHandler                         0x08000163   Thumb Code     0  startup_stm32f103xe.o(.text)
    EXTI2_IRQHandler                         0x08000163   Thumb Code     0  startup_stm32f103xe.o(.text)
    EXTI3_IRQHandler                         0x08000163   Thumb Code     0  startup_stm32f103xe.o(.text)
    EXTI4_IRQHandler                         0x08000163   Thumb Code     0  startup_stm32f103xe.o(.text)
    EXTI9_5_IRQHandler                       0x08000163   Thumb Code     0  startup_stm32f103xe.o(.text)
    FLASH_IRQHandler                         0x08000163   Thumb Code     0  startup_stm32f103xe.o(.text)
    FSMC_IRQHandler                          0x08000163   Thumb Code     0  startup_stm32f103xe.o(.text)
    I2C1_ER_IRQHandler                       0x08000163   Thumb Code     0  startup_stm32f103xe.o(.text)
    I2C1_EV_IRQHandler                       0x08000163   Thumb Code     0  startup_stm32f103xe.o(.text)
    I2C2_ER_IRQHandler                       0x08000163   Thumb Code     0  startup_stm32f103xe.o(.text)
    I2C2_EV_IRQHandler                       0x08000163   Thumb Code     0  startup_stm32f103xe.o(.text)
    PVD_IRQHandler                           0x08000163   Thumb Code     0  startup_stm32f103xe.o(.text)
    RCC_IRQHandler                           0x08000163   Thumb Code     0  startup_stm32f103xe.o(.text)
    RTC_Alarm_IRQHandler                     0x08000163   Thumb Code     0  startup_stm32f103xe.o(.text)
    RTC_IRQHandler                           0x08000163   Thumb Code     0  startup_stm32f103xe.o(.text)
    SDIO_IRQHandler                          0x08000163   Thumb Code     0  startup_stm32f103xe.o(.text)
    SPI1_IRQHandler                          0x08000163   Thumb Code     0  startup_stm32f103xe.o(.text)
    SPI2_IRQHandler                          0x08000163   Thumb Code     0  startup_stm32f103xe.o(.text)
    SPI3_IRQHandler                          0x08000163   Thumb Code     0  startup_stm32f103xe.o(.text)
    TAMPER_IRQHandler                        0x08000163   Thumb Code     0  startup_stm32f103xe.o(.text)
    TIM1_BRK_IRQHandler                      0x08000163   Thumb Code     0  startup_stm32f103xe.o(.text)
    TIM1_CC_IRQHandler                       0x08000163   Thumb Code     0  startup_stm32f103xe.o(.text)
    TIM1_TRG_COM_IRQHandler                  0x08000163   Thumb Code     0  startup_stm32f103xe.o(.text)
    TIM1_UP_IRQHandler                       0x08000163   Thumb Code     0  startup_stm32f103xe.o(.text)
    TIM3_IRQHandler                          0x08000163   Thumb Code     0  startup_stm32f103xe.o(.text)
    TIM4_IRQHandler                          0x08000163   Thumb Code     0  startup_stm32f103xe.o(.text)
    TIM5_IRQHandler                          0x08000163   Thumb Code     0  startup_stm32f103xe.o(.text)
    TIM6_IRQHandler                          0x08000163   Thumb Code     0  startup_stm32f103xe.o(.text)
    TIM7_IRQHandler                          0x08000163   Thumb Code     0  startup_stm32f103xe.o(.text)
    TIM8_BRK_IRQHandler                      0x08000163   Thumb Code     0  startup_stm32f103xe.o(.text)
    TIM8_CC_IRQHandler                       0x08000163   Thumb Code     0  startup_stm32f103xe.o(.text)
    TIM8_TRG_COM_IRQHandler                  0x08000163   Thumb Code     0  startup_stm32f103xe.o(.text)
    TIM8_UP_IRQHandler                       0x08000163   Thumb Code     0  startup_stm32f103xe.o(.text)
    UART4_IRQHandler                         0x08000163   Thumb Code     0  startup_stm32f103xe.o(.text)
    UART5_IRQHandler                         0x08000163   Thumb Code     0  startup_stm32f103xe.o(.text)
    USART1_IRQHandler                        0x08000163   Thumb Code     0  startup_stm32f103xe.o(.text)
    USBWakeUp_IRQHandler                     0x08000163   Thumb Code     0  startup_stm32f103xe.o(.text)
    USB_HP_CAN1_TX_IRQHandler                0x08000163   Thumb Code     0  startup_stm32f103xe.o(.text)
    USB_LP_CAN1_RX0_IRQHandler               0x08000163   Thumb Code     0  startup_stm32f103xe.o(.text)
    WWDG_IRQHandler                          0x08000163   Thumb Code     0  startup_stm32f103xe.o(.text)
    __aeabi_llsr                             0x0800016d   Thumb Code    32  llushr.o(.text)
    _ll_ushift_r                             0x0800016d   Thumb Code     0  llushr.o(.text)
    __aeabi_memcpy                           0x0800018d   Thumb Code    36  memcpya.o(.text)
    __aeabi_memcpy4                          0x0800018d   Thumb Code     0  memcpya.o(.text)
    __aeabi_memcpy8                          0x0800018d   Thumb Code     0  memcpya.o(.text)
    __aeabi_memset                           0x080001b1   Thumb Code    14  memseta.o(.text)
    __aeabi_memset4                          0x080001b1   Thumb Code     0  memseta.o(.text)
    __aeabi_memset8                          0x080001b1   Thumb Code     0  memseta.o(.text)
    __aeabi_memclr                           0x080001bf   Thumb Code     4  memseta.o(.text)
    __aeabi_memclr4                          0x080001bf   Thumb Code     0  memseta.o(.text)
    __aeabi_memclr8                          0x080001bf   Thumb Code     0  memseta.o(.text)
    _memset$wrapper                          0x080001c3   Thumb Code    18  memseta.o(.text)
    strchr                                   0x080001d5   Thumb Code    20  strchr.o(.text)
    strcmp                                   0x080001e9   Thumb Code    28  strcmp.o(.text)
    atoi                                     0x08000205   Thumb Code    26  atoi.o(.text)
    __aeabi_fadd                             0x0800021f   Thumb Code   164  fadd.o(.text)
    __aeabi_fsub                             0x080002c3   Thumb Code     6  fadd.o(.text)
    __aeabi_frsub                            0x080002c9   Thumb Code     6  fadd.o(.text)
    __aeabi_fmul                             0x080002cf   Thumb Code   100  fmul.o(.text)
    __aeabi_fdiv                             0x08000333   Thumb Code   124  fdiv.o(.text)
    __ARM_scalbnf                            0x080003af   Thumb Code    24  fscalb.o(.text)
    scalbnf                                  0x080003af   Thumb Code     0  fscalb.o(.text)
    __aeabi_i2f                              0x080003c7   Thumb Code    18  fflti.o(.text)
    __aeabi_ui2f                             0x080003d9   Thumb Code    10  ffltui.o(.text)
    __aeabi_f2iz                             0x080003e3   Thumb Code    50  ffixi.o(.text)
    __aeabi_f2uiz                            0x08000415   Thumb Code    40  ffixui.o(.text)
    __aeabi_f2d                              0x0800043d   Thumb Code    38  f2d.o(.text)
    __aeabi_d2f                              0x08000463   Thumb Code    56  d2f.o(.text)
    __aeabi_cfrcmple                         0x0800049d   Thumb Code    20  cfrcmple.o(.text)
    __aeabi_uidiv                            0x080004b1   Thumb Code     0  uidiv.o(.text)
    __aeabi_uidivmod                         0x080004b1   Thumb Code    44  uidiv.o(.text)
    __aeabi_uldivmod                         0x080004dd   Thumb Code    98  uldiv.o(.text)
    __strtod_int                             0x08000577   Thumb Code    90  strtod.o(.text)
    strtol                                   0x080005dd   Thumb Code   112  strtol.o(.text)
    __I$use$fp                               0x0800064d   Thumb Code     0  iusefp.o(.text)
    _float_round                             0x0800064d   Thumb Code    18  fepilogue.o(.text)
    _float_epilogue                          0x0800065f   Thumb Code    92  fepilogue.o(.text)
    _fsqrt                                   0x080006bb   Thumb Code    94  fsqrt.o(.text)
    __aeabi_dadd                             0x08000719   Thumb Code   322  dadd.o(.text)
    __aeabi_dsub                             0x0800085b   Thumb Code     6  dadd.o(.text)
    __aeabi_drsub                            0x08000861   Thumb Code     6  dadd.o(.text)
    __aeabi_dmul                             0x08000867   Thumb Code   228  dmul.o(.text)
    __aeabi_ddiv                             0x0800094b   Thumb Code   222  ddiv.o(.text)
    __aeabi_d2ulz                            0x08000a29   Thumb Code    48  dfixul.o(.text)
    __aeabi_cdrcmple                         0x08000a59   Thumb Code    48  cdrcmple.o(.text)
    __scatterload                            0x08000a89   Thumb Code    28  init.o(.text)
    __scatterload_rt2                        0x08000a89   Thumb Code     0  init.o(.text)
    __aeabi_llsl                             0x08000aad   Thumb Code    30  llshl.o(.text)
    _ll_shift_l                              0x08000aad   Thumb Code     0  llshl.o(.text)
    __aeabi_lasr                             0x08000acb   Thumb Code    36  llsshr.o(.text)
    _ll_sshift_r                             0x08000acb   Thumb Code     0  llsshr.o(.text)
    __rt_ctype_table                         0x08000af1   Thumb Code     4  ctype_o.o(.text)
    isspace                                  0x08000af9   Thumb Code    18  isspace_o.o(.text)
    _scanf_real                              0x08000c35   Thumb Code     0  scanf_fp.o(.text)
    _scanf_really_real                       0x08000c35   Thumb Code   556  scanf_fp.o(.text)
    _sgetc                                   0x08000e6d   Thumb Code    30  _sgetc.o(.text)
    _sbackspace                              0x08000e8b   Thumb Code    34  _sgetc.o(.text)
    _strtoul                                 0x08000ead   Thumb Code   158  _strtoul.o(.text)
    _double_round                            0x08000f4b   Thumb Code    30  depilogue.o(.text)
    _double_epilogue                         0x08000f69   Thumb Code   156  depilogue.o(.text)
    _chval                                   0x08001005   Thumb Code    28  _chval.o(.text)
    __aeabi_ul2d                             0x08001021   Thumb Code    24  dfltul.o(.text)
    BusFault_Handler                         0x08001039   Thumb Code     2  stm32f1xx_it.o(i.BusFault_Handler)
    DMA1_Channel6_IRQHandler                 0x08001055   Thumb Code     6  stm32f1xx_it.o(i.DMA1_Channel6_IRQHandler)
    DebugMon_Handler                         0x0800108b   Thumb Code     2  stm32f1xx_it.o(i.DebugMon_Handler)
    Error_Handler                            0x0800108d   Thumb Code     4  main.o(i.Error_Handler)
    HAL_DMA_Abort                            0x080010c3   Thumb Code    70  stm32f1xx_hal_dma.o(i.HAL_DMA_Abort)
    HAL_DMA_Abort_IT                         0x08001109   Thumb Code   296  stm32f1xx_hal_dma.o(i.HAL_DMA_Abort_IT)
    HAL_DMA_GetError                         0x08001239   Thumb Code     4  stm32f1xx_hal_dma.o(i.HAL_DMA_GetError)
    HAL_DMA_IRQHandler                       0x0800123d   Thumb Code   552  stm32f1xx_hal_dma.o(i.HAL_DMA_IRQHandler)
    HAL_DMA_Init                             0x08001485   Thumb Code   112  stm32f1xx_hal_dma.o(i.HAL_DMA_Init)
    HAL_DMA_Start_IT                         0x08001501   Thumb Code   112  stm32f1xx_hal_dma.o(i.HAL_DMA_Start_IT)
    HAL_Delay                                0x08001571   Thumb Code    32  stm32f1xx_hal.o(i.HAL_Delay)
    HAL_GPIO_Init                            0x08001595   Thumb Code   462  stm32f1xx_hal_gpio.o(i.HAL_GPIO_Init)
    HAL_GPIO_ReadPin                         0x0800178d   Thumb Code    10  stm32f1xx_hal_gpio.o(i.HAL_GPIO_ReadPin)
    HAL_GPIO_WritePin                        0x08001797   Thumb Code    10  stm32f1xx_hal_gpio.o(i.HAL_GPIO_WritePin)
    HAL_GetTick                              0x080017a1   Thumb Code     6  stm32f1xx_hal.o(i.HAL_GetTick)
    HAL_I2C_Init                             0x080017ad   Thumb Code   376  stm32f1xx_hal_i2c.o(i.HAL_I2C_Init)
    HAL_I2C_Master_Transmit                  0x08001935   Thumb Code   290  stm32f1xx_hal_i2c.o(i.HAL_I2C_Master_Transmit)
    HAL_I2C_MspInit                          0x08001a61   Thumb Code    80  i2c.o(i.HAL_I2C_MspInit)
    HAL_IncTick                              0x08001abd   Thumb Code    12  stm32f1xx_hal.o(i.HAL_IncTick)
    HAL_Init                                 0x08001acd   Thumb Code    32  stm32f1xx_hal.o(i.HAL_Init)
    HAL_InitTick                             0x08001af1   Thumb Code    54  stm32f1xx_hal.o(i.HAL_InitTick)
    HAL_MspInit                              0x08001b31   Thumb Code    52  stm32f1xx_hal_msp.o(i.HAL_MspInit)
    HAL_NVIC_EnableIRQ                       0x08001b6d   Thumb Code    26  stm32f1xx_hal_cortex.o(i.HAL_NVIC_EnableIRQ)
    HAL_NVIC_SetPriority                     0x08001b89   Thumb Code    60  stm32f1xx_hal_cortex.o(i.HAL_NVIC_SetPriority)
    HAL_NVIC_SetPriorityGrouping             0x08001bc9   Thumb Code    26  stm32f1xx_hal_cortex.o(i.HAL_NVIC_SetPriorityGrouping)
    HAL_RCC_ClockConfig                      0x08001bed   Thumb Code   280  stm32f1xx_hal_rcc.o(i.HAL_RCC_ClockConfig)
    HAL_RCC_GetPCLK1Freq                     0x08001d19   Thumb Code    20  stm32f1xx_hal_rcc.o(i.HAL_RCC_GetPCLK1Freq)
    HAL_RCC_GetPCLK2Freq                     0x08001d39   Thumb Code    20  stm32f1xx_hal_rcc.o(i.HAL_RCC_GetPCLK2Freq)
    HAL_RCC_GetSysClockFreq                  0x08001d59   Thumb Code    58  stm32f1xx_hal_rcc.o(i.HAL_RCC_GetSysClockFreq)
    HAL_RCC_OscConfig                        0x08001da5   Thumb Code   778  stm32f1xx_hal_rcc.o(i.HAL_RCC_OscConfig)
    HAL_SYSTICK_Config                       0x080020c5   Thumb Code    40  stm32f1xx_hal_cortex.o(i.HAL_SYSTICK_Config)
    HAL_TIMEx_BreakCallback                  0x080020ed   Thumb Code     2  stm32f1xx_hal_tim_ex.o(i.HAL_TIMEx_BreakCallback)
    HAL_TIMEx_CommutCallback                 0x080020ef   Thumb Code     2  stm32f1xx_hal_tim_ex.o(i.HAL_TIMEx_CommutCallback)
    HAL_TIMEx_MasterConfigSynchronization    0x080020f1   Thumb Code   104  stm32f1xx_hal_tim_ex.o(i.HAL_TIMEx_MasterConfigSynchronization)
    HAL_TIM_Base_Init                        0x0800216d   Thumb Code    90  stm32f1xx_hal_tim.o(i.HAL_TIM_Base_Init)
    HAL_TIM_Base_MspInit                     0x080021c9   Thumb Code    50  tim.o(i.HAL_TIM_Base_MspInit)
    HAL_TIM_ConfigClockSource                0x08002201   Thumb Code   220  stm32f1xx_hal_tim.o(i.HAL_TIM_ConfigClockSource)
    HAL_TIM_IC_CaptureCallback               0x080022dd   Thumb Code     2  stm32f1xx_hal_tim.o(i.HAL_TIM_IC_CaptureCallback)
    HAL_TIM_IRQHandler                       0x080022df   Thumb Code   304  stm32f1xx_hal_tim.o(i.HAL_TIM_IRQHandler)
    HAL_TIM_OC_DelayElapsedCallback          0x0800240f   Thumb Code     2  stm32f1xx_hal_tim.o(i.HAL_TIM_OC_DelayElapsedCallback)
    HAL_TIM_PWM_PulseFinishedCallback        0x08002411   Thumb Code     2  stm32f1xx_hal_tim.o(i.HAL_TIM_PWM_PulseFinishedCallback)
    HAL_TIM_PeriodElapsedCallback            0x08002413   Thumb Code     2  stm32f1xx_hal_tim.o(i.HAL_TIM_PeriodElapsedCallback)
    HAL_TIM_TriggerCallback                  0x08002415   Thumb Code     2  stm32f1xx_hal_tim.o(i.HAL_TIM_TriggerCallback)
    HAL_UARTEx_ReceiveToIdle_DMA             0x08002417   Thumb Code    74  stm32f1xx_hal_uart.o(i.HAL_UARTEx_ReceiveToIdle_DMA)
    HAL_UARTEx_RxEventCallback               0x08002461   Thumb Code    52  vision.o(i.HAL_UARTEx_RxEventCallback)
    HAL_UART_AbortReceive                    0x080024a1   Thumb Code   148  stm32f1xx_hal_uart.o(i.HAL_UART_AbortReceive)
    HAL_UART_ErrorCallback                   0x08002535   Thumb Code     2  stm32f1xx_hal_uart.o(i.HAL_UART_ErrorCallback)
    HAL_UART_IRQHandler                      0x08002539   Thumb Code   616  stm32f1xx_hal_uart.o(i.HAL_UART_IRQHandler)
    HAL_UART_Init                            0x080027a5   Thumb Code   100  stm32f1xx_hal_uart.o(i.HAL_UART_Init)
    HAL_UART_MspInit                         0x08002809   Thumb Code   316  usart.o(i.HAL_UART_MspInit)
    HAL_UART_Receive                         0x08002965   Thumb Code   176  stm32f1xx_hal_uart.o(i.HAL_UART_Receive)
    HAL_UART_RxCpltCallback                  0x08002a15   Thumb Code     2  stm32f1xx_hal_uart.o(i.HAL_UART_RxCpltCallback)
    HAL_UART_RxHalfCpltCallback              0x08002a17   Thumb Code     2  stm32f1xx_hal_uart.o(i.HAL_UART_RxHalfCpltCallback)
    HAL_UART_Transmit                        0x08002a19   Thumb Code   160  stm32f1xx_hal_uart.o(i.HAL_UART_Transmit)
    HAL_UART_TxCpltCallback                  0x08002ab9   Thumb Code     2  stm32f1xx_hal_uart.o(i.HAL_UART_TxCpltCallback)
    HardFault_Handler                        0x08002abb   Thumb Code     2  stm32f1xx_it.o(i.HardFault_Handler)
    MX_DMA_Init                              0x08002e0d   Thumb Code    40  dma.o(i.MX_DMA_Init)
    MX_GPIO_Init                             0x08002e39   Thumb Code   212  gpio.o(i.MX_GPIO_Init)
    MX_I2C1_Init                             0x08002f1d   Thumb Code    50  i2c.o(i.MX_I2C1_Init)
    MX_TIM2_Init                             0x08002f5d   Thumb Code    98  tim.o(i.MX_TIM2_Init)
    MX_USART1_UART_Init                      0x08002fc5   Thumb Code    48  usart.o(i.MX_USART1_UART_Init)
    MX_USART2_UART_Init                      0x08002ffd   Thumb Code    48  usart.o(i.MX_USART2_UART_Init)
    MX_USART3_UART_Init                      0x08003035   Thumb Code    48  usart.o(i.MX_USART3_UART_Init)
    MemManage_Handler                        0x0800306d   Thumb Code     2  stm32f1xx_it.o(i.MemManage_Handler)
    NMI_Handler                              0x0800306f   Thumb Code     2  stm32f1xx_it.o(i.NMI_Handler)
    OLED_Clear                               0x08003071   Thumb Code    10  oled.o(i.OLED_Clear)
    OLED_Init                                0x080031d5   Thumb Code   188  oled.o(i.OLED_Init)
    OLED_Menu_Clear                          0x08003291   Thumb Code     4  route_menu_port.o(i.OLED_Menu_Clear)
    OLED_Menu_Init                           0x08003295   Thumb Code    18  route_menu_port.o(i.OLED_Menu_Init)
    OLED_Menu_Refresh                        0x080032a7   Thumb Code     4  route_menu_port.o(i.OLED_Menu_Refresh)
    OLED_Menu_ShowLine                       0x080032ab   Thumb Code     4  route_menu_port.o(i.OLED_Menu_ShowLine)
    OLED_Refresh                             0x080032b1   Thumb Code   128  oled.o(i.OLED_Refresh)
    OLED_ShowChar                            0x08003339   Thumb Code    46  oled.o(i.OLED_ShowChar)
    OLED_ShowLine                            0x0800336d   Thumb Code    16  oled.o(i.OLED_ShowLine)
    OLED_ShowString                          0x0800337d   Thumb Code    36  oled.o(i.OLED_ShowString)
    PendSV_Handler                           0x080033cd   Thumb Code     2  stm32f1xx_it.o(i.PendSV_Handler)
    RouteMenu_GetOrder                       0x080035a9   Thumb Code    20  route_menu.o(i.RouteMenu_GetOrder)
    RouteMenu_Init                           0x080035c1   Thumb Code    60  route_menu.o(i.RouteMenu_Init)
    RouteMenu_IsReady                        0x08003601   Thumb Code     6  route_menu.o(i.RouteMenu_IsReady)
    RouteMenu_Reset                          0x0800360d   Thumb Code    46  route_menu.o(i.RouteMenu_Reset)
    RouteMenu_Task_10ms                      0x08003641   Thumb Code   224  route_menu.o(i.RouteMenu_Task_10ms)
    SVC_Handler                              0x08003729   Thumb Code     2  stm32f1xx_it.o(i.SVC_Handler)
    SysTick_Handler                          0x080037e9   Thumb Code     4  stm32f1xx_it.o(i.SysTick_Handler)
    SystemClock_Config                       0x080037ed   Thumb Code    94  main.o(i.SystemClock_Config)
    SystemInit                               0x0800384b   Thumb Code     2  system_stm32f1xx.o(i.SystemInit)
    TIM2_IRQHandler                          0x0800384d   Thumb Code     6  stm32f1xx_it.o(i.TIM2_IRQHandler)
    TIM_Base_SetConfig                       0x08003859   Thumb Code   134  stm32f1xx_hal_tim.o(i.TIM_Base_SetConfig)
    TIM_ETR_SetConfig                        0x080038f5   Thumb Code    20  stm32f1xx_hal_tim.o(i.TIM_ETR_SetConfig)
    Task_Init                                0x08003961   Thumb Code    42  task.o(i.Task_Init)
    Task_Loop                                0x08003991   Thumb Code   120  task.o(i.Task_Loop)
    UART_Start_Receive_DMA                   0x08003f11   Thumb Code   130  stm32f1xx_hal_uart.o(i.UART_Start_Receive_DMA)
    USART2_IRQHandler                        0x08004015   Thumb Code     6  stm32f1xx_it.o(i.USART2_IRQHandler)
    USART3_IRQHandler                        0x08004021   Thumb Code     6  stm32f1xx_it.o(i.USART3_IRQHandler)
    UsageFault_Handler                       0x08004061   Thumb Code     2  stm32f1xx_it.o(i.UsageFault_Handler)
    __0printf                                0x08004065   Thumb Code    22  printfa.o(i.__0printf)
    __1printf                                0x08004065   Thumb Code     0  printfa.o(i.__0printf)
    __2printf                                0x08004065   Thumb Code     0  printfa.o(i.__0printf)
    __c89printf                              0x08004065   Thumb Code     0  printfa.o(i.__0printf)
    printf                                   0x08004065   Thumb Code     0  printfa.o(i.__0printf)
    __0snprintf                              0x08004085   Thumb Code    48  printfa.o(i.__0snprintf)
    __1snprintf                              0x08004085   Thumb Code     0  printfa.o(i.__0snprintf)
    __2snprintf                              0x08004085   Thumb Code     0  printfa.o(i.__0snprintf)
    __c89snprintf                            0x08004085   Thumb Code     0  printfa.o(i.__0snprintf)
    snprintf                                 0x08004085   Thumb Code     0  printfa.o(i.__0snprintf)
    __aeabi_errno_addr                       0x080040d9   Thumb Code     4  errno.o(i.__aeabi_errno_addr)
    __rt_errno_addr                          0x080040d9   Thumb Code     0  errno.o(i.__aeabi_errno_addr)
    __read_errno                             0x080040e1   Thumb Code     6  errno.o(i.__read_errno)
    __scatterload_copy                       0x080040ed   Thumb Code    14  handlers.o(i.__scatterload_copy)
    __scatterload_null                       0x080040fb   Thumb Code     2  handlers.o(i.__scatterload_null)
    __scatterload_zeroinit                   0x080040fd   Thumb Code    14  handlers.o(i.__scatterload_zeroinit)
    __set_errno                              0x0800410d   Thumb Code     6  errno.o(i.__set_errno)
    _is_digit                                0x0800429d   Thumb Code    14  scanf_fp.o(i._is_digit)
    atof                                     0x080049c9   Thumb Code    42  atof.o(i.atof)
    fputc                                    0x08004a41   Thumb Code    18  main.o(i.fputc)
    kin_fk                                   0x08004a59   Thumb Code   438  kinematics.o(i.kin_fk)
    kin_home_len                             0x08004c1d   Thumb Code    22  kinematics.o(i.kin_home_len)
    kin_ik                                   0x08004c35   Thumb Code   108  kinematics.o(i.kin_ik)
    kin_in_range                             0x08004ca9   Thumb Code    26  kinematics.o(i.kin_in_range)
    main                                     0x08004cc9   Thumb Code    50  main.o(i.main)
    modbus_crc16                             0x08004dbd   Thumb Code    50  motor.o(i.modbus_crc16)
    motion_enable_all                        0x08004def   Thumb Code    40  motion.o(i.motion_enable_all)
    motion_get_pos                           0x08004e19   Thumb Code    12  motion.o(i.motion_get_pos)
    motion_init                              0x08004e29   Thumb Code    44  motion.o(i.motion_init)
    motion_move_to                           0x08004e5d   Thumb Code   662  motion.o(i.motion_move_to)
    motion_set_home                          0x08005235   Thumb Code    90  motion.o(i.motion_set_home)
    motor_enable                             0x080052c1   Thumb Code    88  motor.o(i.motor_enable)
    motor_move_pos                           0x08005319   Thumb Code   110  motor.o(i.motor_move_pos)
    motor_read_position                      0x08005387   Thumb Code    88  motor.o(i.motor_read_position)
    motor_result_str                         0x080053e1   Thumb Code    38  motor.o(i.motor_result_str)
    motor_sync_trigger                       0x08005435   Thumb Code    78  motor.o(i.motor_sync_trigger)
    motor_zero_position                      0x08005489   Thumb Code    50  motor.o(i.motor_zero_position)
    sqrtf                                    0x080055ad   Thumb Code    44  sqrtf.o(i.sqrtf)
    vision_init                              0x080055d9   Thumb Code    48  vision.o(i.vision_init)
    AHBPrescTable                            0x0800578e   Data          16  system_stm32f1xx.o(.constdata)
    APBPrescTable                            0x0800579e   Data           8  system_stm32f1xx.o(.constdata)
    __ctype_table                            0x080057a6   Data         129  ctype_o.o(.constdata)
    Region$$Table$$Base                      0x08005840   Number         0  anon$$obj.o(Region$$Table)
    Region$$Table$$Limit                     0x08005860   Number         0  anon$$obj.o(Region$$Table)
    uwTickFreq                               0x20000044   Data           1  stm32f1xx_hal.o(.data)
    uwTickPrio                               0x20000048   Data           4  stm32f1xx_hal.o(.data)
    uwTick                                   0x2000004c   Data           4  stm32f1xx_hal.o(.data)
    SystemCoreClock                          0x20000050   Data           4  system_stm32f1xx.o(.data)
    __stdout                                 0x20000054   Data           4  stdout.o(.data)
    hi2c1                                    0x2000005c   Data          84  i2c.o(.bss)
    htim2                                    0x200000b0   Data          72  tim.o(.bss)
    huart1                                   0x200000f8   Data          72  usart.o(.bss)
    huart2                                   0x20000140   Data          72  usart.o(.bss)
    huart3                                   0x20000188   Data          72  usart.o(.bss)
    hdma_usart2_rx                           0x200001d0   Data          68  usart.o(.bss)
    g_vision                                 0x20000344   Data          68  vision.o(.bss)
    __initial_sp                             0x20000ba8   Data           0  startup_stm32f103xe.o(STACK)



==============================================================================

Memory Map of the image

  Image Entry point : 0x08000131

  Load Region LR_IROM1 (Base: 0x08000000, Size: 0x000058bc, Max: 0x00040000, ABSOLUTE)

    Execution Region ER_IROM1 (Exec base: 0x08000000, Load base: 0x08000000, Size: 0x00005860, Max: 0x00040000, ABSOLUTE)

    Exec Addr    Load Addr    Size         Type   Attr      Idx    E Section Name        Object

    0x08000000   0x08000000   0x00000130   Data   RO            3    RESET               startup_stm32f103xe.o
    0x08000130   0x08000130   0x00000000   Code   RO         3889  * .ARM.Collect$$$$00000000  mc_w.l(entry.o)
    0x08000130   0x08000130   0x00000004   Code   RO         4191    .ARM.Collect$$$$00000001  mc_w.l(entry2.o)
    0x08000134   0x08000134   0x00000004   Code   RO         4194    .ARM.Collect$$$$00000004  mc_w.l(entry5.o)
    0x08000138   0x08000138   0x00000000   Code   RO         4196    .ARM.Collect$$$$00000008  mc_w.l(entry7b.o)
    0x08000138   0x08000138   0x00000000   Code   RO         4198    .ARM.Collect$$$$0000000A  mc_w.l(entry8b.o)
    0x08000138   0x08000138   0x00000008   Code   RO         4199    .ARM.Collect$$$$0000000B  mc_w.l(entry9a.o)
    0x08000140   0x08000140   0x00000004   Code   RO         4206    .ARM.Collect$$$$0000000E  mc_w.l(entry12b.o)
    0x08000144   0x08000144   0x00000000   Code   RO         4201    .ARM.Collect$$$$0000000F  mc_w.l(entry10a.o)
    0x08000144   0x08000144   0x00000000   Code   RO         4203    .ARM.Collect$$$$00000011  mc_w.l(entry11a.o)
    0x08000144   0x08000144   0x00000004   Code   RO         4192    .ARM.Collect$$$$00002712  mc_w.l(entry2.o)
    0x08000148   0x08000148   0x00000024   Code   RO            4    .text               startup_stm32f103xe.o
    0x0800016c   0x0800016c   0x00000020   Code   RO         3892    .text               mc_w.l(llushr.o)
    0x0800018c   0x0800018c   0x00000024   Code   RO         3896    .text               mc_w.l(memcpya.o)
    0x080001b0   0x080001b0   0x00000024   Code   RO         3898    .text               mc_w.l(memseta.o)
    0x080001d4   0x080001d4   0x00000014   Code   RO         3900    .text               mc_w.l(strchr.o)
    0x080001e8   0x080001e8   0x0000001c   Code   RO         3902    .text               mc_w.l(strcmp.o)
    0x08000204   0x08000204   0x0000001a   Code   RO         4167    .text               mc_w.l(atoi.o)
    0x0800021e   0x0800021e   0x000000b0   Code   RO         4169    .text               mf_w.l(fadd.o)
    0x080002ce   0x080002ce   0x00000064   Code   RO         4171    .text               mf_w.l(fmul.o)
    0x08000332   0x08000332   0x0000007c   Code   RO         4173    .text               mf_w.l(fdiv.o)
    0x080003ae   0x080003ae   0x00000018   Code   RO         4175    .text               mf_w.l(fscalb.o)
    0x080003c6   0x080003c6   0x00000012   Code   RO         4177    .text               mf_w.l(fflti.o)
    0x080003d8   0x080003d8   0x0000000a   Code   RO         4179    .text               mf_w.l(ffltui.o)
    0x080003e2   0x080003e2   0x00000032   Code   RO         4181    .text               mf_w.l(ffixi.o)
    0x08000414   0x08000414   0x00000028   Code   RO         4183    .text               mf_w.l(ffixui.o)
    0x0800043c   0x0800043c   0x00000026   Code   RO         4185    .text               mf_w.l(f2d.o)
    0x08000462   0x08000462   0x00000038   Code   RO         4187    .text               mf_w.l(d2f.o)
    0x0800049a   0x0800049a   0x00000002   PAD
    0x0800049c   0x0800049c   0x00000014   Code   RO         4189    .text               mf_w.l(cfrcmple.o)
    0x080004b0   0x080004b0   0x0000002c   Code   RO         4208    .text               mc_w.l(uidiv.o)
    0x080004dc   0x080004dc   0x00000062   Code   RO         4210    .text               mc_w.l(uldiv.o)
    0x0800053e   0x0800053e   0x00000002   PAD
    0x08000540   0x08000540   0x0000009c   Code   RO         4219    .text               mc_w.l(strtod.o)
    0x080005dc   0x080005dc   0x00000070   Code   RO         4221    .text               mc_w.l(strtol.o)
    0x0800064c   0x0800064c   0x00000000   Code   RO         4223    .text               mc_w.l(iusefp.o)
    0x0800064c   0x0800064c   0x0000006e   Code   RO         4224    .text               mf_w.l(fepilogue.o)
    0x080006ba   0x080006ba   0x0000005e   Code   RO         4226    .text               mf_w.l(fsqrt.o)
    0x08000718   0x08000718   0x0000014e   Code   RO         4228    .text               mf_w.l(dadd.o)
    0x08000866   0x08000866   0x000000e4   Code   RO         4230    .text               mf_w.l(dmul.o)
    0x0800094a   0x0800094a   0x000000de   Code   RO         4232    .text               mf_w.l(ddiv.o)
    0x08000a28   0x08000a28   0x00000030   Code   RO         4234    .text               mf_w.l(dfixul.o)
    0x08000a58   0x08000a58   0x00000030   Code   RO         4236    .text               mf_w.l(cdrcmple.o)
    0x08000a88   0x08000a88   0x00000024   Code   RO         4238    .text               mc_w.l(init.o)
    0x08000aac   0x08000aac   0x0000001e   Code   RO         4240    .text               mc_w.l(llshl.o)
    0x08000aca   0x08000aca   0x00000024   Code   RO         4242    .text               mc_w.l(llsshr.o)
    0x08000aee   0x08000aee   0x00000002   PAD
    0x08000af0   0x08000af0   0x00000008   Code   RO         4246    .text               mc_w.l(ctype_o.o)
    0x08000af8   0x08000af8   0x00000012   Code   RO         4268    .text               mc_w.l(isspace_o.o)
    0x08000b0a   0x08000b0a   0x00000002   PAD
    0x08000b0c   0x08000b0c   0x00000360   Code   RO         4274    .text               mc_w.l(scanf_fp.o)
    0x08000e6c   0x08000e6c   0x00000040   Code   RO         4278    .text               mc_w.l(_sgetc.o)
    0x08000eac   0x08000eac   0x0000009e   Code   RO         4280    .text               mc_w.l(_strtoul.o)
    0x08000f4a   0x08000f4a   0x000000ba   Code   RO         4282    .text               mf_w.l(depilogue.o)
    0x08001004   0x08001004   0x0000001c   Code   RO         4287    .text               mc_w.l(_chval.o)
    0x08001020   0x08001020   0x00000018   Code   RO         4289    .text               mf_w.l(dfltul.o)
    0x08001038   0x08001038   0x00000002   Code   RO          385    i.BusFault_Handler  stm32f1xx_it.o
    0x0800103a   0x0800103a   0x00000002   PAD
    0x0800103c   0x0800103c   0x00000018   Code   RO          950    i.Clear_FromStep    route_menu.o
    0x08001054   0x08001054   0x0000000c   Code   RO          386    i.DMA1_Channel6_IRQHandler  stm32f1xx_it.o
    0x08001060   0x08001060   0x0000002a   Code   RO         1909    i.DMA_SetConfig     stm32f1xx_hal_dma.o
    0x0800108a   0x0800108a   0x00000002   Code   RO          387    i.DebugMon_Handler  stm32f1xx_it.o
    0x0800108c   0x0800108c   0x00000004   Code   RO           13    i.Error_Handler     main.o
    0x08001090   0x08001090   0x00000032   Code   RO          951    i.Find_Next_Selectable  route_menu.o
    0x080010c2   0x080010c2   0x00000046   Code   RO         1910    i.HAL_DMA_Abort     stm32f1xx_hal_dma.o
    0x08001108   0x08001108   0x00000130   Code   RO         1911    i.HAL_DMA_Abort_IT  stm32f1xx_hal_dma.o
    0x08001238   0x08001238   0x00000004   Code   RO         1913    i.HAL_DMA_GetError  stm32f1xx_hal_dma.o
    0x0800123c   0x0800123c   0x00000248   Code   RO         1915    i.HAL_DMA_IRQHandler  stm32f1xx_hal_dma.o
    0x08001484   0x08001484   0x0000007c   Code   RO         1916    i.HAL_DMA_Init      stm32f1xx_hal_dma.o
    0x08001500   0x08001500   0x00000070   Code   RO         1920    i.HAL_DMA_Start_IT  stm32f1xx_hal_dma.o
    0x08001570   0x08001570   0x00000024   Code   RO         1536    i.HAL_Delay         stm32f1xx_hal.o
    0x08001594   0x08001594   0x000001f8   Code   RO         1846    i.HAL_GPIO_Init     stm32f1xx_hal_gpio.o
    0x0800178c   0x0800178c   0x0000000a   Code   RO         1848    i.HAL_GPIO_ReadPin  stm32f1xx_hal_gpio.o
    0x08001796   0x08001796   0x0000000a   Code   RO         1850    i.HAL_GPIO_WritePin  stm32f1xx_hal_gpio.o
    0x080017a0   0x080017a0   0x0000000c   Code   RO         1540    i.HAL_GetTick       stm32f1xx_hal.o
    0x080017ac   0x080017ac   0x00000188   Code   RO         1103    i.HAL_I2C_Init      stm32f1xx_hal_i2c.o
    0x08001934   0x08001934   0x0000012c   Code   RO         1116    i.HAL_I2C_Master_Transmit  stm32f1xx_hal_i2c.o
    0x08001a60   0x08001a60   0x0000005c   Code   RO          248    i.HAL_I2C_MspInit   i2c.o
    0x08001abc   0x08001abc   0x00000010   Code   RO         1546    i.HAL_IncTick       stm32f1xx_hal.o
    0x08001acc   0x08001acc   0x00000024   Code   RO         1547    i.HAL_Init          stm32f1xx_hal.o
    0x08001af0   0x08001af0   0x00000040   Code   RO         1548    i.HAL_InitTick      stm32f1xx_hal.o
    0x08001b30   0x08001b30   0x0000003c   Code   RO          485    i.HAL_MspInit       stm32f1xx_hal_msp.o
    0x08001b6c   0x08001b6c   0x0000001a   Code   RO         2006    i.HAL_NVIC_EnableIRQ  stm32f1xx_hal_cortex.o
    0x08001b86   0x08001b86   0x00000002   PAD
    0x08001b88   0x08001b88   0x00000040   Code   RO         2012    i.HAL_NVIC_SetPriority  stm32f1xx_hal_cortex.o
    0x08001bc8   0x08001bc8   0x00000024   Code   RO         2013    i.HAL_NVIC_SetPriorityGrouping  stm32f1xx_hal_cortex.o
    0x08001bec   0x08001bec   0x0000012c   Code   RO         1704    i.HAL_RCC_ClockConfig  stm32f1xx_hal_rcc.o
    0x08001d18   0x08001d18   0x00000020   Code   RO         1711    i.HAL_RCC_GetPCLK1Freq  stm32f1xx_hal_rcc.o
    0x08001d38   0x08001d38   0x00000020   Code   RO         1712    i.HAL_RCC_GetPCLK2Freq  stm32f1xx_hal_rcc.o
    0x08001d58   0x08001d58   0x0000004c   Code   RO         1713    i.HAL_RCC_GetSysClockFreq  stm32f1xx_hal_rcc.o
    0x08001da4   0x08001da4   0x00000320   Code   RO         1716    i.HAL_RCC_OscConfig  stm32f1xx_hal_rcc.o
    0x080020c4   0x080020c4   0x00000028   Code   RO         2017    i.HAL_SYSTICK_Config  stm32f1xx_hal_cortex.o
    0x080020ec   0x080020ec   0x00000002   Code   RO         3212    i.HAL_TIMEx_BreakCallback  stm32f1xx_hal_tim_ex.o
    0x080020ee   0x080020ee   0x00000002   Code   RO         3213    i.HAL_TIMEx_CommutCallback  stm32f1xx_hal_tim_ex.o
    0x080020f0   0x080020f0   0x0000007c   Code   RO         3231    i.HAL_TIMEx_MasterConfigSynchronization  stm32f1xx_hal_tim_ex.o
    0x0800216c   0x0800216c   0x0000005a   Code   RO         2508    i.HAL_TIM_Base_Init  stm32f1xx_hal_tim.o
    0x080021c6   0x080021c6   0x00000002   PAD
    0x080021c8   0x080021c8   0x00000038   Code   RO          290    i.HAL_TIM_Base_MspInit  tim.o
    0x08002200   0x08002200   0x000000dc   Code   RO         2517    i.HAL_TIM_ConfigClockSource  stm32f1xx_hal_tim.o
    0x080022dc   0x080022dc   0x00000002   Code   RO         2542    i.HAL_TIM_IC_CaptureCallback  stm32f1xx_hal_tim.o
    0x080022de   0x080022de   0x00000130   Code   RO         2556    i.HAL_TIM_IRQHandler  stm32f1xx_hal_tim.o
    0x0800240e   0x0800240e   0x00000002   Code   RO         2559    i.HAL_TIM_OC_DelayElapsedCallback  stm32f1xx_hal_tim.o
    0x08002410   0x08002410   0x00000002   Code   RO         2586    i.HAL_TIM_PWM_PulseFinishedCallback  stm32f1xx_hal_tim.o
    0x08002412   0x08002412   0x00000002   Code   RO         2594    i.HAL_TIM_PeriodElapsedCallback  stm32f1xx_hal_tim.o
    0x08002414   0x08002414   0x00000002   Code   RO         2599    i.HAL_TIM_TriggerCallback  stm32f1xx_hal_tim.o
    0x08002416   0x08002416   0x0000004a   Code   RO         3489    i.HAL_UARTEx_ReceiveToIdle_DMA  stm32f1xx_hal_uart.o
    0x08002460   0x08002460   0x00000040   Code   RO          614    i.HAL_UARTEx_RxEventCallback  vision.o
    0x080024a0   0x080024a0   0x00000094   Code   RO         3494    i.HAL_UART_AbortReceive  stm32f1xx_hal_uart.o
    0x08002534   0x08002534   0x00000002   Code   RO         3505    i.HAL_UART_ErrorCallback  stm32f1xx_hal_uart.o
    0x08002536   0x08002536   0x00000002   PAD
    0x08002538   0x08002538   0x0000026c   Code   RO         3508    i.HAL_UART_IRQHandler  stm32f1xx_hal_uart.o
    0x080027a4   0x080027a4   0x00000064   Code   RO         3509    i.HAL_UART_Init     stm32f1xx_hal_uart.o
    0x08002808   0x08002808   0x0000015c   Code   RO          332    i.HAL_UART_MspInit  usart.o
    0x08002964   0x08002964   0x000000b0   Code   RO         3512    i.HAL_UART_Receive  stm32f1xx_hal_uart.o
    0x08002a14   0x08002a14   0x00000002   Code   RO         3515    i.HAL_UART_RxCpltCallback  stm32f1xx_hal_uart.o
    0x08002a16   0x08002a16   0x00000002   Code   RO         3516    i.HAL_UART_RxHalfCpltCallback  stm32f1xx_hal_uart.o
    0x08002a18   0x08002a18   0x000000a0   Code   RO         3517    i.HAL_UART_Transmit  stm32f1xx_hal_uart.o
    0x08002ab8   0x08002ab8   0x00000002   Code   RO         3520    i.HAL_UART_TxCpltCallback  stm32f1xx_hal_uart.o
    0x08002aba   0x08002aba   0x00000002   Code   RO          388    i.HardFault_Handler  stm32f1xx_it.o
    0x08002abc   0x08002abc   0x0000002e   Code   RO         1146    i.I2C_IsAcknowledgeFailed  stm32f1xx_hal_i2c.o
    0x08002aea   0x08002aea   0x00000002   PAD
    0x08002aec   0x08002aec   0x0000009c   Code   RO         1150    i.I2C_MasterRequestWrite  stm32f1xx_hal_i2c.o
    0x08002b88   0x08002b88   0x00000056   Code   RO         1161    i.I2C_WaitOnBTFFlagUntilTimeout  stm32f1xx_hal_i2c.o
    0x08002bde   0x08002bde   0x00000002   PAD
    0x08002be0   0x08002be0   0x00000090   Code   RO         1162    i.I2C_WaitOnFlagUntilTimeout  stm32f1xx_hal_i2c.o
    0x08002c70   0x08002c70   0x000000bc   Code   RO         1163    i.I2C_WaitOnMasterAddressFlagUntilTimeout  stm32f1xx_hal_i2c.o
    0x08002d2c   0x08002d2c   0x00000056   Code   RO         1165    i.I2C_WaitOnTXEFlagUntilTimeout  stm32f1xx_hal_i2c.o
    0x08002d82   0x08002d82   0x00000002   PAD
    0x08002d84   0x08002d84   0x00000020   Code   RO          790    i.Key0_Edge         task.o
    0x08002da4   0x08002da4   0x00000018   Code   RO          791    i.Key0_Raw          task.o
    0x08002dbc   0x08002dbc   0x00000010   Code   RO          952    i.Key_GetPressedEvent  route_menu.o
    0x08002dcc   0x08002dcc   0x00000010   Code   RO          953    i.Key_ReadRaw       route_menu.o
    0x08002ddc   0x08002ddc   0x0000002e   Code   RO          954    i.Key_Update        route_menu.o
    0x08002e0a   0x08002e0a   0x00000002   PAD
    0x08002e0c   0x08002e0c   0x0000002c   Code   RO          223    i.MX_DMA_Init       dma.o
    0x08002e38   0x08002e38   0x000000e4   Code   RO          199    i.MX_GPIO_Init      gpio.o
    0x08002f1c   0x08002f1c   0x00000040   Code   RO          249    i.MX_I2C1_Init      i2c.o
    0x08002f5c   0x08002f5c   0x00000068   Code   RO          291    i.MX_TIM2_Init      tim.o
    0x08002fc4   0x08002fc4   0x00000038   Code   RO          333    i.MX_USART1_UART_Init  usart.o
    0x08002ffc   0x08002ffc   0x00000038   Code   RO          334    i.MX_USART2_UART_Init  usart.o
    0x08003034   0x08003034   0x00000038   Code   RO          335    i.MX_USART3_UART_Init  usart.o
    0x0800306c   0x0800306c   0x00000002   Code   RO          389    i.MemManage_Handler  stm32f1xx_it.o
    0x0800306e   0x0800306e   0x00000002   Code   RO          390    i.NMI_Handler       stm32f1xx_it.o
    0x08003070   0x08003070   0x00000010   Code   RO          843    i.OLED_Clear        oled.o
    0x08003080   0x08003080   0x00000154   Code   RO          844    i.OLED_GetFont6x8   oled.o
    0x080031d4   0x080031d4   0x000000bc   Code   RO          845    i.OLED_Init         oled.o
    0x08003290   0x08003290   0x00000004   Code   RO          908    i.OLED_Menu_Clear   route_menu_port.o
    0x08003294   0x08003294   0x00000012   Code   RO          909    i.OLED_Menu_Init    route_menu_port.o
    0x080032a6   0x080032a6   0x00000004   Code   RO          910    i.OLED_Menu_Refresh  route_menu_port.o
    0x080032aa   0x080032aa   0x00000004   Code   RO          911    i.OLED_Menu_ShowLine  route_menu_port.o
    0x080032ae   0x080032ae   0x00000002   PAD
    0x080032b0   0x080032b0   0x00000088   Code   RO          846    i.OLED_Refresh      oled.o
    0x08003338   0x08003338   0x00000034   Code   RO          847    i.OLED_ShowChar     oled.o
    0x0800336c   0x0800336c   0x00000010   Code   RO          848    i.OLED_ShowLine     oled.o
    0x0800337c   0x0800337c   0x00000024   Code   RO          849    i.OLED_ShowString   oled.o
    0x080033a0   0x080033a0   0x0000002c   Code   RO          850    i.OLED_WriteCmd     oled.o
    0x080033cc   0x080033cc   0x00000002   Code   RO          391    i.PendSV_Handler    stm32f1xx_it.o
    0x080033ce   0x080033ce   0x00000002   PAD
    0x080033d0   0x080033d0   0x00000024   Code   RO          955    i.Point_UsedBeforeStep  route_menu.o
    0x080033f4   0x080033f4   0x000001b4   Code   RO          956    i.RouteMenu_Draw    route_menu.o
    0x080035a8   0x080035a8   0x00000018   Code   RO          957    i.RouteMenu_GetOrder  route_menu.o
    0x080035c0   0x080035c0   0x00000040   Code   RO          958    i.RouteMenu_Init    route_menu.o
    0x08003600   0x08003600   0x0000000c   Code   RO          959    i.RouteMenu_IsReady  route_menu.o
    0x0800360c   0x0800360c   0x00000034   Code   RO          960    i.RouteMenu_Reset   route_menu.o
    0x08003640   0x08003640   0x000000e8   Code   RO          961    i.RouteMenu_Task_10ms  route_menu.o
    0x08003728   0x08003728   0x00000002   Code   RO          392    i.SVC_Handler       stm32f1xx_it.o
    0x0800372a   0x0800372a   0x00000002   PAD
    0x0800372c   0x0800372c   0x0000004c   Code   RO          962    i.Save_Current_Step  route_menu.o
    0x08003778   0x08003778   0x00000058   Code   RO          963    i.Step_Backward     route_menu.o
    0x080037d0   0x080037d0   0x00000018   Code   RO          964    i.Step_IsFilled     route_menu.o
    0x080037e8   0x080037e8   0x00000004   Code   RO          393    i.SysTick_Handler   stm32f1xx_it.o
    0x080037ec   0x080037ec   0x0000005e   Code   RO           15    i.SystemClock_Config  main.o
    0x0800384a   0x0800384a   0x00000002   Code   RO         3843    i.SystemInit        system_stm32f1xx.o
    0x0800384c   0x0800384c   0x0000000c   Code   RO          394    i.TIM2_IRQHandler   stm32f1xx_it.o
    0x08003858   0x08003858   0x0000009c   Code   RO         2601    i.TIM_Base_SetConfig  stm32f1xx_hal_tim.o
    0x080038f4   0x080038f4   0x00000014   Code   RO         2612    i.TIM_ETR_SetConfig  stm32f1xx_hal_tim.o
    0x08003908   0x08003908   0x00000010   Code   RO         2613    i.TIM_ITRx_SetConfig  stm32f1xx_hal_tim.o
    0x08003918   0x08003918   0x00000022   Code   RO         2619    i.TIM_TI1_ConfigInputStage  stm32f1xx_hal_tim.o
    0x0800393a   0x0800393a   0x00000024   Code   RO         2621    i.TIM_TI2_ConfigInputStage  stm32f1xx_hal_tim.o
    0x0800395e   0x0800395e   0x00000002   PAD
    0x08003960   0x08003960   0x00000030   Code   RO          792    i.Task_Init         task.o
    0x08003990   0x08003990   0x00000094   Code   RO          793    i.Task_Loop         task.o
    0x08003a24   0x08003a24   0x00000100   Code   RO          794    i.Task_RunPatrol    task.o
    0x08003b24   0x08003b24   0x00000108   Code   RO          795    i.Task_ShowPos      task.o
    0x08003c2c   0x08003c2c   0x00000010   Code   RO         3522    i.UART_DMAAbortOnError  stm32f1xx_hal_uart.o
    0x08003c3c   0x08003c3c   0x0000004a   Code   RO         3523    i.UART_DMAError     stm32f1xx_hal_uart.o
    0x08003c86   0x08003c86   0x00000086   Code   RO         3524    i.UART_DMAReceiveCplt  stm32f1xx_hal_uart.o
    0x08003d0c   0x08003d0c   0x0000001e   Code   RO         3526    i.UART_DMARxHalfCplt  stm32f1xx_hal_uart.o
    0x08003d2a   0x08003d2a   0x0000004e   Code   RO         3532    i.UART_EndRxTransfer  stm32f1xx_hal_uart.o
    0x08003d78   0x08003d78   0x0000001c   Code   RO         3533    i.UART_EndTxTransfer  stm32f1xx_hal_uart.o
    0x08003d94   0x08003d94   0x000000c2   Code   RO         3534    i.UART_Receive_IT   stm32f1xx_hal_uart.o
    0x08003e56   0x08003e56   0x00000002   PAD
    0x08003e58   0x08003e58   0x000000b8   Code   RO         3535    i.UART_SetConfig    stm32f1xx_hal_uart.o
    0x08003f10   0x08003f10   0x00000090   Code   RO         3536    i.UART_Start_Receive_DMA  stm32f1xx_hal_uart.o
    0x08003fa0   0x08003fa0   0x00000072   Code   RO         3538    i.UART_WaitOnFlagUntilTimeout  stm32f1xx_hal_uart.o
    0x08004012   0x08004012   0x00000002   PAD
    0x08004014   0x08004014   0x0000000c   Code   RO          395    i.USART2_IRQHandler  stm32f1xx_it.o
    0x08004020   0x08004020   0x0000000c   Code   RO          396    i.USART3_IRQHandler  stm32f1xx_it.o
    0x0800402c   0x0800402c   0x00000034   Code   RO          965    i.Update_Count_And_Ready  route_menu.o
    0x08004060   0x08004060   0x00000002   Code   RO          397    i.UsageFault_Handler  stm32f1xx_it.o
    0x08004062   0x08004062   0x00000002   PAD
    0x08004064   0x08004064   0x00000020   Code   RO         4139    i.__0printf         mc_w.l(printfa.o)
    0x08004084   0x08004084   0x00000034   Code   RO         4140    i.__0snprintf       mc_w.l(printfa.o)
    0x080040b8   0x080040b8   0x00000020   Code   RO         2019    i.__NVIC_SetPriority  stm32f1xx_hal_cortex.o
    0x080040d8   0x080040d8   0x00000008   Code   RO         4212    i.__aeabi_errno_addr  mc_w.l(errno.o)
    0x080040e0   0x080040e0   0x0000000c   Code   RO         4213    i.__read_errno      mc_w.l(errno.o)
    0x080040ec   0x080040ec   0x0000000e   Code   RO         4293    i.__scatterload_copy  mc_w.l(handlers.o)
    0x080040fa   0x080040fa   0x00000002   Code   RO         4294    i.__scatterload_null  mc_w.l(handlers.o)
    0x080040fc   0x080040fc   0x0000000e   Code   RO         4295    i.__scatterload_zeroinit  mc_w.l(handlers.o)
    0x0800410a   0x0800410a   0x00000002   PAD
    0x0800410c   0x0800410c   0x0000000c   Code   RO         4214    i.__set_errno       mc_w.l(errno.o)
    0x08004118   0x08004118   0x00000184   Code   RO         4146    i._fp_digits        mc_w.l(printfa.o)
    0x0800429c   0x0800429c   0x0000000e   Code   RO         4276    i._is_digit         mc_w.l(scanf_fp.o)
    0x080042aa   0x080042aa   0x00000002   PAD
    0x080042ac   0x080042ac   0x000006b4   Code   RO         4147    i._printf_core      mc_w.l(printfa.o)
    0x08004960   0x08004960   0x00000024   Code   RO         4148    i._printf_post_padding  mc_w.l(printfa.o)
    0x08004984   0x08004984   0x0000002e   Code   RO         4149    i._printf_pre_padding  mc_w.l(printfa.o)
    0x080049b2   0x080049b2   0x00000016   Code   RO         4150    i._snputc           mc_w.l(printfa.o)
    0x080049c8   0x080049c8   0x0000002a   Code   RO         3878    i.atof              m_ws.l(atof.o)
    0x080049f2   0x080049f2   0x00000002   PAD
    0x080049f4   0x080049f4   0x0000004c   Code   RO          616    i.feed_char         vision.o
    0x08004a40   0x08004a40   0x00000018   Code   RO           16    i.fputc             main.o
    0x08004a58   0x08004a58   0x000001c4   Code   RO          685    i.kin_fk            kinematics.o
    0x08004c1c   0x08004c1c   0x00000016   Code   RO          686    i.kin_home_len      kinematics.o
    0x08004c32   0x08004c32   0x00000002   PAD
    0x08004c34   0x08004c34   0x00000074   Code   RO          687    i.kin_ik            kinematics.o
    0x08004ca8   0x08004ca8   0x00000020   Code   RO          688    i.kin_in_range      kinematics.o
    0x08004cc8   0x08004cc8   0x00000032   Code   RO           17    i.main              main.o
    0x08004cfa   0x08004cfa   0x00000002   PAD
    0x08004cfc   0x08004cfc   0x000000c0   Code   RO          509    i.mb_transaction    motor.o
    0x08004dbc   0x08004dbc   0x00000032   Code   RO          510    i.modbus_crc16      motor.o
    0x08004dee   0x08004dee   0x00000028   Code   RO          728    i.motion_enable_all  motion.o
    0x08004e16   0x08004e16   0x00000002   PAD
    0x08004e18   0x08004e18   0x00000010   Code   RO          729    i.motion_get_pos    motion.o
    0x08004e28   0x08004e28   0x00000034   Code   RO          730    i.motion_init       motion.o
    0x08004e5c   0x08004e5c   0x000003d8   Code   RO          732    i.motion_move_to    motion.o
    0x08005234   0x08005234   0x0000008c   Code   RO          733    i.motion_set_home   motion.o
    0x080052c0   0x080052c0   0x00000058   Code   RO          512    i.motor_enable      motor.o
    0x08005318   0x08005318   0x0000006e   Code   RO          513    i.motor_move_pos    motor.o
    0x08005386   0x08005386   0x00000058   Code   RO          516    i.motor_read_position  motor.o
    0x080053de   0x080053de   0x00000002   PAD
    0x080053e0   0x080053e0   0x00000054   Code   RO          518    i.motor_result_str  motor.o
    0x08005434   0x08005434   0x00000054   Code   RO          521    i.motor_sync_trigger  motor.o
    0x08005488   0x08005488   0x00000032   Code   RO          522    i.motor_zero_position  motor.o
    0x080054ba   0x080054ba   0x00000002   PAD
    0x080054bc   0x080054bc   0x000000f0   Code   RO          617    i.parse_packet      vision.o
    0x080055ac   0x080055ac   0x0000002c   Code   RO         3882    i.sqrtf             m_ws.l(sqrtf.o)
    0x080055d8   0x080055d8   0x00000040   Code   RO          618    i.vision_init       vision.o
    0x08005618   0x08005618   0x00000040   Data   RO          689    .constdata          kinematics.o
    0x08005658   0x08005658   0x00000028   Data   RO          796    .constdata          task.o
    0x08005680   0x08005680   0x000000fc   Data   RO          852    .constdata          oled.o
    0x0800577c   0x0800577c   0x00000012   Data   RO         1717    .constdata          stm32f1xx_hal_rcc.o
    0x0800578e   0x0800578e   0x00000010   Data   RO         3844    .constdata          system_stm32f1xx.o
    0x0800579e   0x0800579e   0x00000008   Data   RO         3845    .constdata          system_stm32f1xx.o
    0x080057a6   0x080057a6   0x00000081   Data   RO         4247    .constdata          mc_w.l(ctype_o.o)
    0x08005827   0x08005827   0x00000001   PAD
    0x08005828   0x08005828   0x00000004   Data   RO         4248    .constdata          mc_w.l(ctype_o.o)
    0x0800582c   0x0800582c   0x00000013   Data   RO          966    .conststring        route_menu.o
    0x0800583f   0x0800583f   0x00000001   PAD
    0x08005840   0x08005840   0x00000020   Data   RO         4291    Region$$Table       anon$$obj.o


    Execution Region RW_IRAM1 (Exec base: 0x20000000, Load base: 0x08005860, Size: 0x00000ba8, Max: 0x0000c000, ABSOLUTE)

    Exec Addr    Load Addr    Size         Type   Attr      Idx    E Section Name        Object

    0x20000000   0x08005860   0x00000004   Data   RW          623    .data               vision.o
    0x20000004   0x08005864   0x00000008   Data   RW          735    .data               motion.o
    0x2000000c   0x0800586c   0x00000008   Data   RW          797    .data               task.o
    0x20000014   0x08005874   0x00000030   Data   RW          967    .data               route_menu.o
    0x20000044   0x080058a4   0x0000000c   Data   RW         1554    .data               stm32f1xx_hal.o
    0x20000050   0x080058b0   0x00000004   Data   RW         3846    .data               system_stm32f1xx.o
    0x20000054   0x080058b4   0x00000004   Data   RW         4207    .data               mc_w.l(stdout.o)
    0x20000058   0x080058b8   0x00000004   Data   RW         4215    .data               mc_w.l(errno.o)
    0x2000005c        -       0x00000054   Zero   RW          250    .bss                i2c.o
    0x200000b0        -       0x00000048   Zero   RW          292    .bss                tim.o
    0x200000f8        -       0x0000011c   Zero   RW          336    .bss                usart.o
    0x20000214        -       0x00000174   Zero   RW          622    .bss                vision.o
    0x20000388        -       0x00000020   Zero   RW          734    .bss                motion.o
    0x200003a8        -       0x00000400   Zero   RW          851    .bss                oled.o
    0x200007a8        -       0x00000400   Zero   RW            1    STACK               startup_stm32f103xe.o


==============================================================================

Image component sizes


      Code (inc. data)   RO Data    RW Data    ZI Data      Debug   Object Name

        44          4          0          0          0        686   dma.o
       228         16          0          0          0        923   gpio.o
       156         26          0          0         84       1489   i2c.o
       622         28         64          0          0       3480   kinematics.o
       172          6          0          0          0     498224   main.o
      1232        384          0          8         32       5034   motion.o
       746         62          0          0          0       6300   motor.o
       828         92        252          0       1024       7146   oled.o
      1248        226         19         48          0       9470   route_menu.o
        30          0          0          0          0       1740   route_menu_port.o
        36          8        304          0       1024        768   startup_stm32f103xe.o
       164         28          0         12          0       6229   stm32f1xx_hal.o
       198         14          0          0          0      28731   stm32f1xx_hal_cortex.o
      1240         52          0          0          0       5393   stm32f1xx_hal_dma.o
       524         42          0          0          0       3391   stm32f1xx_hal_gpio.o
      1398         32          0          0          0       8801   stm32f1xx_hal_i2c.o
        60          8          0          0          0        802   stm32f1xx_hal_msp.o
      1240         84         18          0          0       4900   stm32f1xx_hal_rcc.o
       886         22          0          0          0       9245   stm32f1xx_hal_tim.o
       128         20          0          0          0       2261   stm32f1xx_hal_tim_ex.o
      2282         24          0          0          0      15432   stm32f1xx_hal_uart.o
        68         24          0          0          0       5163   stm32f1xx_it.o
         2          0         24          4          0       1011   system_stm32f1xx.o
       772        170         40          8          0       4448   task.o
       160         12          0          0         72       1522   tim.o
       516         56          0          0        284       2907   usart.o
       444         80          0          4        372       3747   vision.o

    ----------------------------------------------------------------------
     15464       1520        754         84       2892     639243   Object Totals
         0          0         32          0          0          0   (incl. Generated)
        40          0          1          0          0          0   (incl. Padding)

    ----------------------------------------------------------------------

      Code (inc. data)   RO Data    RW Data    ZI Data      Debug   Library Member Name

        42          0          0          0          0         84   atof.o
        44          0          0          0          0         80   sqrtf.o
        28          0          0          0          0         68   _chval.o
        64          0          0          0          0         84   _sgetc.o
       158          0          0          0          0         92   _strtoul.o
        26          0          0          0          0         80   atoi.o
         8          4        133          0          0         68   ctype_o.o
         0          0          0          0          0          0   entry.o
         0          0          0          0          0          0   entry10a.o
         0          0          0          0          0          0   entry11a.o
         4          0          0          0          0          0   entry12b.o
         8          4          0          0          0          0   entry2.o
         4          0          0          0          0          0   entry5.o
         0          0          0          0          0          0   entry7b.o
         0          0          0          0          0          0   entry8b.o
         8          4          0          0          0          0   entry9a.o
        32         16          0          4          0        204   errno.o
        30          0          0          0          0          0   handlers.o
        36          8          0          0          0         68   init.o
        18          0          0          0          0         76   isspace_o.o
         0          0          0          0          0          0   iusefp.o
        30          0          0          0          0         68   llshl.o
        36          0          0          0          0         68   llsshr.o
        32          0          0          0          0         68   llushr.o
        36          0          0          0          0         68   memcpya.o
        36          0          0          0          0        108   memseta.o
      2292         94          0          0          0        620   printfa.o
       878         12          0          0          0        216   scanf_fp.o
         0          0          0          4          0          0   stdout.o
        20          0          0          0          0         68   strchr.o
        28          0          0          0          0         76   strcmp.o
       156         12          0          0          0        120   strtod.o
       112          0          0          0          0         88   strtol.o
        44          0          0          0          0         80   uidiv.o
        98          0          0          0          0         92   uldiv.o
        48          0          0          0          0         68   cdrcmple.o
        20          0          0          0          0         68   cfrcmple.o
        56          0          0          0          0         88   d2f.o
       334          0          0          0          0        148   dadd.o
       222          0          0          0          0        100   ddiv.o
       186          0          0          0          0        176   depilogue.o
        48          0          0          0          0         68   dfixul.o
        24          0          0          0          0         76   dfltul.o
       228          0          0          0          0         96   dmul.o
        38          0          0          0          0         68   f2d.o
       176          0          0          0          0        140   fadd.o
       124          0          0          0          0         88   fdiv.o
       110          0          0          0          0        168   fepilogue.o
        50          0          0          0          0         68   ffixi.o
        40          0          0          0          0         68   ffixui.o
        18          0          0          0          0         68   fflti.o
        10          0          0          0          0         68   ffltui.o
       100          0          0          0          0         76   fmul.o
        24          0          0          0          0         68   fscalb.o
        94          0          0          0          0         96   fsqrt.o

    ----------------------------------------------------------------------
      6272        154        134          8          0       4508   Library Totals
        14          0          1          0          0          0   (incl. Padding)

    ----------------------------------------------------------------------

      Code (inc. data)   RO Data    RW Data    ZI Data      Debug   Library Name

        86          0          0          0          0        164   m_ws.l
      4222        154        133          8          0       2480   mc_w.l
      1950          0          0          0          0       1864   mf_w.l

    ----------------------------------------------------------------------
      6272        154        134          8          0       4508   Library Totals

    ----------------------------------------------------------------------

==============================================================================


      Code (inc. data)   RO Data    RW Data    ZI Data      Debug   

     21736       1674        888         92       2892     633555   Grand Totals
     21736       1674        888         92       2892     633555   ELF Image Totals
     21736       1674        888         92          0          0   ROM Totals

==============================================================================

    Total RO  Size (Code + RO Data)                22624 (  22.09kB)
    Total RW  Size (RW Data + ZI Data)              2984 (   2.91kB)
    Total ROM Size (Code + RO Data + RW Data)      22716 (  22.18kB)

==============================================================================

