Archive member included to satisfy reference by file (symbol)

D:/STM32CubeCLT_1.21.0/GNU-tools-for-STM32/bin/../lib/gcc/arm-none-eabi/14.3.1/../../../../arm-none-eabi/lib/thumb/v7-m/nofp\libm.a(libm_a-wf_sqrt.o)
                              CMakeFiles/CDPR_F103_HAL.dir/Core/Src/kinematics.c.obj (sqrtf)
D:/STM32CubeCLT_1.21.0/GNU-tools-for-STM32/bin/../lib/gcc/arm-none-eabi/14.3.1/../../../../arm-none-eabi/lib/thumb/v7-m/nofp\libm.a(libm_a-sf_fmax.o)
                              CMakeFiles/CDPR_F103_HAL.dir/Core/Src/task.c.obj (fmaxf)
D:/STM32CubeCLT_1.21.0/GNU-tools-for-STM32/bin/../lib/gcc/arm-none-eabi/14.3.1/../../../../arm-none-eabi/lib/thumb/v7-m/nofp\libm.a(libm_a-sf_fpclassify.o)
                              D:/STM32CubeCLT_1.21.0/GNU-tools-for-STM32/bin/../lib/gcc/arm-none-eabi/14.3.1/../../../../arm-none-eabi/lib/thumb/v7-m/nofp\libm.a(libm_a-sf_fmax.o) (__fpclassifyf)
D:/STM32CubeCLT_1.21.0/GNU-tools-for-STM32/bin/../lib/gcc/arm-none-eabi/14.3.1/../../../../arm-none-eabi/lib/thumb/v7-m/nofp\libm.a(libm_a-ef_sqrt.o)
                              D:/STM32CubeCLT_1.21.0/GNU-tools-for-STM32/bin/../lib/gcc/arm-none-eabi/14.3.1/../../../../arm-none-eabi/lib/thumb/v7-m/nofp\libm.a(libm_a-wf_sqrt.o) (__ieee754_sqrtf)
D:/STM32CubeCLT_1.21.0/GNU-tools-for-STM32/bin/../lib/gcc/arm-none-eabi/14.3.1/thumb/v7-m/nofp\libgcc.a(_arm_mulsf3.o)
                              CMakeFiles/CDPR_F103_HAL.dir/Core/Src/kinematics.c.obj (__aeabi_fmul)
D:/STM32CubeCLT_1.21.0/GNU-tools-for-STM32/bin/../lib/gcc/arm-none-eabi/14.3.1/thumb/v7-m/nofp\libgcc.a(_arm_addsubdf3.o)
                              CMakeFiles/CDPR_F103_HAL.dir/Core/Src/motion.c.obj (__aeabi_f2d)
D:/STM32CubeCLT_1.21.0/GNU-tools-for-STM32/bin/../lib/gcc/arm-none-eabi/14.3.1/thumb/v7-m/nofp\libgcc.a(_arm_addsubsf3.o)
                              CMakeFiles/CDPR_F103_HAL.dir/Core/Src/kinematics.c.obj (__aeabi_fsub)
D:/STM32CubeCLT_1.21.0/GNU-tools-for-STM32/bin/../lib/gcc/arm-none-eabi/14.3.1/thumb/v7-m/nofp\libgcc.a(_arm_muldivsf3.o)
                              CMakeFiles/CDPR_F103_HAL.dir/Core/Src/kinematics.c.obj (__aeabi_fdiv)
D:/STM32CubeCLT_1.21.0/GNU-tools-for-STM32/bin/../lib/gcc/arm-none-eabi/14.3.1/thumb/v7-m/nofp\libgcc.a(_arm_cmpsf2.o)
                              CMakeFiles/CDPR_F103_HAL.dir/Core/Src/kinematics.c.obj (__aeabi_fcmplt)
D:/STM32CubeCLT_1.21.0/GNU-tools-for-STM32/bin/../lib/gcc/arm-none-eabi/14.3.1/thumb/v7-m/nofp\libgcc.a(_arm_unordsf2.o)
                              CMakeFiles/CDPR_F103_HAL.dir/Core/Src/vision.c.obj (__aeabi_fcmpun)
D:/STM32CubeCLT_1.21.0/GNU-tools-for-STM32/bin/../lib/gcc/arm-none-eabi/14.3.1/thumb/v7-m/nofp\libgcc.a(_arm_fixsfsi.o)
                              CMakeFiles/CDPR_F103_HAL.dir/Core/Src/motion.c.obj (__aeabi_f2iz)
D:/STM32CubeCLT_1.21.0/GNU-tools-for-STM32/bin/../lib/gcc/arm-none-eabi/14.3.1/thumb/v7-m/nofp\libgcc.a(_arm_fixunssfsi.o)
                              CMakeFiles/CDPR_F103_HAL.dir/Core/Src/motion.c.obj (__aeabi_f2uiz)
D:/STM32CubeCLT_1.21.0/GNU-tools-for-STM32/bin/../lib/gcc/arm-none-eabi/14.3.1/../../../../arm-none-eabi/lib/thumb/v7-m/nofp\libg_nano.a(libc_a-exit.o)
                              D:/STM32CubeCLT_1.21.0/GNU-tools-for-STM32/bin/../lib/gcc/arm-none-eabi/14.3.1/../../../../arm-none-eabi/lib/thumb/v7-m/nofp/crt0.o (exit)
D:/STM32CubeCLT_1.21.0/GNU-tools-for-STM32/bin/../lib/gcc/arm-none-eabi/14.3.1/../../../../arm-none-eabi/lib/thumb/v7-m/nofp\libg_nano.a(libc_a-strtod.o)
                              CMakeFiles/CDPR_F103_HAL.dir/Core/Src/vision.c.obj (strtof)
D:/STM32CubeCLT_1.21.0/GNU-tools-for-STM32/bin/../lib/gcc/arm-none-eabi/14.3.1/../../../../arm-none-eabi/lib/thumb/v7-m/nofp\libg_nano.a(libc_a-strtol.o)
                              CMakeFiles/CDPR_F103_HAL.dir/Core/Src/vision.c.obj (strtol)
D:/STM32CubeCLT_1.21.0/GNU-tools-for-STM32/bin/../lib/gcc/arm-none-eabi/14.3.1/../../../../arm-none-eabi/lib/thumb/v7-m/nofp\libg_nano.a(libc_a-ctype_.o)
                              D:/STM32CubeCLT_1.21.0/GNU-tools-for-STM32/bin/../lib/gcc/arm-none-eabi/14.3.1/../../../../arm-none-eabi/lib/thumb/v7-m/nofp\libg_nano.a(libc_a-strtol.o) (_ctype_)
D:/STM32CubeCLT_1.21.0/GNU-tools-for-STM32/bin/../lib/gcc/arm-none-eabi/14.3.1/../../../../arm-none-eabi/lib/thumb/v7-m/nofp\libg_nano.a(libc_a-qsort.o)
                              CMakeFiles/CDPR_F103_HAL.dir/Core/Src/vision.c.obj (qsort)
D:/STM32CubeCLT_1.21.0/GNU-tools-for-STM32/bin/../lib/gcc/arm-none-eabi/14.3.1/../../../../arm-none-eabi/lib/thumb/v7-m/nofp\libg_nano.a(libc_a-nano-vfprintf_float.o)
                              (_printf_float)
D:/STM32CubeCLT_1.21.0/GNU-tools-for-STM32/bin/../lib/gcc/arm-none-eabi/14.3.1/../../../../arm-none-eabi/lib/thumb/v7-m/nofp\libg_nano.a(libc_a-nano-vfprintf_i.o)
                              D:/STM32CubeCLT_1.21.0/GNU-tools-for-STM32/bin/../lib/gcc/arm-none-eabi/14.3.1/../../../../arm-none-eabi/lib/thumb/v7-m/nofp\libg_nano.a(libc_a-nano-vfprintf_float.o) (_printf_common)
[...]
Memory Configuration

Name             Origin             Length             Attributes
RAM              0x20000000         0x0000c000         xrw
FLASH            0x08000000         0x00040000         xr
*default*        0x00000000         0xffffffff

Linker script and memory map

LOAD D:/STM32CubeCLT_1.21.0/GNU-tools-for-STM32/bin/../lib/gcc/arm-none-eabi/14.3.1/thumb/v7-m/nofp/crti.o
LOAD D:/STM32CubeCLT_1.21.0/GNU-tools-for-STM32/bin/../lib/gcc/arm-none-eabi/14.3.1/thumb/v7-m/nofp/crtbegin.o
LOAD D:/STM32CubeCLT_1.21.0/GNU-tools-for-STM32/bin/../lib/gcc/arm-none-eabi/14.3.1/../../../../arm-none-eabi/lib/thumb/v7-m/nofp/crt0.o
LOAD cmake/stm32cubemx/CMakeFiles/STM32_Drivers.dir/__/__/Core/Src/system_stm32f1xx.c.obj
LOAD cmake/stm32cubemx/CMakeFiles/STM32_Drivers.dir/__/__/Drivers/STM32F1xx_HAL_Driver/Src/stm32f1xx_hal_gpio_ex.c.obj
LOAD cmake/stm32cubemx/CMakeFiles/STM32_Drivers.dir/__/__/Drivers/STM32F1xx_HAL_Driver/Src/stm32f1xx_hal_tim.c.obj
LOAD cmake/stm32cubemx/CMakeFiles/STM32_Drivers.dir/__/__/Drivers/STM32F1xx_HAL_Driver/Src/stm32f1xx_hal_tim_ex.c.obj
LOAD cmake/stm32cubemx/CMakeFiles/STM32_Drivers.dir/__/__/Drivers/STM32F1xx_HAL_Driver/Src/stm32f1xx_hal.c.obj
LOAD cmake/stm32cubemx/CMakeFiles/STM32_Drivers.dir/__/__/Drivers/STM32F1xx_HAL_Driver/Src/stm32f1xx_hal_rcc.c.obj
LOAD cmake/stm32cubemx/CMakeFiles/STM32_Drivers.dir/__/__/Drivers/STM32F1xx_HAL_Driver/Src/stm32f1xx_hal_rcc_ex.c.obj
LOAD cmake/stm32cubemx/CMakeFiles/STM32_Drivers.dir/__/__/Drivers/STM32F1xx_HAL_Driver/Src/stm32f1xx_hal_gpio.c.obj
LOAD cmake/stm32cubemx/CMakeFiles/STM32_Drivers.dir/__/__/Drivers/STM32F1xx_HAL_Driver/Src/stm32f1xx_hal_dma.c.obj
LOAD cmake/stm32cubemx/CMakeFiles/STM32_Drivers.dir/__/__/Drivers/STM32F1xx_HAL_Driver/Src/stm32f1xx_hal_cortex.c.obj
LOAD cmake/stm32cubemx/CMakeFiles/STM32_Drivers.dir/__/__/Drivers/STM32F1xx_HAL_Driver/Src/stm32f1xx_hal_pwr.c.obj
LOAD cmake/stm32cubemx/CMakeFiles/STM32_Drivers.dir/__/__/Drivers/STM32F1xx_HAL_Driver/Src/stm32f1xx_hal_flash.c.obj
LOAD cmake/stm32cubemx/CMakeFiles/STM32_Drivers.dir/__/__/Drivers/STM32F1xx_HAL_Driver/Src/stm32f1xx_hal_flash_ex.c.obj
LOAD cmake/stm32cubemx/CMakeFiles/STM32_Drivers.dir/__/__/Drivers/STM32F1xx_HAL_Driver/Src/stm32f1xx_hal_exti.c.obj
LOAD cmake/stm32cubemx/CMakeFiles/STM32_Drivers.dir/__/__/Drivers/STM32F1xx_HAL_Driver/Src/stm32f1xx_hal_i2c.c.obj
LOAD cmake/stm32cubemx/CMakeFiles/STM32_Drivers.dir/__/__/Drivers/STM32F1xx_HAL_Driver/Src/stm32f1xx_hal_uart.c.obj
LOAD CMakeFiles/CDPR_F103_HAL.dir/Core/Src/main.c.obj
LOAD CMakeFiles/CDPR_F103_HAL.dir/Core/Src/gpio.c.obj
LOAD CMakeFiles/CDPR_F103_HAL.dir/Core/Src/dma.c.obj
LOAD CMakeFiles/CDPR_F103_HAL.dir/Core/Src/i2c.c.obj
LOAD CMakeFiles/CDPR_F103_HAL.dir/Core/Src/tim.c.obj
LOAD CMakeFiles/CDPR_F103_HAL.dir/Core/Src/usart.c.obj
LOAD CMakeFiles/CDPR_F103_HAL.dir/Core/Src/stm32f1xx_it.c.obj
LOAD CMakeFiles/CDPR_F103_HAL.dir/Core/Src/stm32f1xx_hal_msp.c.obj
LOAD CMakeFiles/CDPR_F103_HAL.dir/Core/Src/sysmem.c.obj
LOAD CMakeFiles/CDPR_F103_HAL.dir/Core/Src/syscalls.c.obj
LOAD CMakeFiles/CDPR_F103_HAL.dir/startup_stm32f103xe.s.obj
LOAD CMakeFiles/CDPR_F103_HAL.dir/Core/Src/motor.c.obj
LOAD CMakeFiles/CDPR_F103_HAL.dir/Core/Src/motor_test.c.obj
LOAD CMakeFiles/CDPR_F103_HAL.dir/Core/Src/kinematics.c.obj
LOAD CMakeFiles/CDPR_F103_HAL.dir/Core/Src/motion.c.obj
LOAD CMakeFiles/CDPR_F103_HAL.dir/Core/Src/vision.c.obj
LOAD CMakeFiles/CDPR_F103_HAL.dir/Core/Src/task.c.obj
LOAD CMakeFiles/CDPR_F103_HAL.dir/Core/Src/oled.c.obj
LOAD CMakeFiles/CDPR_F103_HAL.dir/Core/Src/route_menu.c.obj
LOAD CMakeFiles/CDPR_F103_HAL.dir/Core/Src/route_menu_port.c.obj
LOAD D:/STM32CubeCLT_1.21.0/GNU-tools-for-STM32/bin/../lib/gcc/arm-none-eabi/14.3.1/../../../../arm-none-eabi/lib/thumb/v7-m/nofp\libm.a
START GROUP
LOAD D:/STM32CubeCLT_1.21.0/GNU-tools-for-STM32/bin/../lib/gcc/arm-none-eabi/14.3.1/thumb/v7-m/nofp\libgcc.a
LOAD D:/STM32CubeCLT_1.21.0/GNU-tools-for-STM32/bin/../lib/gcc/arm-none-eabi/14.3.1/../../../../arm-none-eabi/lib/thumb/v7-m/nofp\libg_nano.a
LOAD D:/STM32CubeCLT_1.21.0/GNU-tools-for-STM32/bin/../lib/gcc/arm-none-eabi/14.3.1/../../../../arm-none-eabi/lib/thumb/v7-m/nofp\libc_nano.a
END GROUP
START GROUP
LOAD D:/STM32CubeCLT_1.21.0/GNU-tools-for-STM32/bin/../lib/gcc/arm-none-eabi/14.3.1/thumb/v7-m/nofp\libgcc.a
LOAD D:/STM32CubeCLT_1.21.0/GNU-tools-for-STM32/bin/../lib/gcc/arm-none-eabi/14.3.1/../../../../arm-none-eabi/lib/thumb/v7-m/nofp\libc_nano.a
END GROUP
LOAD D:/STM32CubeCLT_1.21.0/GNU-tools-for-STM32/bin/../lib/gcc/arm-none-eabi/14.3.1/thumb/v7-m/nofp/crtend.o
LOAD D:/STM32CubeCLT_1.21.0/GNU-tools-for-STM32/bin/../lib/gcc/arm-none-eabi/14.3.1/thumb/v7-m/nofp/crtn.o
                0x2000c000                        _estack = (ORIGIN (RAM) + LENGTH (RAM))
                0x2000bc00                        _sstack = (_estack - _Min_Stack_Size)
                0x00000200                        _Min_Heap_Size = 0x200
                0x00000400                        _Min_Stack_Size = 0x400

.isr_vector     0x08000000      0x1e4
                0x08000000                        . = ALIGN (0x4)
 *(.isr_vector)
 .isr_vector    0x08000000      0x1e4 CMakeFiles/CDPR_F103_HAL.dir/startup_stm32f103xe.s.obj
                0x08000000                g_pfnVectors
                0x080001e4                        . = ALIGN (0x4)

.text           0x080001e8    0x142d4
                0x080001e8                        . = ALIGN (0x4)
 *(.text)
 .text          0x080001e8       0x40 D:/STM32CubeCLT_1.21.0/GNU-tools-for-STM32/bin/../lib/gcc/arm-none-eabi/14.3.1/thumb/v7-m/nofp/crtbegin.o
 .text          0x08000228      0x378 D:/STM32CubeCLT_1.21.0/GNU-tools-for-STM32/bin/../lib/gcc/arm-none-eabi/14.3.1/thumb/v7-m/nofp\libgcc.a(_arm_addsubdf3.o)
                0x08000228                __aeabi_drsub
                0x08000230                __aeabi_dsub
                0x08000230                __subdf3
                0x08000234                __aeabi_dadd
                0x08000234                __adddf3
                0x080004ac                __floatunsidf
                0x080004ac                __aeabi_ui2d
                0x080004cc                __floatsidf
                0x080004cc                __aeabi_i2d
                0x080004f0                __aeabi_f2d
                0x080004f0                __extendsfdf2
                0x08000534                __floatundidf
                0x08000534                __aeabi_ul2d
                0x08000544                __floatdidf
                0x08000544                __aeabi_l2d
 .text          0x080005a0      0x21c D:/STM32CubeCLT_1.21.0/GNU-tools-for-STM32/bin/../lib/gcc/arm-none-eabi/14.3.1/thumb/v7-m/nofp\libgcc.a(_arm_addsubsf3.o)
                0x080005a0                __aeabi_frsub
                0x080005a8                __subsf3
                0x080005a8                __aeabi_fsub
                0x080005ac                __aeabi_fadd
                0x080005ac                __addsf3
                0x0800070c                __aeabi_ui2f
                0x0800070c                __floatunsisf
                0x08000714                __aeabi_i2f
                0x08000714                __floatsisf
                0x08000730                __aeabi_ul2f
                0x08000730                __floatundisf
                0x08000740                __aeabi_l2f
                0x08000740                __floatdisf
 .text          0x080007bc      0x2a0 D:/STM32CubeCLT_1.21.0/GNU-tools-for-STM32/bin/../lib/gcc/arm-none-eabi/14.3.1/thumb/v7-m/nofp\libgcc.a(_arm_muldivsf3.o)
                0x080007bc                __mulsf3
                0x080007bc                __aeabi_fmul
                0x08000924                __aeabi_fdiv
                0x08000924                __divsf3
 .text          0x08000a5c       0xec D:/STM32CubeCLT_1.21.0/GNU-tools-for-STM32/bin/../lib/gcc/arm-none-eabi/14.3.1/thumb/v7-m/nofp\libgcc.a(_arm_cmpsf2.o)
                0x08000a5c                __gesf2
                0x08000a5c                __gtsf2
                0x08000a64                __lesf2
                0x08000a64                __ltsf2
                0x08000a6c                __nesf2
                0x08000a6c                __eqsf2
                0x08000a6c                __cmpsf2
                0x08000acc                __aeabi_cfrcmple
                0x08000ad4                __aeabi_cfcmpeq
                0x08000ad4                __aeabi_cfcmple
                0x08000ae4                __aeabi_fcmpeq
                0x08000af8                __aeabi_fcmplt
                0x08000b0c                __aeabi_fcmple
                0x08000b20                __aeabi_fcmpge
                0x08000b34                __aeabi_fcmpgt
 .text          0x08000b48       0x2c D:/STM32CubeCLT_1.21.0/GNU-tools-for-STM32/bin/../lib/gcc/arm-none-eabi/14.3.1/thumb/v7-m/nofp\libgcc.a(_arm_unordsf2.o)
                0x08000b48                __unordsf2
                0x08000b48                __aeabi_fcmpun
 .text          0x08000b74       0x4c D:/STM32CubeCLT_1.21.0/GNU-tools-for-STM32/bin/../lib/gcc/arm-none-eabi/14.3.1/thumb/v7-m/nofp\libgcc.a(_arm_fixsfsi.o)
                0x08000b74                __aeabi_f2iz
                0x08000b74                __fixsfsi
 .text          0x08000bc0       0x40 D:/STM32CubeCLT_1.21.0/GNU-tools-for-STM32/bin/../lib/gcc/arm-none-eabi/14.3.1/thumb/v7-m/nofp\libgcc.a(_arm_fixunssfsi.o)
                0x08000bc0                __fixunssfsi
                0x08000bc0                __aeabi_f2uiz
 .text          0x08000c00       0x14 D:/STM32CubeCLT_1.21.0/GNU-tools-for-STM32/bin/../lib/gcc/arm-none-eabi/14.3.1/../../../../arm-none-eabi/lib/thumb/v7-m/nofp\libg_nano.a(libc_a-strcmp.o)
                0x08000c00                strcmp
 .text          0x08000c14       0x10 D:/STM32CubeCLT_1.21.0/GNU-tools-for-STM32/bin/../lib/gcc/arm-none-eabi/14.3.1/../../../../arm-none-eabi/lib/thumb/v7-m/nofp\libg_nano.a(libc_a-strlen.o)
                0x08000c14                strlen
 .text          0x08000c24      0x424 D:/STM32CubeCLT_1.21.0/GNU-tools-for-STM32/bin/../lib/gcc/arm-none-eabi/14.3.1/thumb/v7-m/nofp\libgcc.a(_arm_muldivdf3.o)
                0x08000c24                __aeabi_dmul
                0x08000c24                __muldf3
                0x08000e78                __divdf3
                0x08000e78                __aeabi_ddiv
 .text          0x08001048      0x110 D:/STM32CubeCLT_1.21.0/GNU-tools-for-STM32/bin/../lib/gcc/arm-none-eabi/14.3.1/thumb/v7-m/nofp\libgcc.a(_arm_cmpdf2.o)
                0x08001048                __gtdf2
                0x08001048                __gedf2
                0x08001050                __ltdf2
                0x08001050                __ledf2
                0x08001058                __nedf2
                0x08001058                __eqdf2
                0x08001058                __cmpdf2
                0x080010d4                __aeabi_cdrcmple
                0x080010e4                __aeabi_cdcmpeq
                0x080010e4                __aeabi_cdcmple
                0x080010f4                __aeabi_dcmpeq
                0x08001108                __aeabi_dcmplt
                0x0800111c                __aeabi_dcmple
                0x08001130                __aeabi_dcmpge
                0x08001144                __aeabi_dcmpgt
 .text          0x08001158       0x2c D:/STM32CubeCLT_1.21.0/GNU-tools-for-STM32/bin/../lib/gcc/arm-none-eabi/14.3.1/thumb/v7-m/nofp\libgcc.a(_arm_unorddf2.o)
                0x08001158                __unorddf2
                0x08001158                __aeabi_dcmpun
 .text          0x08001184       0x50 D:/STM32CubeCLT_1.21.0/GNU-tools-for-STM32/bin/../lib/gcc/arm-none-eabi/14.3.1/thumb/v7-m/nofp\libgcc.a(_arm_fixdfsi.o)
                0x08001184                __aeabi_d2iz
                0x08001184                __fixdfsi
 .text          0x080011d4       0x40 D:/STM32CubeCLT_1.21.0/GNU-tools-for-STM32/bin/../lib/gcc/arm-none-eabi/14.3.1/thumb/v7-m/nofp\libgcc.a(_arm_fixunsdfsi.o)
                0x080011d4                __aeabi_d2uiz
                0x080011d4                __fixunsdfsi
 .text          0x08001214       0xa0 D:/STM32CubeCLT_1.21.0/GNU-tools-for-STM32/bin/../lib/gcc/arm-none-eabi/14.3.1/thumb/v7-m/nofp\libgcc.a(_arm_truncdfsf2.o)
                0x08001214                __truncdfsf2
                0x08001214                __aeabi_d2f
 .text          0x080012b4       0x30 D:/STM32CubeCLT_1.21.0/GNU-tools-for-STM32/bin/../lib/gcc/arm-none-eabi/14.3.1/thumb/v7-m/nofp\libgcc.a(_fixdfdi.o)
                0x080012b4                __fixdfdi
                0x080012b4                __aeabi_d2lz
 .text          0x080012e4       0x3c D:/STM32CubeCLT_1.21.0/GNU-tools-for-STM32/bin/../lib/gcc/arm-none-eabi/14.3.1/thumb/v7-m/nofp\libgcc.a(_fixunsdfdi.o)
                0x080012e4                __fixunsdfdi
                0x080012e4                __aeabi_d2ulz
 *(.text*)
 .text.SystemInit
                0x08001320        0xc cmake/stm32cubemx/CMakeFiles/STM32_Drivers.dir/__/__/Core/Src/system_stm32f1xx.c.obj
                0x08001320                SystemInit
 .text.HAL_TIM_Base_Init
                0x0800132c       0x9e cmake/stm32cubemx/CMakeFiles/STM32_Drivers.dir/__/__/Drivers/STM32F1xx_HAL_Driver/Src/stm32f1xx_hal_tim.c.obj
                0x0800132c                HAL_TIM_Base_Init
 .text.HAL_TIM_IRQHandler
                0x080013ca      0x1e0 cmake/stm32cubemx/CMakeFiles/STM32_Drivers.dir/__/__/Drivers/STM32F1xx_HAL_Driver/Src/stm32f1xx_hal_tim.c.obj
                0x080013ca                HAL_TIM_IRQHandler
 .text.HAL_TIM_ConfigClockSource
                0x080015aa      0x18e cmake/stm32cubemx/CMakeFiles/STM32_Drivers.dir/__/__/Drivers/STM32F1xx_HAL_Driver/Src/stm32f1xx_hal_tim.c.obj
                0x080015aa                HAL_TIM_ConfigClockSource
 .text.HAL_TIM_PeriodElapsedCallback
                0x08001738       0x12 cmake/stm32cubemx/CMakeFiles/STM32_Drivers.dir/__/__/Drivers/STM32F1xx_HAL_Driver/Src/stm32f1xx_hal_tim.c.obj
                0x08001738                HAL_TIM_PeriodElapsedCallback
 .text.HAL_TIM_OC_DelayElapsedCallback
                0x0800174a       0x12 cmake/stm32cubemx/CMakeFiles/STM32_Drivers.dir/__/__/Drivers/STM32F1xx_HAL_Driver/Src/stm32f1xx_hal_tim.c.obj
                0x0800174a                HAL_TIM_OC_DelayElapsedCallback
 .text.HAL_TIM_IC_CaptureCallback
                0x0800175c       0x12 cmake/stm32cubemx/CMakeFiles/STM32_Drivers.dir/__/__/Drivers/STM32F1xx_HAL_Driver/Src/stm32f1xx_hal_tim.c.obj
                0x0800175c                HAL_TIM_IC_CaptureCallback
 .text.HAL_TIM_PWM_PulseFinishedCallback
                0x0800176e       0x12 cmake/stm32cubemx/CMakeFiles/STM32_Drivers.dir/__/__/Drivers/STM32F1xx_HAL_Driver/Src/stm32f1xx_hal_tim.c.obj
                0x0800176e                HAL_TIM_PWM_PulseFinishedCallback
 .text.HAL_TIM_TriggerCallback
                0x08001780       0x12 cmake/stm32cubemx/CMakeFiles/STM32_Drivers.dir/__/__/Drivers/STM32F1xx_HAL_Driver/Src/stm32f1xx_hal_tim.c.obj
                0x08001780                HAL_TIM_TriggerCallback
 *fill*         0x08001792        0x2 
 .text.TIM_Base_SetConfig
                0x08001794      0x10c cmake/stm32cubemx/CMakeFiles/STM32_Drivers.dir/__/__/Drivers/STM32F1xx_HAL_Driver/Src/stm32f1xx_hal_tim.c.obj
                0x08001794                TIM_Base_SetConfig
 .text.TIM_TI1_ConfigInputStage
                0x080018a0       0x5c cmake/stm32cubemx/CMakeFiles/STM32_Drivers.dir/__/__/Drivers/STM32F1xx_HAL_Driver/Src/stm32f1xx_hal_tim.c.obj
 .text.TIM_TI2_ConfigInputStage
                0x080018fc       0x5e cmake/stm32cubemx/CMakeFiles/STM32_Drivers.dir/__/__/Drivers/STM32F1xx_HAL_Driver/Src/stm32f1xx_hal_tim.c.obj
 .text.TIM_ITRx_SetConfig
                0x0800195a       0x34 cmake/stm32cubemx/CMakeFiles/STM32_Drivers.dir/__/__/Drivers/STM32F1xx_HAL_Driver/Src/stm32f1xx_hal_tim.c.obj
 .text.TIM_ETR_SetConfig
                0x0800198e       0x3e cmake/stm32cubemx/CMakeFiles/STM32_Drivers.dir/__/__/Drivers/STM32F1xx_HAL_Driver/Src/stm32f1xx_hal_tim.c.obj
                0x0800198e                TIM_ETR_SetConfig
 .text.HAL_TIMEx_MasterConfigSynchronization
                0x080019cc       0xd8 cmake/stm32cubemx/CMakeFiles/STM32_Drivers.dir/__/__/Drivers/STM32F1xx_HAL_Driver/Src/stm32f1xx_hal_tim_ex.c.obj
                0x080019cc                HAL_TIMEx_MasterConfigSynchronization
 .text.HAL_TIMEx_CommutCallback
                0x08001aa4       0x12 cmake/stm32cubemx/CMakeFiles/STM32_Drivers.dir/__/__/Drivers/STM32F1xx_HAL_Driver/Src/stm32f1xx_hal_tim_ex.c.obj
                0x08001aa4                HAL_TIMEx_CommutCallback
 .text.HAL_TIMEx_BreakCallback
                0x08001ab6       0x12 cmake/stm32cubemx/CMakeFiles/STM32_Drivers.dir/__/__/Drivers/STM32F1xx_HAL_Driver/Src/stm32f1xx_hal_tim_ex.c.obj
                0x08001ab6                HAL_TIMEx_BreakCallback
 .text.HAL_Init
                0x08001ac8       0x2c cmake/stm32cubemx/CMakeFiles/STM32_Drivers.dir/__/__/Drivers/STM32F1xx_HAL_Driver/Src/stm32f1xx_hal.c.obj
                0x08001ac8                HAL_Init
 .text.HAL_InitTick
                0x08001af4       0x60 cmake/stm32cubemx/CMakeFiles/STM32_Drivers.dir/__/__/Drivers/STM32F1xx_HAL_Driver/Src/stm32f1xx_hal.c.obj
                0x08001af4                HAL_InitTick
 .text.HAL_IncTick
                0x08001b54       0x24 cmake/stm32cubemx/CMakeFiles/STM32_Drivers.dir/__/__/Drivers/STM32F1xx_HAL_Driver/Src/stm32f1xx_hal.c.obj
                0x08001b54                HAL_IncTick
 .text.HAL_GetTick
                0x08001b78       0x14 cmake/stm32cubemx/CMakeFiles/STM32_Drivers.dir/__/__/Drivers/STM32F1xx_HAL_Driver/Src/stm32f1xx_hal.c.obj
                0x08001b78                HAL_GetTick
 .text.HAL_Delay
                0x08001b8c       0x48 cmake/stm32cubemx/CMakeFiles/STM32_Drivers.dir/__/__/Drivers/STM32F1xx_HAL_Driver/Src/stm32f1xx_hal.c.obj
                0x08001b8c                HAL_Delay
 .text.HAL_RCC_OscConfig
                0x08001bd4      0x504 cmake/stm32cubemx/CMakeFiles/STM32_Drivers.dir/__/__/Drivers/STM32F1xx_HAL_Driver/Src/stm32f1xx_hal_rcc.c.obj
                0x08001bd4                HAL_RCC_OscConfig
 .text.HAL_RCC_ClockConfig
                0x080020d8      0x1d4 cmake/stm32cubemx/CMakeFiles/STM32_Drivers.dir/__/__/Drivers/STM32F1xx_HAL_Driver/Src/stm32f1xx_hal_rcc.c.obj
                0x080020d8                HAL_RCC_ClockConfig
 .text.HAL_RCC_GetSysClockFreq
                0x080022ac       0xa8 cmake/stm32cubemx/CMakeFiles/STM32_Drivers.dir/__/__/Drivers/STM32F1xx_HAL_Driver/Src/stm32f1xx_hal_rcc.c.obj
                0x080022ac                HAL_RCC_GetSysClockFreq
 .text.HAL_RCC_GetHCLKFreq
                0x08002354       0x14 cmake/stm32cubemx/CMakeFiles/STM32_Drivers.dir/__/__/Drivers/STM32F1xx_HAL_Driver/Src/stm32f1xx_hal_rcc.c.obj
                0x08002354                HAL_RCC_GetHCLKFreq
 .text.HAL_RCC_GetPCLK1Freq
                0x08002368       0x28 cmake/stm32cubemx/CMakeFiles/STM32_Drivers.dir/__/__/Drivers/STM32F1xx_HAL_Driver/Src/stm32f1xx_hal_rcc.c.obj
                0x08002368                HAL_RCC_GetPCLK1Freq
 .text.HAL_RCC_GetPCLK2Freq
                0x08002390       0x28 cmake/stm32cubemx/CMakeFiles/STM32_Drivers.dir/__/__/Drivers/STM32F1xx_HAL_Driver/Src/stm32f1xx_hal_rcc.c.obj
                0x08002390                HAL_RCC_GetPCLK2Freq
 .text.RCC_Delay
                0x080023b8       0x3c cmake/stm32cubemx/CMakeFiles/STM32_Drivers.dir/__/__/Drivers/STM32F1xx_HAL_Driver/Src/stm32f1xx_hal_rcc.c.obj
 .text.HAL_GPIO_Init
                0x080023f4      0x328 cmake/stm32cubemx/CMakeFiles/STM32_Drivers.dir/__/__/Drivers/STM32F1xx_HAL_Driver/Src/stm32f1xx_hal_gpio.c.obj
                0x080023f4                HAL_GPIO_Init
 .text.HAL_GPIO_ReadPin
                0x0800271c       0x2e cmake/stm32cubemx/CMakeFiles/STM32_Drivers.dir/__/__/Drivers/STM32F1xx_HAL_Driver/Src/stm32f1xx_hal_gpio.c.obj
                0x0800271c                HAL_GPIO_ReadPin
 .text.HAL_GPIO_WritePin
                0x0800274a       0x30 cmake/stm32cubemx/CMakeFiles/STM32_Drivers.dir/__/__/Drivers/STM32F1xx_HAL_Driver/Src/stm32f1xx_hal_gpio.c.obj
                0x0800274a                HAL_GPIO_WritePin
 *fill*         0x0800277a        0x2 
 .text.HAL_DMA_Init
                0x0800277c       0xec cmake/stm32cubemx/CMakeFiles/STM32_Drivers.dir/__/__/Drivers/STM32F1xx_HAL_Driver/Src/stm32f1xx_hal_dma.c.obj
                0x0800277c                HAL_DMA_Init
 .text.HAL_DMA_Start_IT
                0x08002868       0xc0 cmake/stm32cubemx/CMakeFiles/STM32_Drivers.dir/__/__/Drivers/STM32F1xx_HAL_Driver/Src/stm32f1xx_hal_dma.c.obj
                0x08002868                HAL_DMA_Start_IT
 .text.HAL_DMA_Abort
                0x08002928       0x76 cmake/stm32cubemx/CMakeFiles/STM32_Drivers.dir/__/__/Drivers/STM32F1xx_HAL_Driver/Src/stm32f1xx_hal_dma.c.obj
                0x08002928                HAL_DMA_Abort
 *fill*         0x0800299e        0x2 
 .text.HAL_DMA_Abort_IT
                0x080029a0      0x210 cmake/stm32cubemx/CMakeFiles/STM32_Drivers.dir/__/__/Drivers/STM32F1xx_HAL_Driver/Src/stm32f1xx_hal_dma.c.obj
                0x080029a0                HAL_DMA_Abort_IT
 .text.HAL_DMA_IRQHandler
                0x08002bb0      0x478 cmake/stm32cubemx/CMakeFiles/STM32_Drivers.dir/__/__/Drivers/STM32F1xx_HAL_Driver/Src/stm32f1xx_hal_dma.c.obj
                0x08002bb0                HAL_DMA_IRQHandler
 .text.HAL_DMA_GetError
                0x08003028       0x16 cmake/stm32cubemx/CMakeFiles/STM32_Drivers.dir/__/__/Drivers/STM32F1xx_HAL_Driver/Src/stm32f1xx_hal_dma.c.obj
                0x08003028                HAL_DMA_GetError
 .text.DMA_SetConfig
                0x0800303e       0x5a cmake/stm32cubemx/CMakeFiles/STM32_Drivers.dir/__/__/Drivers/STM32F1xx_HAL_Driver/Src/stm32f1xx_hal_dma.c.obj
 .text.__NVIC_SetPriorityGrouping
                0x08003098       0x48 cmake/stm32cubemx/CMakeFiles/STM32_Drivers.dir/__/__/Drivers/STM32F1xx_HAL_Driver/Src/stm32f1xx_hal_cortex.c.obj
 .text.__NVIC_GetPriorityGrouping
                0x080030e0       0x1c cmake/stm32cubemx/CMakeFiles/STM32_Drivers.dir/__/__/Drivers/STM32F1xx_HAL_Driver/Src/stm32f1xx_hal_cortex.c.obj
 .text.__NVIC_EnableIRQ
                0x080030fc       0x38 cmake/stm32cubemx/CMakeFiles/STM32_Drivers.dir/__/__/Drivers/STM32F1xx_HAL_Driver/Src/stm32f1xx_hal_cortex.c.obj
 .text.__NVIC_DisableIRQ
                0x08003134       0x48 cmake/stm32cubemx/CMakeFiles/STM32_Drivers.dir/__/__/Drivers/STM32F1xx_HAL_Driver/Src/stm32f1xx_hal_cortex.c.obj
 .text.__NVIC_ClearPendingIRQ
                0x0800317c       0x3c cmake/stm32cubemx/CMakeFiles/STM32_Drivers.dir/__/__/Drivers/STM32F1xx_HAL_Driver/Src/stm32f1xx_hal_cortex.c.obj
 .text.__NVIC_SetPriority
                0x080031b8       0x54 cmake/stm32cubemx/CMakeFiles/STM32_Drivers.dir/__/__/Drivers/STM32F1xx_HAL_Driver/Src/stm32f1xx_hal_cortex.c.obj
 .text.NVIC_EncodePriority
                0x0800320c       0x64 cmake/stm32cubemx/CMakeFiles/STM32_Drivers.dir/__/__/Drivers/STM32F1xx_HAL_Driver/Src/stm32f1xx_hal_cortex.c.obj
 .text.SysTick_Config
                0x08003270       0x44 cmake/stm32cubemx/CMakeFiles/STM32_Drivers.dir/__/__/Drivers/STM32F1xx_HAL_Driver/Src/stm32f1xx_hal_cortex.c.obj
 .text.HAL_NVIC_SetPriorityGrouping
                0x080032b4       0x16 cmake/stm32cubemx/CMakeFiles/STM32_Drivers.dir/__/__/Drivers/STM32F1xx_HAL_Driver/Src/stm32f1xx_hal_cortex.c.obj
                0x080032b4                HAL_NVIC_SetPriorityGrouping
 .text.HAL_NVIC_SetPriority
                0x080032ca       0x38 cmake/stm32cubemx/CMakeFiles/STM32_Drivers.dir/__/__/Drivers/STM32F1xx_HAL_Driver/Src/stm32f1xx_hal_cortex.c.obj
                0x080032ca                HAL_NVIC_SetPriority
 .text.HAL_NVIC_EnableIRQ
                0x08003302       0x1c cmake/stm32cubemx/CMakeFiles/STM32_Drivers.dir/__/__/Drivers/STM32F1xx_HAL_Driver/Src/stm32f1xx_hal_cortex.c.obj
                0x08003302                HAL_NVIC_EnableIRQ
 .text.HAL_NVIC_DisableIRQ
                0x0800331e       0x1c cmake/stm32cubemx/CMakeFiles/STM32_Drivers.dir/__/__/Drivers/STM32F1xx_HAL_Driver/Src/stm32f1xx_hal_cortex.c.obj
                0x0800331e                HAL_NVIC_DisableIRQ
 .text.HAL_SYSTICK_Config
                0x0800333a       0x18 cmake/stm32cubemx/CMakeFiles/STM32_Drivers.dir/__/__/Drivers/STM32F1xx_HAL_Driver/Src/stm32f1xx_hal_cortex.c.obj
                0x0800333a                HAL_SYSTICK_Config
 .text.HAL_NVIC_ClearPendingIRQ
                0x08003352       0x1c cmake/stm32cubemx/CMakeFiles/STM32_Drivers.dir/__/__/Drivers/STM32F1xx_HAL_Driver/Src/stm32f1xx_hal_cortex.c.obj
                0x08003352                HAL_NVIC_ClearPendingIRQ
 *fill*         0x0800336e        0x2 
 .text.HAL_I2C_Init
                0x08003370      0x288 cmake/stm32cubemx/CMakeFiles/STM32_Drivers.dir/__/__/Drivers/STM32F1xx_HAL_Driver/Src/stm32f1xx_hal_i2c.c.obj
                0x08003370                HAL_I2C_Init
 .text.HAL_I2C_Master_Transmit
                0x080035f8      0x1fc cmake/stm32cubemx/CMakeFiles/STM32_Drivers.dir/__/__/Drivers/STM32F1xx_HAL_Driver/Src/stm32f1xx_hal_i2c.c.obj
                0x080035f8                HAL_I2C_Master_Transmit
 .text.I2C_MasterRequestWrite
                0x080037f4      0x104 cmake/stm32cubemx/CMakeFiles/STM32_Drivers.dir/__/__/Drivers/STM32F1xx_HAL_Driver/Src/stm32f1xx_hal_i2c.c.obj
 .text.I2C_WaitOnFlagUntilTimeout
                0x080038f8       0xf4 cmake/stm32cubemx/CMakeFiles/STM32_Drivers.dir/__/__/Drivers/STM32F1xx_HAL_Driver/Src/stm32f1xx_hal_i2c.c.obj
 .text.I2C_WaitOnMasterAddressFlagUntilTimeout
                0x080039ec      0x140 cmake/stm32cubemx/CMakeFiles/STM32_Drivers.dir/__/__/Drivers/STM32F1xx_HAL_Driver/Src/stm32f1xx_hal_i2c.c.obj
 .text.I2C_WaitOnTXEFlagUntilTimeout
                0x08003b2c       0x90 cmake/stm32cubemx/CMakeFiles/STM32_Drivers.dir/__/__/Drivers/STM32F1xx_HAL_Driver/Src/stm32f1xx_hal_i2c.c.obj
 .text.I2C_WaitOnBTFFlagUntilTimeout
                0x08003bbc       0x90 cmake/stm32cubemx/CMakeFiles/STM32_Drivers.dir/__/__/Drivers/STM32F1xx_HAL_Driver/Src/stm32f1xx_hal_i2c.c.obj
 .text.I2C_IsAcknowledgeFailed
                0x08003c4c       0x5c cmake/stm32cubemx/CMakeFiles/STM32_Drivers.dir/__/__/Drivers/STM32F1xx_HAL_Driver/Src/stm32f1xx_hal_i2c.c.obj
 .text.HAL_UART_Init
                0x08003ca8       0xa0 cmake/stm32cubemx/CMakeFiles/STM32_Drivers.dir/__/__/Drivers/STM32F1xx_HAL_Driver/Src/stm32f1xx_hal_uart.c.obj
                0x08003ca8                HAL_UART_Init
 .text.HAL_UART_Transmit
                0x08003d48      0x116 cmake/stm32cubemx/CMakeFiles/STM32_Drivers.dir/__/__/Drivers/STM32F1xx_HAL_Driver/Src/stm32f1xx_hal_uart.c.obj
                0x08003d48                HAL_UART_Transmit
 .text.HAL_UARTEx_ReceiveToIdle_DMA
                0x08003e5e       0xb2 cmake/stm32cubemx/CMakeFiles/STM32_Drivers.dir/__/__/Drivers/STM32F1xx_HAL_Driver/Src/stm32f1xx_hal_uart.c.obj
                0x08003e5e                HAL_UARTEx_ReceiveToIdle_DMA
 .text.HAL_UART_AbortReceive
                0x08003f10      0x146 cmake/stm32cubemx/CMakeFiles/STM32_Drivers.dir/__/__/Drivers/STM32F1xx_HAL_Driver/Src/stm32f1xx_hal_uart.c.obj
                0x08003f10                HAL_UART_AbortReceive
 *fill*         0x08004056        0x2 
 .text.HAL_UART_IRQHandler
                0x08004058      0x524 cmake/stm32cubemx/CMakeFiles/STM32_Drivers.dir/__/__/Drivers/STM32F1xx_HAL_Driver/Src/stm32f1xx_hal_uart.c.obj
                0x08004058                HAL_UART_IRQHandler
 .text.HAL_UART_TxCpltCallback
                0x0800457c       0x12 cmake/stm32cubemx/CMakeFiles/STM32_Drivers.dir/__/__/Drivers/STM32F1xx_HAL_Driver/Src/stm32f1xx_hal_uart.c.obj
                0x0800457c                HAL_UART_TxCpltCallback
 .text.HAL_UART_RxCpltCallback
                0x0800458e       0x12 cmake/stm32cubemx/CMakeFiles/STM32_Drivers.dir/__/__/Drivers/STM32F1xx_HAL_Driver/Src/stm32f1xx_hal_uart.c.obj
                0x0800458e                HAL_UART_RxCpltCallback
 .text.HAL_UART_RxHalfCpltCallback
                0x080045a0       0x12 cmake/stm32cubemx/CMakeFiles/STM32_Drivers.dir/__/__/Drivers/STM32F1xx_HAL_Driver/Src/stm32f1xx_hal_uart.c.obj
                0x080045a0                HAL_UART_RxHalfCpltCallback
 .text.HAL_UART_GetError
                0x080045b2       0x16 cmake/stm32cubemx/CMakeFiles/STM32_Drivers.dir/__/__/Drivers/STM32F1xx_HAL_Driver/Src/stm32f1xx_hal_uart.c.obj
                0x080045b2                HAL_UART_GetError
 .text.UART_DMAReceiveCplt
                0x080045c8      0x12c cmake/stm32cubemx/CMakeFiles/STM32_Drivers.dir/__/__/Drivers/STM32F1xx_HAL_Driver/Src/stm32f1xx_hal_uart.c.obj
 .text.UART_DMARxHalfCplt
                0x080046f4       0x3c cmake/stm32cubemx/CMakeFiles/STM32_Drivers.dir/__/__/Drivers/STM32F1xx_HAL_Driver/Src/stm32f1xx_hal_uart.c.obj
 .text.UART_DMAError
                0x08004730       0x94 cmake/stm32cubemx/CMakeFiles/STM32_Drivers.dir/__/__/Drivers/STM32F1xx_HAL_Driver/Src/stm32f1xx_hal_uart.c.obj
 .text.UART_WaitOnFlagUntilTimeout
                0x080047c4       0xb2 cmake/stm32cubemx/CMakeFiles/STM32_Drivers.dir/__/__/Drivers/STM32F1xx_HAL_Driver/Src/stm32f1xx_hal_uart.c.obj
 *fill*         0x08004876        0x2 
 .text.UART_Start_Receive_DMA
                0x08004878      0x134 cmake/stm32cubemx/CMakeFiles/STM32_Drivers.dir/__/__/Drivers/STM32F1xx_HAL_Driver/Src/stm32f1xx_hal_uart.c.obj
                0x08004878                UART_Start_Receive_DMA
 .text.UART_EndTxTransfer
                0x080049ac       0x4e cmake/stm32cubemx/CMakeFiles/STM32_Drivers.dir/__/__/Drivers/STM32F1xx_HAL_Driver/Src/stm32f1xx_hal_uart.c.obj
 .text.UART_EndRxTransfer
                0x080049fa       0xc4 cmake/stm32cubemx/CMakeFiles/STM32_Drivers.dir/__/__/Drivers/STM32F1xx_HAL_Driver/Src/stm32f1xx_hal_uart.c.obj
 .text.UART_DMAAbortOnError
                0x08004abe       0x28 cmake/stm32cubemx/CMakeFiles/STM32_Drivers.dir/__/__/Drivers/STM32F1xx_HAL_Driver/Src/stm32f1xx_hal_uart.c.obj
 .text.UART_Transmit_IT
                0x08004ae6       0x9e cmake/stm32cubemx/CMakeFiles/STM32_Drivers.dir/__/__/Drivers/STM32F1xx_HAL_Driver/Src/stm32f1xx_hal_uart.c.obj
 .text.UART_EndTransmit_IT
                0x08004b84       0x30 cmake/stm32cubemx/CMakeFiles/STM32_Drivers.dir/__/__/Drivers/STM32F1xx_HAL_Driver/Src/stm32f1xx_hal_uart.c.obj
 .text.UART_Receive_IT
                0x08004bb4      0x17c cmake/stm32cubemx/CMakeFiles/STM32_Drivers.dir/__/__/Drivers/STM32F1xx_HAL_Driver/Src/stm32f1xx_hal_uart.c.obj
 .text.UART_SetConfig
                0x08004d30      0x11c cmake/stm32cubemx/CMakeFiles/STM32_Drivers.dir/__/__/Drivers/STM32F1xx_HAL_Driver/Src/stm32f1xx_hal_uart.c.obj
 .text.main     0x08004e4c       0x5c CMakeFiles/CDPR_F103_HAL.dir/Core/Src/main.c.obj
                0x08004e4c                main
 .text.SystemClock_Config
                0x08004ea8       0x8a CMakeFiles/CDPR_F103_HAL.dir/Core/Src/main.c.obj
                0x08004ea8                SystemClock_Config
 *fill*         0x08004f32        0x2 
 .text.__io_putchar
                0x08004f34       0x38 CMakeFiles/CDPR_F103_HAL.dir/Core/Src/main.c.obj
                0x08004f34                __io_putchar
 .text.Error_Handler
                0x08004f6c        0xc CMakeFiles/CDPR_F103_HAL.dir/Core/Src/main.c.obj
                0x08004f6c                Error_Handler
 .text.MX_GPIO_Init
                0x08004f78      0x134 CMakeFiles/CDPR_F103_HAL.dir/Core/Src/gpio.c.obj
                0x08004f78                MX_GPIO_Init
 .text.MX_DMA_Init
                0x080050ac       0x3c CMakeFiles/CDPR_F103_HAL.dir/Core/Src/dma.c.obj
                0x080050ac                MX_DMA_Init
 .text.MX_I2C1_Init
                0x080050e8       0x5c CMakeFiles/CDPR_F103_HAL.dir/Core/Src/i2c.c.obj
                0x080050e8                MX_I2C1_Init
 .text.HAL_I2C_MspInit
                0x08005144       0x7c CMakeFiles/CDPR_F103_HAL.dir/Core/Src/i2c.c.obj
                0x08005144                HAL_I2C_MspInit
 .text.MX_TIM2_Init
                0x080051c0       0x98 CMakeFiles/CDPR_F103_HAL.dir/Core/Src/tim.c.obj
                0x080051c0                MX_TIM2_Init
 .text.HAL_TIM_Base_MspInit
                0x08005258       0x48 CMakeFiles/CDPR_F103_HAL.dir/Core/Src/tim.c.obj
                0x08005258                HAL_TIM_Base_MspInit
 .text.MX_USART1_UART_Init
                0x080052a0       0x54 CMakeFiles/CDPR_F103_HAL.dir/Core/Src/usart.c.obj
                0x080052a0                MX_USART1_UART_Init
 .text.MX_USART2_UART_Init
                0x080052f4       0x54 CMakeFiles/CDPR_F103_HAL.dir/Core/Src/usart.c.obj
                0x080052f4                MX_USART2_UART_Init
 .text.MX_USART3_UART_Init
                0x08005348       0x54 CMakeFiles/CDPR_F103_HAL.dir/Core/Src/usart.c.obj
                0x08005348                MX_USART3_UART_Init
 .text.HAL_UART_MspInit
                0x0800539c      0x1f4 CMakeFiles/CDPR_F103_HAL.dir/Core/Src/usart.c.obj
                0x0800539c                HAL_UART_MspInit
 .text.NMI_Handler
                0x08005590        0x8 CMakeFiles/CDPR_F103_HAL.dir/Core/Src/stm32f1xx_it.c.obj
                0x08005590                NMI_Handler
 .text.HardFault_Handler
                0x08005598        0x8 CMakeFiles/CDPR_F103_HAL.dir/Core/Src/stm32f1xx_it.c.obj
                0x08005598                HardFault_Handler
 .text.MemManage_Handler
                0x080055a0        0x8 CMakeFiles/CDPR_F103_HAL.dir/Core/Src/stm32f1xx_it.c.obj
                0x080055a0                MemManage_Handler
 .text.BusFault_Handler
                0x080055a8        0x8 CMakeFiles/CDPR_F103_HAL.dir/Core/Src/stm32f1xx_it.c.obj
                0x080055a8                BusFault_Handler
 .text.UsageFault_Handler
                0x080055b0        0x8 CMakeFiles/CDPR_F103_HAL.dir/Core/Src/stm32f1xx_it.c.obj
                0x080055b0                UsageFault_Handler
 .text.DebugMon_Handler
                0x080055b8        0xc CMakeFiles/CDPR_F103_HAL.dir/Core/Src/stm32f1xx_it.c.obj
                0x080055b8                DebugMon_Handler
 .text.SVC_Handler
                0x080055c4        0xc CMakeFiles/CDPR_F103_HAL.dir/Core/Src/stm32f1xx_it.c.obj
                0x080055c4                SVC_Handler
 .text.PendSV_Handler
                0x080055d0        0xc CMakeFiles/CDPR_F103_HAL.dir/Core/Src/stm32f1xx_it.c.obj
                0x080055d0                PendSV_Handler
 .text.SysTick_Handler
                0x080055dc        0xc CMakeFiles/CDPR_F103_HAL.dir/Core/Src/stm32f1xx_it.c.obj
                0x080055dc                SysTick_Handler
 .text.DMA1_Channel6_IRQHandler
                0x080055e8       0x14 CMakeFiles/CDPR_F103_HAL.dir/Core/Src/stm32f1xx_it.c.obj
                0x080055e8                DMA1_Channel6_IRQHandler
 .text.TIM2_IRQHandler
                0x080055fc       0x14 CMakeFiles/CDPR_F103_HAL.dir/Core/Src/stm32f1xx_it.c.obj
                0x080055fc                TIM2_IRQHandler
 .text.USART2_IRQHandler
                0x08005610       0x14 CMakeFiles/CDPR_F103_HAL.dir/Core/Src/stm32f1xx_it.c.obj
                0x08005610                USART2_IRQHandler
 .text.USART3_IRQHandler
                0x08005624       0x14 CMakeFiles/CDPR_F103_HAL.dir/Core/Src/stm32f1xx_it.c.obj
                0x08005624                USART3_IRQHandler
 .text.HAL_MspInit
                0x08005638       0x70 CMakeFiles/CDPR_F103_HAL.dir/Core/Src/stm32f1xx_hal_msp.c.obj
                0x08005638                HAL_MspInit
 .text._sbrk    0x080056a8       0x6c CMakeFiles/CDPR_F103_HAL.dir/Core/Src/sysmem.c.obj
                0x080056a8                _sbrk
 .text._getpid  0x08005714        0xe CMakeFiles/CDPR_F103_HAL.dir/Core/Src/syscalls.c.obj
                0x08005714                _getpid
 .text._kill    0x08005722       0x20 CMakeFiles/CDPR_F103_HAL.dir/Core/Src/syscalls.c.obj
                0x08005722                _kill
 .text._exit    0x08005742       0x16 CMakeFiles/CDPR_F103_HAL.dir/Core/Src/syscalls.c.obj
                0x08005742                _exit
 .text._read    0x08005758       0x3a CMakeFiles/CDPR_F103_HAL.dir/Core/Src/syscalls.c.obj
                0x08005758                _read
 .text._write   0x08005792       0x38 CMakeFiles/CDPR_F103_HAL.dir/Core/Src/syscalls.c.obj
                0x08005792                _write
 .text._close   0x080057ca       0x16 CMakeFiles/CDPR_F103_HAL.dir/Core/Src/syscalls.c.obj
                0x080057ca                _close
 .text._fstat   0x080057e0       0x1e CMakeFiles/CDPR_F103_HAL.dir/Core/Src/syscalls.c.obj
                0x080057e0                _fstat
 .text._isatty  0x080057fe       0x14 CMakeFiles/CDPR_F103_HAL.dir/Core/Src/syscalls.c.obj
                0x080057fe                _isatty
 .text._lseek   0x08005812       0x18 CMakeFiles/CDPR_F103_HAL.dir/Core/Src/syscalls.c.obj
                0x08005812                _lseek
 *fill*         0x0800582a        0x2 
 .text.Reset_Handler
                0x0800582c       0x48 CMakeFiles/CDPR_F103_HAL.dir/startup_stm32f103xe.s.obj
                0x0800582c                Reset_Handler
 .text.Default_Handler
                0x08005874        0x2 CMakeFiles/CDPR_F103_HAL.dir/startup_stm32f103xe.s.obj
                0x08005874                RTC_Alarm_IRQHandler
                0x08005874                EXTI2_IRQHandler
                0x08005874                TIM8_TRG_COM_IRQHandler
                0x08005874                TIM8_CC_IRQHandler
                0x08005874                TIM1_CC_IRQHandler
                0x08005874                TIM6_IRQHandler
                0x08005874                PVD_IRQHandler
                0x08005874                SDIO_IRQHandler
                0x08005874                EXTI3_IRQHandler
                0x08005874                EXTI0_IRQHandler
                0x08005874                I2C2_EV_IRQHandler
                0x08005874                ADC1_2_IRQHandler
                0x08005874                SPI1_IRQHandler
                0x08005874                TAMPER_IRQHandler
                0x08005874                TIM8_UP_IRQHandler
                0x08005874                DMA2_Channel2_IRQHandler
                0x08005874                DMA1_Channel4_IRQHandler
                0x08005874                RTC_IRQHandler
                0x08005874                DMA1_Channel7_IRQHandler
                0x08005874                CAN1_RX1_IRQHandler
                0x08005874                UART5_IRQHandler
                0x08005874                ADC3_IRQHandler
                0x08005874                TIM4_IRQHandler
                0x08005874                DMA2_Channel1_IRQHandler
                0x08005874                I2C1_EV_IRQHandler
                0x08005874                UART4_IRQHandler
                0x08005874                TIM3_IRQHandler
                0x08005874                RCC_IRQHandler
                0x08005874                TIM1_TRG_COM_IRQHandler
                0x08005874                DMA1_Channel1_IRQHandler
                0x08005874                Default_Handler
                0x08005874                EXTI15_10_IRQHandler
                0x08005874                TIM7_IRQHandler
                0x08005874                TIM5_IRQHandler
                0x08005874                EXTI9_5_IRQHandler
                0x08005874                SPI2_IRQHandler
                0x08005874                DMA1_Channel5_IRQHandler
                0x08005874                EXTI4_IRQHandler
                0x08005874                USB_LP_CAN1_RX0_IRQHandler
                0x08005874                USB_HP_CAN1_TX_IRQHandler
                0x08005874                DMA1_Channel3_IRQHandler
                0x08005874                FSMC_IRQHandler
                0x08005874                TIM1_UP_IRQHandler
                0x08005874                WWDG_IRQHandler
                0x08005874                TIM1_BRK_IRQHandler
                0x08005874                EXTI1_IRQHandler
                0x08005874                DMA2_Channel4_5_IRQHandler
                0x08005874                I2C2_ER_IRQHandler
                0x08005874                DMA1_Channel2_IRQHandler
                0x08005874                TIM8_BRK_IRQHandler
                0x08005874                CAN1_SCE_IRQHandler
                0x08005874                FLASH_IRQHandler
                0x08005874                USART1_IRQHandler
                0x08005874                SPI3_IRQHandler
                0x08005874                I2C1_ER_IRQHandler
                0x08005874                USBWakeUp_IRQHandler
                0x08005874                DMA2_Channel3_IRQHandler
 .text.modbus_crc16
                0x08005876       0x7a CMakeFiles/CDPR_F103_HAL.dir/Core/Src/motor.c.obj
                0x08005876                modbus_crc16
 .text.motor_result_str
                0x080058f0       0x7c CMakeFiles/CDPR_F103_HAL.dir/Core/Src/motor.c.obj
                0x080058f0                motor_result_str
 .text.motor_rx_mode_name
                0x0800596c       0x14 CMakeFiles/CDPR_F103_HAL.dir/Core/Src/motor.c.obj
                0x0800596c                motor_rx_mode_name
 .text.motor_diag_finish
                0x08005980       0x30 CMakeFiles/CDPR_F103_HAL.dir/Core/Src/motor.c.obj
 .text.motor_diag_reset
                0x080059b0       0x7c CMakeFiles/CDPR_F103_HAL.dir/Core/Src/motor.c.obj
 .text.motor_uart_disable_unused_irq
                0x08005a2c       0x14 CMakeFiles/CDPR_F103_HAL.dir/Core/Src/motor.c.obj
 .text.motor_uart_clear_status
                0x08005a40       0x28 CMakeFiles/CDPR_F103_HAL.dir/Core/Src/motor.c.obj
 .text.motor_uart_error_from_sr
                0x08005a68       0x60 CMakeFiles/CDPR_F103_HAL.dir/Core/Src/motor.c.obj
 .text.motor_uart_dma_stop
                0x08005ac8       0x48 CMakeFiles/CDPR_F103_HAL.dir/Core/Src/motor.c.obj
 .text.motor_uart_dma_start
                0x08005b10       0x98 CMakeFiles/CDPR_F103_HAL.dir/Core/Src/motor.c.obj
 .text.motor_uart_flush_rx
                0x08005ba8       0xb0 CMakeFiles/CDPR_F103_HAL.dir/Core/Src/motor.c.obj
 .text.motor_uart_enable_rx
                0x08005c58       0x68 CMakeFiles/CDPR_F103_HAL.dir/Core/Src/motor.c.obj
 .text.motor_frame_crc_ok
                0x08005cc0       0x66 CMakeFiles/CDPR_F103_HAL.dir/Core/Src/motor.c.obj
 *fill*         0x08005d26        0x2 
 .text.motor_uart_dma_count
                0x08005d28       0x34 CMakeFiles/CDPR_F103_HAL.dir/Core/Src/motor.c.obj
 .text.motor_find_response_frame
                0x08005d5c       0xf8 CMakeFiles/CDPR_F103_HAL.dir/Core/Src/motor.c.obj
 .text.motor_uart_receive_frame
                0x08005e54      0x21c CMakeFiles/CDPR_F103_HAL.dir/Core/Src/motor.c.obj
 .text.motor_diag_record_tx_only
                0x08006070       0x48 CMakeFiles/CDPR_F103_HAL.dir/Core/Src/motor.c.obj
 .text.motor_print_hex
                0x080060b8       0x6c CMakeFiles/CDPR_F103_HAL.dir/Core/Src/motor.c.obj
 .text.motor_print_last_transaction_diag
                0x08006124      0x104 CMakeFiles/CDPR_F103_HAL.dir/Core/Src/motor.c.obj
                0x08006124                motor_print_last_transaction_diag
 .text.motor_cable_direction
                0x08006228       0x44 CMakeFiles/CDPR_F103_HAL.dir/Core/Src/motor.c.obj
                0x08006228                motor_cable_direction
 .text.mb_transaction
                0x0800626c      0x400 CMakeFiles/CDPR_F103_HAL.dir/Core/Src/motor.c.obj
 .text.motor_enable
                0x0800666c       0x6c CMakeFiles/CDPR_F103_HAL.dir/Core/Src/motor.c.obj
                0x0800666c                motor_enable
 .text.motor_move_pos
                0x080066d8      0x1b2 CMakeFiles/CDPR_F103_HAL.dir/Core/Src/motor.c.obj
                0x080066d8                motor_move_pos
 *fill*         0x0800688a        0x2 
 .text.motor_sync_trigger
                0x0800688c       0xac CMakeFiles/CDPR_F103_HAL.dir/Core/Src/motor.c.obj
                0x0800688c                motor_sync_trigger
 .text.motor_stop
                0x08006938       0x4c CMakeFiles/CDPR_F103_HAL.dir/Core/Src/motor.c.obj
                0x08006938                motor_stop
 .text.motor_zero_position
                0x08006984       0x3c CMakeFiles/CDPR_F103_HAL.dir/Core/Src/motor.c.obj
                0x08006984                motor_zero_position
 .text.motor_read_position
                0x080069c0       0xa4 CMakeFiles/CDPR_F103_HAL.dir/Core/Src/motor.c.obj
                0x080069c0                motor_read_position
 .text.kin_ik   0x08006a64       0xc8 CMakeFiles/CDPR_F103_HAL.dir/Core/Src/kinematics.c.obj
                0x08006a64                kin_ik
 .text.kin_in_range
                0x08006b2c       0x48 CMakeFiles/CDPR_F103_HAL.dir/Core/Src/kinematics.c.obj
                0x08006b2c                kin_in_range
 .text.motion_get_last_segment_report
                0x08006b74       0x2c CMakeFiles/CDPR_F103_HAL.dir/Core/Src/motion.c.obj
                0x08006b74                motion_get_last_segment_report
 .text.motion_stop_all_now
                0x08006ba0       0x32 CMakeFiles/CDPR_F103_HAL.dir/Core/Src/motion.c.obj
 .text.motion_delay_service
                0x08006bd2       0x34 CMakeFiles/CDPR_F103_HAL.dir/Core/Src/motion.c.obj
 *fill*         0x08006c06        0x2 
 .text.motion_patrol_payout_scale
                0x08006c08       0x50 CMakeFiles/CDPR_F103_HAL.dir/Core/Src/motion.c.obj
 .text.motion_buffer_move_pos_retry
                0x08006c58       0xd8 CMakeFiles/CDPR_F103_HAL.dir/Core/Src/motion.c.obj
 .text.motion_init
                0x08006d30       0x60 CMakeFiles/CDPR_F103_HAL.dir/Core/Src/motion.c.obj
                0x08006d30                motion_init
 .text.motion_enable_all
                0x08006d90       0x4a CMakeFiles/CDPR_F103_HAL.dir/Core/Src/motion.c.obj
                0x08006d90                motion_enable_all
 *fill*         0x08006dda        0x2 
 .text.motion_set_home
                0x08006ddc       0xec CMakeFiles/CDPR_F103_HAL.dir/Core/Src/motion.c.obj
                0x08006ddc                motion_set_home
 .text.motion_pre_buffer_delay
                0x08006ec8       0x1e CMakeFiles/CDPR_F103_HAL.dir/Core/Src/motion.c.obj
 .text.motion_post_buffer_delay
                0x08006ee6       0x1e CMakeFiles/CDPR_F103_HAL.dir/Core/Src/motion.c.obj
 .text.motion_move_between_nohome_scaled_ex
                0x08006f04      0x908 CMakeFiles/CDPR_F103_HAL.dir/Core/Src/motion.c.obj
 .text.motion_move_between_nohome_scaled
                0x0800780c       0x4c CMakeFiles/CDPR_F103_HAL.dir/Core/Src/motion.c.obj
 .text.motion_move_between_nohome
                0x08007858       0x38 CMakeFiles/CDPR_F103_HAL.dir/Core/Src/motion.c.obj
                0x08007858                motion_move_between_nohome
 .text.motion_move_between_nohome_patrol
                0x08007890       0x50 CMakeFiles/CDPR_F103_HAL.dir/Core/Src/motion.c.obj
                0x08007890                motion_move_between_nohome_patrol
 .text.motion_jog_step_start
                0x080078e0      0x398 CMakeFiles/CDPR_F103_HAL.dir/Core/Src/motion.c.obj
                0x080078e0                motion_jog_step_start
 .text.copy_frame_text
                0x08007c78       0x4c CMakeFiles/CDPR_F103_HAL.dir/Core/Src/vision.c.obj
 .text.record_bad_frame
                0x08007cc4       0x38 CMakeFiles/CDPR_F103_HAL.dir/Core/Src/vision.c.obj
 .text.record_unknown_frame
                0x08007cfc       0x2c CMakeFiles/CDPR_F103_HAL.dir/Core/Src/vision.c.obj
 .text.parse_float_strict
                0x08007d28       0x78 CMakeFiles/CDPR_F103_HAL.dir/Core/Src/vision.c.obj
 .text.mark_valid_frame
                0x08007da0       0x28 CMakeFiles/CDPR_F103_HAL.dir/Core/Src/vision.c.obj
 .text.is_home_tag
                0x08007dc8       0x70 CMakeFiles/CDPR_F103_HAL.dir/Core/Src/vision.c.obj
 .text.vision_init
                0x08007e38       0x84 CMakeFiles/CDPR_F103_HAL.dir/Core/Src/vision.c.obj
                0x08007e38                vision_init
 .text.parse_packet
                0x08007ebc      0x2dc CMakeFiles/CDPR_F103_HAL.dir/Core/Src/vision.c.obj
 .text.feed_char
                0x08008198      0x100 CMakeFiles/CDPR_F103_HAL.dir/Core/Src/vision.c.obj
 .text.HAL_UARTEx_RxEventCallback
                0x08008298       0x90 CMakeFiles/CDPR_F103_HAL.dir/Core/Src/vision.c.obj
                0x08008298                HAL_UARTEx_RxEventCallback
 .text.HAL_UART_ErrorCallback
                0x08008328       0x3c CMakeFiles/CDPR_F103_HAL.dir/Core/Src/vision.c.obj
                0x08008328                HAL_UART_ErrorCallback
 .text.vision_task
                0x08008364      0x15c CMakeFiles/CDPR_F103_HAL.dir/Core/Src/vision.c.obj
                0x08008364                vision_task
 .text.vision_send_mode
                0x080084c0       0x68 CMakeFiles/CDPR_F103_HAL.dir/Core/Src/vision.c.obj
                0x080084c0                vision_send_mode
 .text.vision_is_online
                0x08008528       0x38 CMakeFiles/CDPR_F103_HAL.dir/Core/Src/vision.c.obj
                0x08008528                vision_is_online
 .text.cmp_f    0x08008560       0x5e CMakeFiles/CDPR_F103_HAL.dir/Core/Src/vision.c.obj
 .text.abs_u32_diff
                0x080085be       0x2a CMakeFiles/CDPR_F103_HAL.dir/Core/Src/vision.c.obj
 .text.vision_read_circle_error_with_ref_filtered
                0x080085e8      0x1d4 CMakeFiles/CDPR_F103_HAL.dir/Core/Src/vision.c.obj
                0x080085e8                vision_read_circle_error_with_ref_filtered
 .text.vision_read_home_filtered
                0x080087bc       0xd8 CMakeFiles/CDPR_F103_HAL.dir/Core/Src/vision.c.obj
                0x080087bc                vision_read_home_filtered
 .text.Key0_Raw
                0x08008894       0x20 CMakeFiles/CDPR_F103_HAL.dir/Core/Src/task.c.obj
 .text.Key0_Edge
                0x080088b4       0x38 CMakeFiles/CDPR_F103_HAL.dir/Core/Src/task.c.obj
 .text.Task_VisionAge
                0x080088ec       0x26 CMakeFiles/CDPR_F103_HAL.dir/Core/Src/task.c.obj
 *fill*         0x08008912        0x2 
 .text.Task_ReadMotorPositionRetry
                0x08008914       0x64 CMakeFiles/CDPR_F103_HAL.dir/Core/Src/task.c.obj
 .text.Task_AbsI32
                0x08008978       0x1a CMakeFiles/CDPR_F103_HAL.dir/Core/Src/task.c.obj
 .text.Task_MotorPreBufferDelay
                0x08008992       0x1e CMakeFiles/CDPR_F103_HAL.dir/Core/Src/task.c.obj
 .text.Task_MotorPostBufferDelay
                0x080089b0       0x1e CMakeFiles/CDPR_F103_HAL.dir/Core/Src/task.c.obj
 *fill*         0x080089ce        0x2 
 .text.Task_MotorMovePosBufferRetry
                0x080089d0       0xe4 CMakeFiles/CDPR_F103_HAL.dir/Core/Src/task.c.obj
 .text.ManualKey_Update
                0x08008ab4       0x5a CMakeFiles/CDPR_F103_HAL.dir/Core/Src/task.c.obj
 .text.ManualKey_IsPressed
                0x08008b0e       0x20 CMakeFiles/CDPR_F103_HAL.dir/Core/Src/task.c.obj
 *fill*         0x08008b2e        0x2 
 .text.Task_ManualKeysInit
                0x08008b30      0x134 CMakeFiles/CDPR_F103_HAL.dir/Core/Src/task.c.obj
 .text.Task_ManualKeysService
                0x08008c64       0xf8 CMakeFiles/CDPR_F103_HAL.dir/Core/Src/task.c.obj
 .text.Task_EdgePatrolKeyEdge
                0x08008d5c       0x40 CMakeFiles/CDPR_F103_HAL.dir/Core/Src/task.c.obj
 .text.Task_KeyPressedEdge
                0x08008d9c       0x4a CMakeFiles/CDPR_F103_HAL.dir/Core/Src/task.c.obj
 *fill*         0x08008de6        0x2 
 .text.Task_EdgeOrderModeKeyEdge
                0x08008de8       0x1c CMakeFiles/CDPR_F103_HAL.dir/Core/Src/task.c.obj
 .text.Task_EdgePatrolJobCount
                0x08008e04        0xe CMakeFiles/CDPR_F103_HAL.dir/Core/Src/task.c.obj
 *fill*         0x08008e12        0x2 
 .text.Task_EdgePatrolOrderedJob
                0x08008e14       0x60 CMakeFiles/CDPR_F103_HAL.dir/Core/Src/task.c.obj
 .text.Task_EdgePatrolFormatOrder
                0x08008e74       0xf8 CMakeFiles/CDPR_F103_HAL.dir/Core/Src/task.c.obj
 .text.Task_EdgeOrderPointUsed
                0x08008f6c       0x4c CMakeFiles/CDPR_F103_HAL.dir/Core/Src/task.c.obj
 .text.Task_EdgeOrderFindNext
                0x08008fb8       0x6c CMakeFiles/CDPR_F103_HAL.dir/Core/Src/task.c.obj
 .text.Task_EdgeOrderFindPrev
                0x08009024       0x70 CMakeFiles/CDPR_F103_HAL.dir/Core/Src/task.c.obj
 .text.Task_EdgeOrderResetEdit
                0x08009094       0x44 CMakeFiles/CDPR_F103_HAL.dir/Core/Src/task.c.obj
 .text.Task_EdgeOrderInitDefault
                0x080090d8       0x50 CMakeFiles/CDPR_F103_HAL.dir/Core/Src/task.c.obj
 .text.Task_EdgeOrderSyncKeyEdges
                0x08009128       0x78 CMakeFiles/CDPR_F103_HAL.dir/Core/Src/task.c.obj
 .text.Task_EdgeOrderSlotName
                0x080091a0       0x44 CMakeFiles/CDPR_F103_HAL.dir/Core/Src/task.c.obj
 .text.Task_EdgeOrderLoadActive
                0x080091e4       0x78 CMakeFiles/CDPR_F103_HAL.dir/Core/Src/task.c.obj
 .text.Task_EdgeOrderDraw
                0x0800925c      0x174 CMakeFiles/CDPR_F103_HAL.dir/Core/Src/task.c.obj
 .text.Task_EdgeOrderConfirm
                0x080093d0      0x148 CMakeFiles/CDPR_F103_HAL.dir/Core/Src/task.c.obj
 .text.Task_EdgeOrderBack
                0x08009518       0x90 CMakeFiles/CDPR_F103_HAL.dir/Core/Src/task.c.obj
 .text.Task_EdgeOrderEnter
                0x080095a8       0x60 CMakeFiles/CDPR_F103_HAL.dir/Core/Src/task.c.obj
 .text.Task_EdgeOrderExit
                0x08009608       0x3c CMakeFiles/CDPR_F103_HAL.dir/Core/Src/task.c.obj
 .text.Task_EdgeOrderMenuService
                0x08009644      0x194 CMakeFiles/CDPR_F103_HAL.dir/Core/Src/task.c.obj
 .text.Task_ShowManualZeroPrompt
                0x080097d8       0x40 CMakeFiles/CDPR_F103_HAL.dir/Core/Src/task.c.obj
 .text.Task_ShowManualJog
                0x08009818      0x114 CMakeFiles/CDPR_F103_HAL.dir/Core/Src/task.c.obj
 .text.Task_ShowManualJogThrottled
                0x0800992c       0x28 CMakeFiles/CDPR_F103_HAL.dir/Core/Src/task.c.obj
 .text.Task_ManualVisionLiveLog
                0x08009954      0x22c CMakeFiles/CDPR_F103_HAL.dir/Core/Src/task.c.obj
 .text.Task_ManualCenterPretension
                0x08009b80      0x148 CMakeFiles/CDPR_F103_HAL.dir/Core/Src/task.c.obj
 .text.Task_ManualRecenterAfterPretension
                0x08009cc8      0x1d0 CMakeFiles/CDPR_F103_HAL.dir/Core/Src/task.c.obj
 .text.Task_ManualAutoCenterAndRecord
                0x08009e98      0x5fc CMakeFiles/CDPR_F103_HAL.dir/Core/Src/task.c.obj
 .text.Task_ManualJogDirName
                0x0800a494       0x58 CMakeFiles/CDPR_F103_HAL.dir/Core/Src/task.c.obj
 .text.Task_ManualReadJogDir
                0x0800a4ec       0x70 CMakeFiles/CDPR_F103_HAL.dir/Core/Src/task.c.obj
 .text.Task_ClampManualJogPoint
                0x0800a55c       0x7c CMakeFiles/CDPR_F103_HAL.dir/Core/Src/task.c.obj
 .text.Task_ManualJogRunCm
                0x0800a5d8       0x10 CMakeFiles/CDPR_F103_HAL.dir/Core/Src/task.c.obj
 .text.Task_StopAllImmediate
                0x0800a5e8       0x88 CMakeFiles/CDPR_F103_HAL.dir/Core/Src/task.c.obj
 .text.Task_ManualJogRequireRehome
                0x0800a670       0x88 CMakeFiles/CDPR_F103_HAL.dir/Core/Src/task.c.obj
 .text.Task_ManualJogStop
                0x0800a6f8      0x134 CMakeFiles/CDPR_F103_HAL.dir/Core/Src/task.c.obj
 .text.Task_ManualJogStopForce
                0x0800a82c       0xf8 CMakeFiles/CDPR_F103_HAL.dir/Core/Src/task.c.obj
 .text.Task_ManualJogIntegrate
                0x0800a924      0x10c CMakeFiles/CDPR_F103_HAL.dir/Core/Src/task.c.obj
 .text.Task_ManualJogCommand
                0x0800aa30      0x6c8 CMakeFiles/CDPR_F103_HAL.dir/Core/Src/task.c.obj
 .text.Task_ManualClearBufferedMoves
                0x0800b0f8       0xe4 CMakeFiles/CDPR_F103_HAL.dir/Core/Src/task.c.obj
 .text.Task_ManualSendMotorDelta
                0x0800b1dc      0x2ac CMakeFiles/CDPR_F103_HAL.dir/Core/Src/task.c.obj
 .text.Task_ManualReturnZero
                0x0800b488      0x440 CMakeFiles/CDPR_F103_HAL.dir/Core/Src/task.c.obj
 .text.Task_EdgePatrolCircleName
                0x0800b8c8       0x58 CMakeFiles/CDPR_F103_HAL.dir/Core/Src/task.c.obj
 .text.Task_EdgePatrolMotionGains
                0x0800b920       0x80 CMakeFiles/CDPR_F103_HAL.dir/Core/Src/task.c.obj
 .text.Task_ShowEdgePatrol
                0x0800b9a0       0xa8 CMakeFiles/CDPR_F103_HAL.dir/Core/Src/task.c.obj
 .text.Task_EdgePatrolReleaseLimit
                0x0800ba48       0xb0 CMakeFiles/CDPR_F103_HAL.dir/Core/Src/task.c.obj
 .text.Task_EdgePatrolSegmentGentleEnough
                0x0800baf8       0xc0 CMakeFiles/CDPR_F103_HAL.dir/Core/Src/task.c.obj
 .text.Task_EdgePatrolCalcSegments
                0x0800bbb8      0x1d8 CMakeFiles/CDPR_F103_HAL.dir/Core/Src/task.c.obj
 .text.Task_EdgePatrolCircleReached
                0x0800bd90      0x27c CMakeFiles/CDPR_F103_HAL.dir/Core/Src/task.c.obj
 .text.Task_EdgePatrolGetLearnedTarget
                0x0800c00c       0xb4 CMakeFiles/CDPR_F103_HAL.dir/Core/Src/task.c.obj
 .text.Task_EdgePatrolSampleNode
                0x0800c0c0      0x4d0 CMakeFiles/CDPR_F103_HAL.dir/Core/Src/task.c.obj
 .text.Task_EdgePatrolPrintCalTable
                0x0800c590      0x15c CMakeFiles/CDPR_F103_HAL.dir/Core/Src/task.c.obj
 .text.Task_EdgePatrolLogNode
                0x0800c6ec      0x330 CMakeFiles/CDPR_F103_HAL.dir/Core/Src/task.c.obj
 .text.Task_EdgePatrolPrintEncVector
                0x0800ca1c       0x94 CMakeFiles/CDPR_F103_HAL.dir/Core/Src/task.c.obj
 .text.Task_EdgePatrolReadEncOnce
                0x0800cab0       0xac CMakeFiles/CDPR_F103_HAL.dir/Core/Src/task.c.obj
 .text.Task_EdgePatrolResetSegmentEncoderBaseline
                0x0800cb5c      0x15c CMakeFiles/CDPR_F103_HAL.dir/Core/Src/task.c.obj
 .text.Task_EdgePatrolEnsureLaserFresh
                0x0800ccb8      0x108 CMakeFiles/CDPR_F103_HAL.dir/Core/Src/task.c.obj
 .text.Task_EdgePatrolLogSegment
                0x0800cdc0      0x810 CMakeFiles/CDPR_F103_HAL.dir/Core/Src/task.c.obj
 .text.Task_EdgePatrolFineCircle
                0x0800d5d0      0x740 CMakeFiles/CDPR_F103_HAL.dir/Core/Src/task.c.obj
 .text.Task_EdgePatrolMoveTo
                0x0800dd10      0x5e8 CMakeFiles/CDPR_F103_HAL.dir/Core/Src/task.c.obj
 .text.Task_EdgePatrolAutoZeroBeforeRun
                0x0800e2f8      0x124 CMakeFiles/CDPR_F103_HAL.dir/Core/Src/task.c.obj
 .text.Task_EdgePatrolAutoZeroWithRecovery
                0x0800e41c       0xb8 CMakeFiles/CDPR_F103_HAL.dir/Core/Src/task.c.obj
 .text.Task_EdgePatrolRecoverAfterMoveFail
                0x0800e4d4      0x100 CMakeFiles/CDPR_F103_HAL.dir/Core/Src/task.c.obj
 .text.Task_EdgePatrolRunCornerJob
                0x0800e5d4      0x200 CMakeFiles/CDPR_F103_HAL.dir/Core/Src/task.c.obj
 .text.Task_EdgePatrolResetAfterCorner
                0x0800e7d4      0x114 CMakeFiles/CDPR_F103_HAL.dir/Core/Src/task.c.obj
 .text.Task_EdgePatrolRun
                0x0800e8e8      0x330 CMakeFiles/CDPR_F103_HAL.dir/Core/Src/task.c.obj
 .text.Task_ManualZeroLoop
                0x0800ec18      0x21c CMakeFiles/CDPR_F103_HAL.dir/Core/Src/task.c.obj
 .text.Task_RoundToInt
                0x0800ee34       0x4a CMakeFiles/CDPR_F103_HAL.dir/Core/Src/task.c.obj
 *fill*         0x0800ee7e        0x2 
 .text.Task_BuzzerSet
                0x0800ee80       0x2c CMakeFiles/CDPR_F103_HAL.dir/Core/Src/task.c.obj
 .text.Task_RecordFire
                0x0800eeac       0x80 CMakeFiles/CDPR_F103_HAL.dir/Core/Src/task.c.obj
 .text.Task_FireService
                0x0800ef2c      0x110 CMakeFiles/CDPR_F103_HAL.dir/Core/Src/task.c.obj
 .text.Task_DelayService
                0x0800f03c       0x38 CMakeFiles/CDPR_F103_HAL.dir/Core/Src/task.c.obj
 .text.Task_MatchKnownVisionCircle
                0x0800f074       0xa8 CMakeFiles/CDPR_F103_HAL.dir/Core/Src/task.c.obj
 .text.Task_GetVisionLaser
                0x0800f11c      0x2d4 CMakeFiles/CDPR_F103_HAL.dir/Core/Src/task.c.obj
 .text.Task_Init
                0x0800f3f0       0x68 CMakeFiles/CDPR_F103_HAL.dir/Core/Src/task.c.obj
                0x0800f3f0                Task_Init
 .text.Task_Loop
                0x0800f458       0x16 CMakeFiles/CDPR_F103_HAL.dir/Core/Src/task.c.obj
                0x0800f458                Task_Loop
 *fill*         0x0800f46e        0x2 
 .text.OLED_GetFont6x8
                0x0800f470      0x270 CMakeFiles/CDPR_F103_HAL.dir/Core/Src/oled.c.obj
 .text.OLED_WriteCmd
                0x0800f6e0       0x3c CMakeFiles/CDPR_F103_HAL.dir/Core/Src/oled.c.obj
 .text.OLED_WriteData
                0x0800f71c       0x7c CMakeFiles/CDPR_F103_HAL.dir/Core/Src/oled.c.obj
 .text.OLED_Init
                0x0800f798       0xbe CMakeFiles/CDPR_F103_HAL.dir/Core/Src/oled.c.obj
                0x0800f798                OLED_Init
 *fill*         0x0800f856        0x2 
 .text.OLED_Clear
                0x0800f858       0x18 CMakeFiles/CDPR_F103_HAL.dir/Core/Src/oled.c.obj
                0x0800f858                OLED_Clear
 .text.OLED_Refresh
                0x0800f870       0x50 CMakeFiles/CDPR_F103_HAL.dir/Core/Src/oled.c.obj
                0x0800f870                OLED_Refresh
 .text.OLED_ShowChar
                0x0800f8c0       0x64 CMakeFiles/CDPR_F103_HAL.dir/Core/Src/oled.c.obj
                0x0800f8c0                OLED_ShowChar
 .text.OLED_ShowString
                0x0800f924       0x42 CMakeFiles/CDPR_F103_HAL.dir/Core/Src/oled.c.obj
                0x0800f924                OLED_ShowString
 .text.OLED_ShowLine
                0x0800f966       0x28 CMakeFiles/CDPR_F103_HAL.dir/Core/Src/oled.c.obj
                0x0800f966                OLED_ShowLine
 *fill*         0x0800f98e        0x2 
 .text.sqrtf    0x0800f990       0x3c D:/STM32CubeCLT_1.21.0/GNU-tools-for-STM32/bin/../lib/gcc/arm-none-eabi/14.3.1/../../../../arm-none-eabi/lib/thumb/v7-m/nofp\libm.a(libm_a-wf_sqrt.o)
                0x0800f990                sqrtf
 .text.fmaxf    0x0800f9cc       0x2c D:/STM32CubeCLT_1.21.0/GNU-tools-for-STM32/bin/../lib/gcc/arm-none-eabi/14.3.1/../../../../arm-none-eabi/lib/thumb/v7-m/nofp\libm.a(libm_a-sf_fmax.o)
                0x0800f9cc                fmaxf
 .text.__fpclassifyf
                0x0800f9f8       0x34 D:/STM32CubeCLT_1.21.0/GNU-tools-for-STM32/bin/../lib/gcc/arm-none-eabi/14.3.1/../../../../arm-none-eabi/lib/thumb/v7-m/nofp\libm.a(libm_a-sf_fpclassify.o)
                0x0800f9f8                __fpclassifyf
 .text.__ieee754_sqrtf
                0x0800fa2c       0xe4 D:/STM32CubeCLT_1.21.0/GNU-tools-for-STM32/bin/../lib/gcc/arm-none-eabi/14.3.1/../../../../arm-none-eabi/lib/thumb/v7-m/nofp\libm.a(libm_a-ef_sqrt.o)
                0x0800fa2c                __ieee754_sqrtf
 .text.sulp     0x0800fb10       0x42 D:/STM32CubeCLT_1.21.0/GNU-tools-for-STM32/bin/../lib/gcc/arm-none-eabi/14.3.1/../../../../arm-none-eabi/lib/thumb/v7-m/nofp\libg_nano.a(libc_a-strtod.o)
 *fill*         0x0800fb52        0x6 
 .text._strtod_l
                0x0800fb58      0xba8 D:/STM32CubeCLT_1.21.0/GNU-tools-for-STM32/bin/../lib/gcc/arm-none-eabi/14.3.1/../../../../arm-none-eabi/lib/thumb/v7-m/nofp\libg_nano.a(libc_a-strtod.o)
                0x0800fb58                _strtod_l
 .text.strtof   0x08010700       0xb0 D:/STM32CubeCLT_1.21.0/GNU-tools-for-STM32/bin/../lib/gcc/arm-none-eabi/14.3.1/../../../../arm-none-eabi/lib/thumb/v7-m/nofp\libg_nano.a(libc_a-strtod.o)
                0x08010700                strtof
 .text._strtol_l.isra.0
                0x080107b0       0xf4 D:/STM32CubeCLT_1.21.0/GNU-tools-for-STM32/bin/../lib/gcc/arm-none-eabi/14.3.1/../../../../arm-none-eabi/lib/thumb/v7-m/nofp\libg_nano.a(libc_a-strtol.o)
 .text.strtol   0x080108a4       0x14 D:/STM32CubeCLT_1.21.0/GNU-tools-for-STM32/bin/../lib/gcc/arm-none-eabi/14.3.1/../../../../arm-none-eabi/lib/thumb/v7-m/nofp\libg_nano.a(libc_a-strtol.o)
                0x080108a4                strtol
 .text.swapfunc
                0x080108b8       0x32 D:/STM32CubeCLT_1.21.0/GNU-tools-for-STM32/bin/../lib/gcc/arm-none-eabi/14.3.1/../../../../arm-none-eabi/lib/thumb/v7-m/nofp\libg_nano.a(libc_a-qsort.o)
 .text.med3.constprop.0
                0x080108ea       0x40 D:/STM32CubeCLT_1.21.0/GNU-tools-for-STM32/bin/../lib/gcc/arm-none-eabi/14.3.1/../../../../arm-none-eabi/lib/thumb/v7-m/nofp\libg_nano.a(libc_a-qsort.o)
 .text.qsort    0x0801092a      0x294 D:/STM32CubeCLT_1.21.0/GNU-tools-for-STM32/bin/../lib/gcc/arm-none-eabi/14.3.1/../../../../arm-none-eabi/lib/thumb/v7-m/nofp\libg_nano.a(libc_a-qsort.o)
                0x0801092a                qsort
 .text.__cvt    0x08010bbe       0xc8 D:/STM32CubeCLT_1.21.0/GNU-tools-for-STM32/bin/../lib/gcc/arm-none-eabi/14.3.1/../../../../arm-none-eabi/lib/thumb/v7-m/nofp\libg_nano.a(libc_a-nano-vfprintf_float.o)
                0x08010bbe                __cvt
 .text.__exponent
                0x08010c86       0x74 D:/STM32CubeCLT_1.21.0/GNU-tools-for-STM32/bin/../lib/gcc/arm-none-eabi/14.3.1/../../../../arm-none-eabi/lib/thumb/v7-m/nofp\libg_nano.a(libc_a-nano-vfprintf_float.o)
                0x08010c86                __exponent
 *fill*         0x08010cfa        0x2 
 .text._printf_float
                0x08010cfc      0x458 D:/STM32CubeCLT_1.21.0/GNU-tools-for-STM32/bin/../lib/gcc/arm-none-eabi/14.3.1/../../../../arm-none-eabi/lib/thumb/v7-m/nofp\libg_nano.a(libc_a-nano-vfprintf_float.o)
                0x08010cfc                _printf_float
 .text._printf_common
                0x08011154       0xe4 D:/STM32CubeCLT_1.21.0/GNU-tools-for-STM32/bin/../lib/gcc/arm-none-eabi/14.3.1/../../../../arm-none-eabi/lib/thumb/v7-m/nofp\libg_nano.a(libc_a-nano-vfprintf_i.o)
                0x08011154                _printf_common
 .text._printf_i
                0x08011238      0x24c D:/STM32CubeCLT_1.21.0/GNU-tools-for-STM32/bin/../lib/gcc/arm-none-eabi/14.3.1/../../../../arm-none-eabi/lib/thumb/v7-m/nofp\libg_nano.a(libc_a-nano-vfprintf_i.o)
                0x08011238                _printf_i
 .text.std      0x08011484       0x6c D:/STM32CubeCLT_1.21.0/GNU-tools-for-STM32/bin/../lib/gcc/arm-none-eabi/14.3.1/../../../../arm-none-eabi/lib/thumb/v7-m/nofp\libg_nano.a(libc_a-findfp.o)
 .text.stdio_exit_handler
                0x080114f0       0x18 D:/STM32CubeCLT_1.21.0/GNU-tools-for-STM32/bin/../lib/gcc/arm-none-eabi/14.3.1/../../../../arm-none-eabi/lib/thumb/v7-m/nofp\libg_nano.a(libc_a-findfp.o)
 .text.cleanup_stdio
                0x08011508       0x40 D:/STM32CubeCLT_1.21.0/GNU-tools-for-STM32/bin/../lib/gcc/arm-none-eabi/14.3.1/../../../../arm-none-eabi/lib/thumb/v7-m/nofp\libg_nano.a(libc_a-findfp.o)
 .text.global_stdio_init.part.0
                0x08011548       0x40 D:/STM32CubeCLT_1.21.0/GNU-tools-for-STM32/bin/../lib/gcc/arm-none-eabi/14.3.1/../../../../arm-none-eabi/lib/thumb/v7-m/nofp\libg_nano.a(libc_a-findfp.o)
 .text.__sfp_lock_acquire
                0x08011588        0xc D:/STM32CubeCLT_1.21.0/GNU-tools-for-STM32/bin/../lib/gcc/arm-none-eabi/14.3.1/../../../../arm-none-eabi/lib/thumb/v7-m/nofp\libg_nano.a(libc_a-findfp.o)
                0x08011588                __sfp_lock_acquire
 .text.__sfp_lock_release
                0x08011594        0xc D:/STM32CubeCLT_1.21.0/GNU-tools-for-STM32/bin/../lib/gcc/arm-none-eabi/14.3.1/../../../../arm-none-eabi/lib/thumb/v7-m/nofp\libg_nano.a(libc_a-findfp.o)
                0x08011594                __sfp_lock_release
 .text.__sinit  0x080115a0       0x30 D:/STM32CubeCLT_1.21.0/GNU-tools-for-STM32/bin/../lib/gcc/arm-none-eabi/14.3.1/../../../../arm-none-eabi/lib/thumb/v7-m/nofp\libg_nano.a(libc_a-findfp.o)
                0x080115a0                __sinit
 .text._fwalk_sglue
                0x080115d0       0x3c D:/STM32CubeCLT_1.21.0/GNU-tools-for-STM32/bin/../lib/gcc/arm-none-eabi/14.3.1/../../../../arm-none-eabi/lib/thumb/v7-m/nofp\libg_nano.a(libc_a-fwalk.o)
                0x080115d0                _fwalk_sglue
 .text.printf   0x0801160c       0x24 D:/STM32CubeCLT_1.21.0/GNU-tools-for-STM32/bin/../lib/gcc/arm-none-eabi/14.3.1/../../../../arm-none-eabi/lib/thumb/v7-m/nofp\libg_nano.a(libc_a-printf.o)
                0x0801160c                iprintf
                0x0801160c                printf
 .text.putchar  0x08011630       0x10 D:/STM32CubeCLT_1.21.0/GNU-tools-for-STM32/bin/../lib/gcc/arm-none-eabi/14.3.1/../../../../arm-none-eabi/lib/thumb/v7-m/nofp\libg_nano.a(libc_a-putchar.o)
                0x08011630                putchar
 .text._puts_r  0x08011640       0xaa D:/STM32CubeCLT_1.21.0/GNU-tools-for-STM32/bin/../lib/gcc/arm-none-eabi/14.3.1/../../../../arm-none-eabi/lib/thumb/v7-m/nofp\libg_nano.a(libc_a-puts.o)
                0x08011640                _puts_r
 *fill*         0x080116ea        0x2 
 .text.puts     0x080116ec       0x10 D:/STM32CubeCLT_1.21.0/GNU-tools-for-STM32/bin/../lib/gcc/arm-none-eabi/14.3.1/../../../../arm-none-eabi/lib/thumb/v7-m/nofp\libg_nano.a(libc_a-puts.o)
                0x080116ec                puts
 .text.setvbuf  0x080116fc      0x168 D:/STM32CubeCLT_1.21.0/GNU-tools-for-STM32/bin/../lib/gcc/arm-none-eabi/14.3.1/../../../../arm-none-eabi/lib/thumb/v7-m/nofp\libg_nano.a(libc_a-setvbuf.o)
                0x080116fc                setvbuf
 .text.snprintf
                0x08011864       0x6c D:/STM32CubeCLT_1.21.0/GNU-tools-for-STM32/bin/../lib/gcc/arm-none-eabi/14.3.1/../../../../arm-none-eabi/lib/thumb/v7-m/nofp\libg_nano.a(libc_a-snprintf.o)
                0x08011864                sniprintf
                0x08011864                snprintf
 .text.__sread  0x080118d0       0x22 D:/STM32CubeCLT_1.21.0/GNU-tools-for-STM32/bin/../lib/gcc/arm-none-eabi/14.3.1/../../../../arm-none-eabi/lib/thumb/v7-m/nofp\libg_nano.a(libc_a-stdio.o)
                0x080118d0                __sread
 .text.__swrite
                0x080118f2       0x38 D:/STM32CubeCLT_1.21.0/GNU-tools-for-STM32/bin/../lib/gcc/arm-none-eabi/14.3.1/../../../../arm-none-eabi/lib/thumb/v7-m/nofp\libg_nano.a(libc_a-stdio.o)
                0x080118f2                __swrite
 .text.__sseek  0x0801192a       0x26 D:/STM32CubeCLT_1.21.0/GNU-tools-for-STM32/bin/../lib/gcc/arm-none-eabi/14.3.1/../../../../arm-none-eabi/lib/thumb/v7-m/nofp\libg_nano.a(libc_a-stdio.o)
                0x0801192a                __sseek
 .text.__sclose
                0x08011950        0x8 D:/STM32CubeCLT_1.21.0/GNU-tools-for-STM32/bin/../lib/gcc/arm-none-eabi/14.3.1/../../../../arm-none-eabi/lib/thumb/v7-m/nofp\libg_nano.a(libc_a-stdio.o)
                0x08011950                __sclose
 .text.__swbuf_r
                0x08011958       0x7c D:/STM32CubeCLT_1.21.0/GNU-tools-for-STM32/bin/../lib/gcc/arm-none-eabi/14.3.1/../../../../arm-none-eabi/lib/thumb/v7-m/nofp\libg_nano.a(libc_a-wbuf.o)
                0x08011958                __swbuf_r
 .text.__swsetup_r
                0x080119d4       0xa8 D:/STM32CubeCLT_1.21.0/GNU-tools-for-STM32/bin/../lib/gcc/arm-none-eabi/14.3.1/../../../../arm-none-eabi/lib/thumb/v7-m/nofp\libg_nano.a(libc_a-wsetup.o)
                0x080119d4                __swsetup_r
 .text.memset   0x08011a7c       0x10 D:/STM32CubeCLT_1.21.0/GNU-tools-for-STM32/bin/../lib/gcc/arm-none-eabi/14.3.1/../../../../arm-none-eabi/lib/thumb/v7-m/nofp\libg_nano.a(libc_a-memset.o)
                0x08011a7c                memset
 .text.strchr   0x08011a8c       0x1a D:/STM32CubeCLT_1.21.0/GNU-tools-for-STM32/bin/../lib/gcc/arm-none-eabi/14.3.1/../../../../arm-none-eabi/lib/thumb/v7-m/nofp\libg_nano.a(libc_a-strchr.o)
                0x08011a8c                strchr
 .text.strncmp  0x08011aa6       0x24 D:/STM32CubeCLT_1.21.0/GNU-tools-for-STM32/bin/../lib/gcc/arm-none-eabi/14.3.1/../../../../arm-none-eabi/lib/thumb/v7-m/nofp\libg_nano.a(libc_a-strncmp.o)
                0x08011aa6                strncmp
 *fill*         0x08011aca        0x2 
 .text._localeconv_r
                0x08011acc        0x8 D:/STM32CubeCLT_1.21.0/GNU-tools-for-STM32/bin/../lib/gcc/arm-none-eabi/14.3.1/../../../../arm-none-eabi/lib/thumb/v7-m/nofp\libg_nano.a(libc_a-localeconv.o)
                0x08011acc                _localeconv_r
 .text._close_r
                0x08011ad4       0x20 D:/STM32CubeCLT_1.21.0/GNU-tools-for-STM32/bin/../lib/gcc/arm-none-eabi/14.3.1/../../../../arm-none-eabi/lib/thumb/v7-m/nofp\libg_nano.a(libc_a-closer.o)
                0x08011ad4                _close_r
 .text._lseek_r
                0x08011af4       0x24 D:/STM32CubeCLT_1.21.0/GNU-tools-for-STM32/bin/../lib/gcc/arm-none-eabi/14.3.1/../../../../arm-none-eabi/lib/thumb/v7-m/nofp\libg_nano.a(libc_a-lseekr.o)
                0x08011af4                _lseek_r
 .text._read_r  0x08011b18       0x24 D:/STM32CubeCLT_1.21.0/GNU-tools-for-STM32/bin/../lib/gcc/arm-none-eabi/14.3.1/../../../../arm-none-eabi/lib/thumb/v7-m/nofp\libg_nano.a(libc_a-readr.o)
                0x08011b18                _read_r
 .text._write_r
                0x08011b3c       0x24 D:/STM32CubeCLT_1.21.0/GNU-tools-for-STM32/bin/../lib/gcc/arm-none-eabi/14.3.1/../../../../arm-none-eabi/lib/thumb/v7-m/nofp\libg_nano.a(libc_a-writer.o)
                0x08011b3c                _write_r
 .text.__errno  0x08011b60        0xc D:/STM32CubeCLT_1.21.0/GNU-tools-for-STM32/bin/../lib/gcc/arm-none-eabi/14.3.1/../../../../arm-none-eabi/lib/thumb/v7-m/nofp\libg_nano.a(libc_a-errno.o)
                0x08011b60                __errno
 .text.__libc_init_array
                0x08011b6c       0x48 D:/STM32CubeCLT_1.21.0/GNU-tools-for-STM32/bin/../lib/gcc/arm-none-eabi/14.3.1/../../../../arm-none-eabi/lib/thumb/v7-m/nofp\libg_nano.a(libc_a-init.o)
                0x08011b6c                __libc_init_array
 .text.__retarget_lock_init_recursive
                0x08011bb4        0x2 D:/STM32CubeCLT_1.21.0/GNU-tools-for-STM32/bin/../lib/gcc/arm-none-eabi/14.3.1/../../../../arm-none-eabi/lib/thumb/v7-m/nofp\libg_nano.a(libc_a-lock.o)
                0x08011bb4                __retarget_lock_init_recursive
 .text.__retarget_lock_acquire_recursive
                0x08011bb6        0x2 D:/STM32CubeCLT_1.21.0/GNU-tools-for-STM32/bin/../lib/gcc/arm-none-eabi/14.3.1/../../../../arm-none-eabi/lib/thumb/v7-m/nofp\libg_nano.a(libc_a-lock.o)
                0x08011bb6                __retarget_lock_acquire_recursive
 .text.__retarget_lock_release_recursive
                0x08011bb8        0x2 D:/STM32CubeCLT_1.21.0/GNU-tools-for-STM32/bin/../lib/gcc/arm-none-eabi/14.3.1/../../../../arm-none-eabi/lib/thumb/v7-m/nofp\libg_nano.a(libc_a-lock.o)
                0x08011bb8                __retarget_lock_release_recursive
 .text.memchr   0x08011bba       0x1c D:/STM32CubeCLT_1.21.0/GNU-tools-for-STM32/bin/../lib/gcc/arm-none-eabi/14.3.1/../../../../arm-none-eabi/lib/thumb/v7-m/nofp\libg_nano.a(libc_a-memchr-stub.o)
                0x08011bba                memchr
 .text.memcpy   0x08011bd6       0x1c D:/STM32CubeCLT_1.21.0/GNU-tools-for-STM32/bin/../lib/gcc/arm-none-eabi/14.3.1/../../../../arm-none-eabi/lib/thumb/v7-m/nofp\libg_nano.a(libc_a-memcpy-stub.o)
                0x08011bd6                memcpy
 *fill*         0x08011bf2        0x2 
 .text.nan      0x08011bf4        0xc D:/STM32CubeCLT_1.21.0/GNU-tools-for-STM32/bin/../lib/gcc/arm-none-eabi/14.3.1/../../../../arm-none-eabi/lib/thumb/v7-m/nofp\libg_nano.a(libm_a-s_nan.o)
                0x08011bf4                nan
 .text.nanf     0x08011c00        0x8 D:/STM32CubeCLT_1.21.0/GNU-tools-for-STM32/bin/../lib/gcc/arm-none-eabi/14.3.1/../../../../arm-none-eabi/lib/thumb/v7-m/nofp\libg_nano.a(libm_a-sf_nan.o)
                0x08011c00                nanf
 .text.quorem   0x08011c08      0x110 D:/STM32CubeCLT_1.21.0/GNU-tools-for-STM32/bin/../lib/gcc/arm-none-eabi/14.3.1/../../../../arm-none-eabi/lib/thumb/v7-m/nofp\libg_nano.a(libc_a-dtoa.o)
 .text._dtoa_r  0x08011d18      0xbcc D:/STM32CubeCLT_1.21.0/GNU-tools-for-STM32/bin/../lib/gcc/arm-none-eabi/14.3.1/../../../../arm-none-eabi/lib/thumb/v7-m/nofp\libg_nano.a(libc_a-dtoa.o)
                0x08011d18                _dtoa_r
 .text._free_r  0x080128e4       0x90 D:/STM32CubeCLT_1.21.0/GNU-tools-for-STM32/bin/../lib/gcc/arm-none-eabi/14.3.1/../../../../arm-none-eabi/lib/thumb/v7-m/nofp\libg_nano.a(libc_a-freer.o)
                0x080128e4                _free_r
 .text.rshift   0x08012974       0xa6 D:/STM32CubeCLT_1.21.0/GNU-tools-for-STM32/bin/../lib/gcc/arm-none-eabi/14.3.1/../../../../arm-none-eabi/lib/thumb/v7-m/nofp\libg_nano.a(libc_a-gdtoa-gethex.o)
 .text.__hexdig_fun
                0x08012a1a       0x2a D:/STM32CubeCLT_1.21.0/GNU-tools-for-STM32/bin/../lib/gcc/arm-none-eabi/14.3.1/../../../../arm-none-eabi/lib/thumb/v7-m/nofp\libg_nano.a(libc_a-gdtoa-gethex.o)
                0x08012a1a                __hexdig_fun
 .text.__gethex
                0x08012a44      0x420 D:/STM32CubeCLT_1.21.0/GNU-tools-for-STM32/bin/../lib/gcc/arm-none-eabi/14.3.1/../../../../arm-none-eabi/lib/thumb/v7-m/nofp\libg_nano.a(libc_a-gdtoa-gethex.o)
                0x08012a44                __gethex
 .text.L_shift  0x08012e64       0x24 D:/STM32CubeCLT_1.21.0/GNU-tools-for-STM32/bin/../lib/gcc/arm-none-eabi/14.3.1/../../../../arm-none-eabi/lib/thumb/v7-m/nofp\libg_nano.a(libc_a-gdtoa-hexnan.o)
 .text.__match  0x08012e88       0x28 D:/STM32CubeCLT_1.21.0/GNU-tools-for-STM32/bin/../lib/gcc/arm-none-eabi/14.3.1/../../../../arm-none-eabi/lib/thumb/v7-m/nofp\libg_nano.a(libc_a-gdtoa-hexnan.o)
                0x08012e88                __match
 .text.__hexnan
                0x08012eb0      0x13a D:/STM32CubeCLT_1.21.0/GNU-tools-for-STM32/bin/../lib/gcc/arm-none-eabi/14.3.1/../../../../arm-none-eabi/lib/thumb/v7-m/nofp\libg_nano.a(libc_a-gdtoa-hexnan.o)
                0x08012eb0                __hexnan
 *fill*         0x08012fea        0x2 
 .text.malloc   0x08012fec       0x10 D:/STM32CubeCLT_1.21.0/GNU-tools-for-STM32/bin/../lib/gcc/arm-none-eabi/14.3.1/../../../../arm-none-eabi/lib/thumb/v7-m/nofp\libg_nano.a(libc_a-malloc.o)
                0x08012fec                malloc
 .text.sbrk_aligned
                0x08012ffc       0x44 D:/STM32CubeCLT_1.21.0/GNU-tools-for-STM32/bin/../lib/gcc/arm-none-eabi/14.3.1/../../../../arm-none-eabi/lib/thumb/v7-m/nofp\libg_nano.a(libc_a-mallocr.o)
 .text._malloc_r
                0x08013040      0x100 D:/STM32CubeCLT_1.21.0/GNU-tools-for-STM32/bin/../lib/gcc/arm-none-eabi/14.3.1/../../../../arm-none-eabi/lib/thumb/v7-m/nofp\libg_nano.a(libc_a-mallocr.o)
                0x08013040                _malloc_r
 .text.__ascii_mbtowc
                0x08013140       0x24 D:/STM32CubeCLT_1.21.0/GNU-tools-for-STM32/bin/../lib/gcc/arm-none-eabi/14.3.1/../../../../arm-none-eabi/lib/thumb/v7-m/nofp\libg_nano.a(libc_a-mbtowc_r.o)
                0x08013140                __ascii_mbtowc
 .text.__malloc_lock
                0x08013164        0xc D:/STM32CubeCLT_1.21.0/GNU-tools-for-STM32/bin/../lib/gcc/arm-none-eabi/14.3.1/../../../../arm-none-eabi/lib/thumb/v7-m/nofp\libg_nano.a(libc_a-mlock.o)
                0x08013164                __malloc_lock
 .text.__malloc_unlock
                0x08013170        0xc D:/STM32CubeCLT_1.21.0/GNU-tools-for-STM32/bin/../lib/gcc/arm-none-eabi/14.3.1/../../../../arm-none-eabi/lib/thumb/v7-m/nofp\libg_nano.a(libc_a-mlock.o)
                0x08013170                __malloc_unlock
 .text._Balloc  0x0801317c       0x7c D:/STM32CubeCLT_1.21.0/GNU-tools-for-STM32/bin/../lib/gcc/arm-none-eabi/14.3.1/../../../../arm-none-eabi/lib/thumb/v7-m/nofp\libg_nano.a(libc_a-mprec.o)
                0x0801317c                _Balloc
 .text._Bfree   0x080131f8       0x44 D:/STM32CubeCLT_1.21.0/GNU-tools-for-STM32/bin/../lib/gcc/arm-none-eabi/14.3.1/../../../../arm-none-eabi/lib/thumb/v7-m/nofp\libg_nano.a(libc_a-mprec.o)
                0x080131f8                _Bfree
 .text.__multadd
                0x0801323c       0x8c D:/STM32CubeCLT_1.21.0/GNU-tools-for-STM32/bin/../lib/gcc/arm-none-eabi/14.3.1/../../../../arm-none-eabi/lib/thumb/v7-m/nofp\libg_nano.a(libc_a-mprec.o)
                0x0801323c                __multadd
 .text.__s2b    0x080132c8       0x94 D:/STM32CubeCLT_1.21.0/GNU-tools-for-STM32/bin/../lib/gcc/arm-none-eabi/14.3.1/../../../../arm-none-eabi/lib/thumb/v7-m/nofp\libg_nano.a(libc_a-mprec.o)
                0x080132c8                __s2b
 .text.__hi0bits
                0x0801335c       0x3e D:/STM32CubeCLT_1.21.0/GNU-tools-for-STM32/bin/../lib/gcc/arm-none-eabi/14.3.1/../../../../arm-none-eabi/lib/thumb/v7-m/nofp\libg_nano.a(libc_a-mprec.o)
                0x0801335c                __hi0bits
 .text.__lo0bits
                0x0801339a       0x5a D:/STM32CubeCLT_1.21.0/GNU-tools-for-STM32/bin/../lib/gcc/arm-none-eabi/14.3.1/../../../../arm-none-eabi/lib/thumb/v7-m/nofp\libg_nano.a(libc_a-mprec.o)
                0x0801339a                __lo0bits
 .text.__i2b    0x080133f4       0x2c D:/STM32CubeCLT_1.21.0/GNU-tools-for-STM32/bin/../lib/gcc/arm-none-eabi/14.3.1/../../../../arm-none-eabi/lib/thumb/v7-m/nofp\libg_nano.a(libc_a-mprec.o)
                0x080133f4                __i2b
 .text.__multiply
                0x08013420      0x150 D:/STM32CubeCLT_1.21.0/GNU-tools-for-STM32/bin/../lib/gcc/arm-none-eabi/14.3.1/../../../../arm-none-eabi/lib/thumb/v7-m/nofp\libg_nano.a(libc_a-mprec.o)
                0x08013420                __multiply
 .text.__pow5mult
                0x08013570       0xb8 D:/STM32CubeCLT_1.21.0/GNU-tools-for-STM32/bin/../lib/gcc/arm-none-eabi/14.3.1/../../../../arm-none-eabi/lib/thumb/v7-m/nofp\libg_nano.a(libc_a-mprec.o)
                0x08013570                __pow5mult
 .text.__lshift
                0x08013628       0xd8 D:/STM32CubeCLT_1.21.0/GNU-tools-for-STM32/bin/../lib/gcc/arm-none-eabi/14.3.1/../../../../arm-none-eabi/lib/thumb/v7-m/nofp\libg_nano.a(libc_a-mprec.o)
                0x08013628                __lshift
 .text.__mcmp   0x08013700       0x36 D:/STM32CubeCLT_1.21.0/GNU-tools-for-STM32/bin/../lib/gcc/arm-none-eabi/14.3.1/../../../../arm-none-eabi/lib/thumb/v7-m/nofp\libg_nano.a(libc_a-mprec.o)
                0x08013700                __mcmp
 *fill*         0x08013736        0x2 
 .text.__mdiff  0x08013738      0x130 D:/STM32CubeCLT_1.21.0/GNU-tools-for-STM32/bin/../lib/gcc/arm-none-eabi/14.3.1/../../../../arm-none-eabi/lib/thumb/v7-m/nofp\libg_nano.a(libc_a-mprec.o)
                0x08013738                __mdiff
 .text.__ulp    0x08013868       0x40 D:/STM32CubeCLT_1.21.0/GNU-tools-for-STM32/bin/../lib/gcc/arm-none-eabi/14.3.1/../../../../arm-none-eabi/lib/thumb/v7-m/nofp\libg_nano.a(libc_a-mprec.o)
                0x08013868                __ulp
 .text.__b2d    0x080138a8       0x90 D:/STM32CubeCLT_1.21.0/GNU-tools-for-STM32/bin/../lib/gcc/arm-none-eabi/14.3.1/../../../../arm-none-eabi/lib/thumb/v7-m/nofp\libg_nano.a(libc_a-mprec.o)
                0x080138a8                __b2d
 .text.__d2b    0x08013938       0xb0 D:/STM32CubeCLT_1.21.0/GNU-tools-for-STM32/bin/../lib/gcc/arm-none-eabi/14.3.1/../../../../arm-none-eabi/lib/thumb/v7-m/nofp\libg_nano.a(libc_a-mprec.o)
                0x08013938                __d2b
 .text.__ratio  0x080139e8       0x60 D:/STM32CubeCLT_1.21.0/GNU-tools-for-STM32/bin/../lib/gcc/arm-none-eabi/14.3.1/../../../../arm-none-eabi/lib/thumb/v7-m/nofp\libg_nano.a(libc_a-mprec.o)
                0x080139e8                __ratio
 .text.__copybits
                0x08013a48       0x46 D:/STM32CubeCLT_1.21.0/GNU-tools-for-STM32/bin/../lib/gcc/arm-none-eabi/14.3.1/../../../../arm-none-eabi/lib/thumb/v7-m/nofp\libg_nano.a(libc_a-mprec.o)
                0x08013a48                __copybits
 .text.__any_on
                0x08013a8e       0x42 D:/STM32CubeCLT_1.21.0/GNU-tools-for-STM32/bin/../lib/gcc/arm-none-eabi/14.3.1/../../../../arm-none-eabi/lib/thumb/v7-m/nofp\libg_nano.a(libc_a-mprec.o)
                0x08013a8e                __any_on
 .text.__ascii_wctomb
                0x08013ad0       0x1a D:/STM32CubeCLT_1.21.0/GNU-tools-for-STM32/bin/../lib/gcc/arm-none-eabi/14.3.1/../../../../arm-none-eabi/lib/thumb/v7-m/nofp\libg_nano.a(libc_a-wctomb_r.o)
                0x08013ad0                __ascii_wctomb
 .text.__ssputs_r
                0x08013aea       0xc0 D:/STM32CubeCLT_1.21.0/GNU-tools-for-STM32/bin/../lib/gcc/arm-none-eabi/14.3.1/../../../../arm-none-eabi/lib/thumb/v7-m/nofp\libg_nano.a(libc_a-nano-svfprintf.o)
                0x08013aea                __ssputs_r
 *fill*         0x08013baa        0x2 
 .text._svfprintf_r
                0x08013bac      0x1f0 D:/STM32CubeCLT_1.21.0/GNU-tools-for-STM32/bin/../lib/gcc/arm-none-eabi/14.3.1/../../../../arm-none-eabi/lib/thumb/v7-m/nofp\libg_nano.a(libc_a-nano-svfprintf.o)
                0x08013bac                _svfiprintf_r
                0x08013bac                _svfprintf_r
 .text.__sfputc_r
                0x08013d9c       0x2a D:/STM32CubeCLT_1.21.0/GNU-tools-for-STM32/bin/../lib/gcc/arm-none-eabi/14.3.1/../../../../arm-none-eabi/lib/thumb/v7-m/nofp\libg_nano.a(libc_a-nano-vfprintf.o)
 .text.__sfputs_r
                0x08013dc6       0x24 D:/STM32CubeCLT_1.21.0/GNU-tools-for-STM32/bin/../lib/gcc/arm-none-eabi/14.3.1/../../../../arm-none-eabi/lib/thumb/v7-m/nofp\libg_nano.a(libc_a-nano-vfprintf.o)
                0x08013dc6                __sfputs_r
 *fill*         0x08013dea        0x2 
 .text._vfprintf_r
                0x08013dec      0x228 D:/STM32CubeCLT_1.21.0/GNU-tools-for-STM32/bin/../lib/gcc/arm-none-eabi/14.3.1/../../../../arm-none-eabi/lib/thumb/v7-m/nofp\libg_nano.a(libc_a-nano-vfprintf.o)
                0x08013dec                _vfprintf_r
                0x08013dec                _vfiprintf_r
 .text.__sflush_r
                0x08014014       0xfc D:/STM32CubeCLT_1.21.0/GNU-tools-for-STM32/bin/../lib/gcc/arm-none-eabi/14.3.1/../../../../arm-none-eabi/lib/thumb/v7-m/nofp\libg_nano.a(libc_a-fflush.o)
                0x08014014                __sflush_r
 .text._fflush_r
                0x08014110       0x50 D:/STM32CubeCLT_1.21.0/GNU-tools-for-STM32/bin/../lib/gcc/arm-none-eabi/14.3.1/../../../../arm-none-eabi/lib/thumb/v7-m/nofp\libg_nano.a(libc_a-fflush.o)
                0x08014110                _fflush_r
 .text.__swhatbuf_r
                0x08014160       0x48 D:/STM32CubeCLT_1.21.0/GNU-tools-for-STM32/bin/../lib/gcc/arm-none-eabi/14.3.1/../../../../arm-none-eabi/lib/thumb/v7-m/nofp\libg_nano.a(libc_a-makebuf.o)
                0x08014160                __swhatbuf_r
 .text.__smakebuf_r
                0x080141a8       0x72 D:/STM32CubeCLT_1.21.0/GNU-tools-for-STM32/bin/../lib/gcc/arm-none-eabi/14.3.1/../../../../arm-none-eabi/lib/thumb/v7-m/nofp\libg_nano.a(libc_a-makebuf.o)
                0x080141a8                __smakebuf_r
 .text._putc_r  0x0801421a       0x68 D:/STM32CubeCLT_1.21.0/GNU-tools-for-STM32/bin/../lib/gcc/arm-none-eabi/14.3.1/../../../../arm-none-eabi/lib/thumb/v7-m/nofp\libg_nano.a(libc_a-putc.o)
                0x0801421a                _putc_r
 .text.memmove  0x08014282       0x32 D:/STM32CubeCLT_1.21.0/GNU-tools-for-STM32/bin/../lib/gcc/arm-none-eabi/14.3.1/../../../../arm-none-eabi/lib/thumb/v7-m/nofp\libg_nano.a(libc_a-memmove.o)
                0x08014282                memmove
 .text._fstat_r
                0x080142b4       0x24 D:/STM32CubeCLT_1.21.0/GNU-tools-for-STM32/bin/../lib/gcc/arm-none-eabi/14.3.1/../../../../arm-none-eabi/lib/thumb/v7-m/nofp\libg_nano.a(libc_a-fstatr.o)
                0x080142b4                _fstat_r
 .text._isatty_r
                0x080142d8       0x20 D:/STM32CubeCLT_1.21.0/GNU-tools-for-STM32/bin/../lib/gcc/arm-none-eabi/14.3.1/../../../../arm-none-eabi/lib/thumb/v7-m/nofp\libg_nano.a(libc_a-isattyr.o)
                0x080142d8                _isatty_r
 .text._sbrk_r  0x080142f8       0x20 D:/STM32CubeCLT_1.21.0/GNU-tools-for-STM32/bin/../lib/gcc/arm-none-eabi/14.3.1/../../../../arm-none-eabi/lib/thumb/v7-m/nofp\libg_nano.a(libc_a-sbrkr.o)
                0x080142f8                _sbrk_r
 .text.__assert_func
                0x08014318       0x3c D:/STM32CubeCLT_1.21.0/GNU-tools-for-STM32/bin/../lib/gcc/arm-none-eabi/14.3.1/../../../../arm-none-eabi/lib/thumb/v7-m/nofp\libg_nano.a(libc_a-assert.o)
                0x08014318                __assert_func
 .text._calloc_r
                0x08014354       0x28 D:/STM32CubeCLT_1.21.0/GNU-tools-for-STM32/bin/../lib/gcc/arm-none-eabi/14.3.1/../../../../arm-none-eabi/lib/thumb/v7-m/nofp\libg_nano.a(libc_a-callocr.o)
                0x08014354                _calloc_r
 .text._realloc_r
                0x0801437c       0x5c D:/STM32CubeCLT_1.21.0/GNU-tools-for-STM32/bin/../lib/gcc/arm-none-eabi/14.3.1/../../../../arm-none-eabi/lib/thumb/v7-m/nofp\libg_nano.a(libc_a-reallocr.o)
                0x0801437c                _realloc_r
 .text.fprintf  0x080143d8       0x24 D:/STM32CubeCLT_1.21.0/GNU-tools-for-STM32/bin/../lib/gcc/arm-none-eabi/14.3.1/../../../../arm-none-eabi/lib/thumb/v7-m/nofp\libg_nano.a(libc_a-fprintf.o)
                0x080143d8                fiprintf
                0x080143d8                fprintf
 .text.abort    0x080143fc        0xe D:/STM32CubeCLT_1.21.0/GNU-tools-for-STM32/bin/../lib/gcc/arm-none-eabi/14.3.1/../../../../arm-none-eabi/lib/thumb/v7-m/nofp\libg_nano.a(libc_a-abort.o)
                0x080143fc                abort
 .text._malloc_usable_size_r
                0x0801440a       0x10 D:/STM32CubeCLT_1.21.0/GNU-tools-for-STM32/bin/../lib/gcc/arm-none-eabi/14.3.1/../../../../arm-none-eabi/lib/thumb/v7-m/nofp\libg_nano.a(libc_a-msizer.o)
                0x0801440a                _malloc_usable_size_r
 .text._raise_r
                0x0801441a       0x50 D:/STM32CubeCLT_1.21.0/GNU-tools-for-STM32/bin/../lib/gcc/arm-none-eabi/14.3.1/../../../../arm-none-eabi/lib/thumb/v7-m/nofp\libg_nano.a(libc_a-signal.o)
                0x0801441a                _raise_r
 *fill*         0x0801446a        0x2 
 .text.raise    0x0801446c       0x10 D:/STM32CubeCLT_1.21.0/GNU-tools-for-STM32/bin/../lib/gcc/arm-none-eabi/14.3.1/../../../../arm-none-eabi/lib/thumb/v7-m/nofp\libg_nano.a(libc_a-signal.o)
                0x0801446c                raise
 .text._kill_r  0x0801447c       0x24 D:/STM32CubeCLT_1.21.0/GNU-tools-for-STM32/bin/../lib/gcc/arm-none-eabi/14.3.1/../../../../arm-none-eabi/lib/thumb/v7-m/nofp\libg_nano.a(libc_a-signalr.o)
                0x0801447c                _kill_r
 .text._getpid_r
                0x080144a0        0x4 D:/STM32CubeCLT_1.21.0/GNU-tools-for-STM32/bin/../lib/gcc/arm-none-eabi/14.3.1/../../../../arm-none-eabi/lib/thumb/v7-m/nofp\libg_nano.a(libc_a-signalr.o)
                0x080144a0                _getpid_r
 *(.glue_7)
 .glue_7        0x080144a4        0x0 linker stubs
 *(.glue_7t)
 .glue_7t       0x080144a4        0x0 linker stubs
 *(.eh_frame)
 .eh_frame      0x080144a4        0x0 D:/STM32CubeCLT_1.21.0/GNU-tools-for-STM32/bin/../lib/gcc/arm-none-eabi/14.3.1/thumb/v7-m/nofp/crtbegin.o
 *(.init)
 .init          0x080144a4        0x4 D:/STM32CubeCLT_1.21.0/GNU-tools-for-STM32/bin/../lib/gcc/arm-none-eabi/14.3.1/thumb/v7-m/nofp/crti.o
                0x080144a4                _init
 .init          0x080144a8        0x8 D:/STM32CubeCLT_1.21.0/GNU-tools-for-STM32/bin/../lib/gcc/arm-none-eabi/14.3.1/thumb/v7-m/nofp/crtn.o
 *(.fini)
 .fini          0x080144b0        0x4 D:/STM32CubeCLT_1.21.0/GNU-tools-for-STM32/bin/../lib/gcc/arm-none-eabi/14.3.1/thumb/v7-m/nofp/crti.o
                0x080144b0                _fini
 .fini          0x080144b4        0x8 D:/STM32CubeCLT_1.21.0/GNU-tools-for-STM32/bin/../lib/gcc/arm-none-eabi/14.3.1/thumb/v7-m/nofp/crtn.o
                0x080144bc                        . = ALIGN (0x4)
                0x080144bc                        _etext = .

.vfp11_veneer   0x080144bc        0x0
 .vfp11_veneer  0x080144bc        0x0 linker stubs

.v4_bx          0x080144bc        0x0
 .v4_bx         0x080144bc        0x0 linker stubs

.iplt           0x080144bc        0x0
 .iplt          0x080144bc        0x0 D:/STM32CubeCLT_1.21.0/GNU-tools-for-STM32/bin/../lib/gcc/arm-none-eabi/14.3.1/thumb/v7-m/nofp/crtbegin.o

.rodata         0x080144c0     0x4048
                0x080144c0                        . = ALIGN (0x4)
 *(.rodata)
 .rodata        0x080144c0       0x47 CMakeFiles/CDPR_F103_HAL.dir/Core/Src/main.c.obj
 *fill*         0x08014507        0x1 
 .rodata        0x08014508      0x11a CMakeFiles/CDPR_F103_HAL.dir/Core/Src/motor.c.obj
 *fill*         0x08014622        0x2 
 .rodata        0x08014624      0x330 CMakeFiles/CDPR_F103_HAL.dir/Core/Src/motion.c.obj
 .rodata        0x08014954       0x57 CMakeFiles/CDPR_F103_HAL.dir/Core/Src/vision.c.obj
 *fill*         0x080149ab        0x1 
 .rodata        0x080149ac     0x33c4 CMakeFiles/CDPR_F103_HAL.dir/Core/Src/task.c.obj
 *(.rodata*)
 .rodata.AHBPrescTable
                0x08017d70       0x10 cmake/stm32cubemx/CMakeFiles/STM32_Drivers.dir/__/__/Core/Src/system_stm32f1xx.c.obj
                0x08017d70                AHBPrescTable
 .rodata.APBPrescTable
                0x08017d80        0x8 cmake/stm32cubemx/CMakeFiles/STM32_Drivers.dir/__/__/Core/Src/system_stm32f1xx.c.obj
                0x08017d80                APBPrescTable
 .rodata.aPLLMULFactorTable.1
                0x08017d88       0x10 cmake/stm32cubemx/CMakeFiles/STM32_Drivers.dir/__/__/Drivers/STM32F1xx_HAL_Driver/Src/stm32f1xx_hal_rcc.c.obj
 .rodata.aPredivFactorTable.0
                0x08017d98        0x2 cmake/stm32cubemx/CMakeFiles/STM32_Drivers.dir/__/__/Drivers/STM32F1xx_HAL_Driver/Src/stm32f1xx_hal_rcc.c.obj
 *fill*         0x08017d9a        0x2 
 .rodata.Px     0x08017d9c       0x10 CMakeFiles/CDPR_F103_HAL.dir/Core/Src/kinematics.c.obj
 .rodata.Py     0x08017dac       0x10 CMakeFiles/CDPR_F103_HAL.dir/Core/Src/kinematics.c.obj
 .rodata.Ax     0x08017dbc       0x10 CMakeFiles/CDPR_F103_HAL.dir/Core/Src/kinematics.c.obj
 .rodata.Ay     0x08017dcc       0x10 CMakeFiles/CDPR_F103_HAL.dir/Core/Src/kinematics.c.obj
 .rodata.patrol_order.0
                0x08017ddc        0x4 CMakeFiles/CDPR_F103_HAL.dir/Core/Src/motion.c.obj
 .rodata.s_edge_patrol_lt_job
                0x08017de0       0x40 CMakeFiles/CDPR_F103_HAL.dir/Core/Src/task.c.obj
 .rodata.s_edge_patrol_rt_job
                0x08017e20       0x40 CMakeFiles/CDPR_F103_HAL.dir/Core/Src/task.c.obj
 .rodata.s_edge_patrol_rb_job
                0x08017e60       0x40 CMakeFiles/CDPR_F103_HAL.dir/Core/Src/task.c.obj
 .rodata.s_edge_patrol_lb_job
                0x08017ea0       0x40 CMakeFiles/CDPR_F103_HAL.dir/Core/Src/task.c.obj
 .rodata.s_edge_patrol_corner_jobs
                0x08017ee0       0x40 CMakeFiles/CDPR_F103_HAL.dir/Core/Src/task.c.obj
 .rodata.ref_x.5
                0x08017f20       0x10 CMakeFiles/CDPR_F103_HAL.dir/Core/Src/task.c.obj
 .rodata.ref_y.4
                0x08017f30       0x10 CMakeFiles/CDPR_F103_HAL.dir/Core/Src/task.c.obj
 .rodata.ref_x.3