Archive member included to satisfy reference by file (symbol)

D:/STM32CubeCLT_1.21.0/GNU-tools-for-STM32/bin/../lib/gcc/arm-none-eabi/14.3.1/../../../../arm-none-eabi/lib/thumb/v7-m/nofp\libm.a(libm_a-wf_sqrt.o)
                              CMakeFiles/CDPR_F103_HAL.dir/Core/Src/kinematics.c.obj (sqrtf)
D:/STM32CubeCLT_1.21.0/GNU-tools-for-STM32/bin/../lib/gcc/arm-none-eabi/14.3.1/../../../../arm-none-eabi/lib/thumb/v7-m/nofp\libm.a(libm_a-sf_fmax.o)
                              CMakeFiles/CDPR_F103_HAL.dir/Core/Src/task.c.obj (fmaxf)
D:/STM32CubeCLT_1.21.0/GNU-tools-for-STM32/bin/../lib/gcc/arm-none-eabi/14.3.1/../../../../arm-none-eabi/lib/thumb/v7-m/nofp\libm.a(libm_a-sf_fpclassify.o)
                              D:/STM32CubeCLT_1.21.0/GNU-tools-for-STM32/bin/../lib/gcc/arm-none-eabi/14.3.1/../../../../arm-none-eabi/lib/thumb/v7-m/nofp\libm.a(libm_a-sf_fmax.o) (__fpclassifyf)
D:/STM32CubeCLT_1.21.0/GNU-tools-for-STM32/bin/../lib/gcc/arm-none-eabi/14.3.1/../../../../arm-none-eabi/lib/thumb/v7-m/nofp\libm.a(libm_a-ef_sqrt.o)
                              D:/STM32CubeCLT_1.21.0/GNU-tools-for-STM32/bin/../lib/gcc/arm-none-eabi/14.3.1/../../../../arm-none-eabi/lib/thumb/v7-m/nofp\libm.a(libm_a-wf_sqrt.o) (__ieee754_sqrtf)
D:/STM32CubeCLT_1.21.0/GNU-tools-for-STM32/bin/../lib/gcc/arm-none-eabi/14.3.1/thumb/v7-m/nofp\libgcc.a(_arm_mulsf3.o)
                              CMakeFiles/CDPR_F103_HAL.dir/Core/Src/kinematics.c.obj (__aeabi_fmul)
D:/STM32CubeCLT_1.21.0/GNU-tools-for-STM32/bin/../lib/gcc/arm-none-eabi/14.3.1/thumb/v7-m/nofp\libgcc.a(_arm_addsubdf3.o)
                              CMakeFiles/CDPR_F103_HAL.dir/Core/Src/motion.c.obj (__aeabi_f2d)
D:/STM32CubeCLT_1.21.0/GNU-tools-for-STM32/bin/../lib/gcc/arm-none-eabi/14.3.1/thumb/v7-m/nofp\libgcc.a(_arm_addsubsf3.o)
                              CMakeFiles/CDPR_F103_HAL.dir/Core/Src/kinematics.c.obj (__aeabi_fsub)
D:/STM32CubeCLT_1.21.0/GNU-tools-for-STM32/bin/../lib/gcc/arm-none-eabi/14.3.1/thumb/v7-m/nofp\libgcc.a(_arm_muldivsf3.o)
                              CMakeFiles/CDPR_F103_HAL.dir/Core/Src/kinematics.c.obj (__aeabi_fdiv)
D:/STM32CubeCLT_1.21.0/GNU-tools-for-STM32/bin/../lib/gcc/arm-none-eabi/14.3.1/thumb/v7-m/nofp\libgcc.a(_arm_cmpsf2.o)
                              CMakeFiles/CDPR_F103_HAL.dir/Core/Src/kinematics.c.obj (__aeabi_fcmplt)
D:/STM32CubeCLT_1.21.0/GNU-tools-for-STM32/bin/../lib/gcc/arm-none-eabi/14.3.1/thumb/v7-m/nofp\libgcc.a(_arm_unordsf2.o)
                              CMakeFiles/CDPR_F103_HAL.dir/Core/Src/vision.c.obj (__aeabi_fcmpun)
D:/STM32CubeCLT_1.21.0/GNU-tools-for-STM32/bin/../lib/gcc/arm-none-eabi/14.3.1/thumb/v7-m/nofp\libgcc.a(_arm_fixsfsi.o)
                              CMakeFiles/CDPR_F103_HAL.dir/Core/Src/motion.c.obj (__aeabi_f2iz)
D:/STM32CubeCLT_1.21.0/GNU-tools-for-STM32/bin/../lib/gcc/arm-none-eabi/14.3.1/thumb/v7-m/nofp\libgcc.a(_arm_fixunssfsi.o)
                              CMakeFiles/CDPR_F103_HAL.dir/Core/Src/motion.c.obj (__aeabi_f2uiz)
D:/STM32CubeCLT_1.21.0/GNU-tools-for-STM32/bin/../lib/gcc/arm-none-eabi/14.3.1/../../../../arm-none-eabi/lib/thumb/v7-m/nofp\libg_nano.a(libc_a-exit.o)
                              D:/STM32CubeCLT_1.21.0/GNU-tools-for-STM32/bin/../lib/gcc/arm-none-eabi/14.3.1/../../../../arm-none-eabi/lib/thumb/v7-m/nofp/crt0.o (exit)
D:/STM32CubeCLT_1.21.0/GNU-tools-for-STM32/bin/../lib/gcc/arm-none-eabi/14.3.1/../../../../arm-none-eabi/lib/thumb/v7-m/nofp\libg_nano.a(libc_a-strtod.o)
                              CMakeFiles/CDPR_F103_HAL.dir/Core/Src/vision.c.obj (strtof)
D:/STM32CubeCLT_1.21.0/GNU-tools-for-STM32/bin/../lib/gcc/arm-none-eabi/14.3.1/../../../../arm-none-eabi/lib/thumb/v7-m/nofp\libg_nano.a(libc_a-strtol.o)
                              CMakeFiles/CDPR_F103_HAL.dir/Core/Src/vision.c.obj (strtol)
D:/STM32CubeCLT_1.21.0/GNU-tools-for-STM32/bin/../lib/gcc/arm-none-eabi/14.3.1/../../../../arm-none-eabi/lib/thumb/v7-m/nofp\libg_nano.a(libc_a-ctype_.o)
                              D:/STM32CubeCLT_1.21.0/GNU-tools-for-STM32/bin/../lib/gcc/arm-none-eabi/14.3.1/../../../../arm-none-eabi/lib/thumb/v7-m/nofp\libg_nano.a(libc_a-strtol.o) (_ctype_)
D:/STM32CubeCLT_1.21.0/GNU-tools-for-STM32/bin/../lib/gcc/arm-none-eabi/14.3.1/../../../../arm-none-eabi/lib/thumb/v7-m/nofp\libg_nano.a(libc_a-qsort.o)
                              CMakeFiles/CDPR_F103_HAL.dir/Core/Src/vision.c.obj (qsort)
D:/STM32CubeCLT_1.21.0/GNU-tools-for-STM32/bin/../lib/gcc/arm-none-eabi/14.3.1/../../../../arm-none-eabi/lib/thumb/v7-m/nofp\libg_nano.a(libc_a-nano-vfprintf_float.o)
                              (_printf_float)
D:/STM32CubeCLT_1.21.0/GNU-tools-for-STM32/bin/../lib/gcc/arm-none-eabi/14.3.1/../../../../arm-none-eabi/lib/thumb/v7-m/nofp\libg_nano.a(libc_a-nano-vfprintf_i.o)
                              D:/STM32CubeCLT_1.21.0/GNU-tools-for-STM32/bin/../lib/gcc/arm-none-eabi/14.3.1/../../../../arm-none-eabi/lib/thumb/v7-m/nofp\libg_nano.a(libc_a-nano-vfprintf_float.o) (_printf_common)
[...]
Memory Configuration

Name             Origin             Length             Attributes
RAM              0x20000000         0x0000c000         xrw
FLASH            0x08000000         0x00040000         xr
*default*        0x00000000         0xffffffff

Linker script and memory map

LOAD D:/STM32CubeCLT_1.21.0/GNU-tools-for-STM32/bin/../lib/gcc/arm-none-eabi/14.3.1/thumb/v7-m/nofp/crti.o
LOAD D:/STM32CubeCLT_1.21.0/GNU-tools-for-STM32/bin/../lib/gcc/arm-none-eabi/14.3.1/thumb/v7-m/nofp/crtbegin.o
LOAD D:/STM32CubeCLT_1.21.0/GNU-tools-for-STM32/bin/../lib/gcc/arm-none-eabi/14.3.1/../../../../arm-none-eabi/lib/thumb/v7-m/nofp/crt0.o
LOAD cmake/stm32cubemx/CMakeFiles/STM32_Drivers.dir/__/__/Core/Src/system_stm32f1xx.c.obj
LOAD cmake/stm32cubemx/CMakeFiles/STM32_Drivers.dir/__/__/Drivers/STM32F1xx_HAL_Driver/Src/stm32f1xx_hal_gpio_ex.c.obj
LOAD cmake/stm32cubemx/CMakeFiles/STM32_Drivers.dir/__/__/Drivers/STM32F1xx_HAL_Driver/Src/stm32f1xx_hal_tim.c.obj
LOAD cmake/stm32cubemx/CMakeFiles/STM32_Drivers.dir/__/__/Drivers/STM32F1xx_HAL_Driver/Src/stm32f1xx_hal_tim_ex.c.obj
LOAD cmake/stm32cubemx/CMakeFiles/STM32_Drivers.dir/__/__/Drivers/STM32F1xx_HAL_Driver/Src/stm32f1xx_hal.c.obj
LOAD cmake/stm32cubemx/CMakeFiles/STM32_Drivers.dir/__/__/Drivers/STM32F1xx_HAL_Driver/Src/stm32f1xx_hal_rcc.c.obj
LOAD cmake/stm32cubemx/CMakeFiles/STM32_Drivers.dir/__/__/Drivers/STM32F1xx_HAL_Driver/Src/stm32f1xx_hal_rcc_ex.c.obj
LOAD cmake/stm32cubemx/CMakeFiles/STM32_Drivers.dir/__/__/Drivers/STM32F1xx_HAL_Driver/Src/stm32f1xx_hal_gpio.c.obj
LOAD cmake/stm32cubemx/CMakeFiles/STM32_Drivers.dir/__/__/Drivers/STM32F1xx_HAL_Driver/Src/stm32f1xx_hal_dma.c.obj
LOAD cmake/stm32cubemx/CMakeFiles/STM32_Drivers.dir/__/__/Drivers/STM32F1xx_HAL_Driver/Src/stm32f1xx_hal_cortex.c.obj
LOAD cmake/stm32cubemx/CMakeFiles/STM32_Drivers.dir/__/__/Drivers/STM32F1xx_HAL_Driver/Src/stm32f1xx_hal_pwr.c.obj
LOAD cmake/stm32cubemx/CMakeFiles/STM32_Drivers.dir/__/__/Drivers/STM32F1xx_HAL_Driver/Src/stm32f1xx_hal_flash.c.obj
LOAD cmake/stm32cubemx/CMakeFiles/STM32_Drivers.dir/__/__/Drivers/STM32F1xx_HAL_Driver/Src/stm32f1xx_hal_flash_ex.c.obj
LOAD cmake/stm32cubemx/CMakeFiles/STM32_Drivers.dir/__/__/Drivers/STM32F1xx_HAL_Driver/Src/stm32f1xx_hal_exti.c.obj
LOAD cmake/stm32cubemx/CMakeFiles/STM32_Drivers.dir/__/__/Drivers/STM32F1xx_HAL_Driver/Src/stm32f1xx_hal_i2c.c.obj
LOAD cmake/stm32cubemx/CMakeFiles/STM32_Drivers.dir/__/__/Drivers/STM32F1xx_HAL_Driver/Src/stm32f1xx_hal_uart.c.obj
LOAD CMakeFiles/CDPR_F103_HAL.dir/Core/Src/main.c.obj
LOAD CMakeFiles/CDPR_F103_HAL.dir/Core/Src/gpio.c.obj
LOAD CMakeFiles/CDPR_F103_HAL.dir/Core/Src/dma.c.obj
LOAD CMakeFiles/CDPR_F103_HAL.dir/Core/Src/i2c.c.obj
LOAD CMakeFiles/CDPR_F103_HAL.dir/Core/Src/tim.c.obj
LOAD CMakeFiles/CDPR_F103_HAL.dir/Core/Src/usart.c.obj
LOAD CMakeFiles/CDPR_F103_HAL.dir/Core/Src/stm32f1xx_it.c.obj
LOAD CMakeFiles/CDPR_F103_HAL.dir/Core/Src/stm32f1xx_hal_msp.c.obj
LOAD CMakeFiles/CDPR_F103_HAL.dir/Core/Src/sysmem.c.obj
LOAD CMakeFiles/CDPR_F103_HAL.dir/Core/Src/syscalls.c.obj
LOAD CMakeFiles/CDPR_F103_HAL.dir/startup_stm32f103xe.s.obj
LOAD CMakeFiles/CDPR_F103_HAL.dir/Core/Src/motor.c.obj
LOAD CMakeFiles/CDPR_F103_HAL.dir/Core/Src/motor_test.c.obj
LOAD CMakeFiles/CDPR_F103_HAL.dir/Core/Src/kinematics.c.obj
LOAD CMakeFiles/CDPR_F103_HAL.dir/Core/Src/motion.c.obj
LOAD CMakeFiles/CDPR_F103_HAL.dir/Core/Src/vision.c.obj
LOAD CMakeFiles/CDPR_F103_HAL.dir/Core/Src/task.c.obj
LOAD CMakeFiles/CDPR_F103_HAL.dir/Core/Src/oled.c.obj
LOAD CMakeFiles/CDPR_F103_HAL.dir/Core/Src/route_menu.c.obj
LOAD CMakeFiles/CDPR_F103_HAL.dir/Core/Src/route_menu_port.c.obj
LOAD D:/STM32CubeCLT_1.21.0/GNU-tools-for-STM32/bin/../lib/gcc/arm-none-eabi/14.3.1/../../../../arm-none-eabi/lib/thumb/v7-m/nofp\libm.a
START GROUP
LOAD D:/STM32CubeCLT_1.21.0/GNU-tools-for-STM32/bin/../lib/gcc/arm-none-eabi/14.3.1/thumb/v7-m/nofp\libgcc.a
LOAD D:/STM32CubeCLT_1.21.0/GNU-tools-for-STM32/bin/../lib/gcc/arm-none-eabi/14.3.1/../../../../arm-none-eabi/lib/thumb/v7-m/nofp\libg_nano.a
LOAD D:/STM32CubeCLT_1.21.0/GNU-tools-for-STM32/bin/../lib/gcc/arm-none-eabi/14.3.1/../../../../arm-none-eabi/lib/thumb/v7-m/nofp\libc_nano.a
END GROUP
START GROUP
LOAD D:/STM32CubeCLT_1.21.0/GNU-tools-for-STM32/bin/../lib/gcc/arm-none-eabi/14.3.1/thumb/v7-m/nofp\libgcc.a
LOAD D:/STM32CubeCLT_1.21.0/GNU-tools-for-STM32/bin/../lib/gcc/arm-none-eabi/14.3.1/../../../../arm-none-eabi/lib/thumb/v7-m/nofp\libc_nano.a
END GROUP
LOAD D:/STM32CubeCLT_1.21.0/GNU-tools-for-STM32/bin/../lib/gcc/arm-none-eabi/14.3.1/thumb/v7-m/nofp/crtend.o
LOAD D:/STM32CubeCLT_1.21.0/GNU-tools-for-STM32/bin/../lib/gcc/arm-none-eabi/14.3.1/thumb/v7-m/nofp/crtn.o
                0x2000c000                        _estack = (ORIGIN (RAM) + LENGTH (RAM))
                0x2000bc00                        _sstack = (_estack - _Min_Stack_Size)
                0x00000200                        _Min_Heap_Size = 0x200
                0x00000400                        _Min_Stack_Size = 0x400

.isr_vector     0x08000000      0x1e4
                0x08000000                        . = ALIGN (0x4)
 *(.isr_vector)
 .isr_vector    0x08000000      0x1e4 CMakeFiles/CDPR_F103_HAL.dir/startup_stm32f103xe.s.obj
                0x08000000                g_pfnVectors
                0x080001e4                        . = ALIGN (0x4)

.text           0x080001e8    0x121cc
                0x080001e8                        . = ALIGN (0x4)
 *(.text)
 .text          0x080001e8       0x40 D:/STM32CubeCLT_1.21.0/GNU-tools-for-STM32/bin/../lib/gcc/arm-none-eabi/14.3.1/thumb/v7-m/nofp/crtbegin.o
 .text          0x08000228      0x378 D:/STM32CubeCLT_1.21.0/GNU-tools-for-STM32/bin/../lib/gcc/arm-none-eabi/14.3.1/thumb/v7-m/nofp\libgcc.a(_arm_addsubdf3.o)
                0x08000228                __aeabi_drsub
                0x08000230                __aeabi_dsub
                0x08000230                __subdf3
                0x08000234                __aeabi_dadd
                0x08000234                __adddf3
                0x080004ac                __floatunsidf
                0x080004ac                __aeabi_ui2d
                0x080004cc                __floatsidf
                0x080004cc                __aeabi_i2d
                0x080004f0                __aeabi_f2d
                0x080004f0                __extendsfdf2
                0x08000534                __floatundidf
                0x08000534                __aeabi_ul2d
                0x08000544                __floatdidf
                0x08000544                __aeabi_l2d
 .text          0x080005a0      0x21c D:/STM32CubeCLT_1.21.0/GNU-tools-for-STM32/bin/../lib/gcc/arm-none-eabi/14.3.1/thumb/v7-m/nofp\libgcc.a(_arm_addsubsf3.o)
                0x080005a0                __aeabi_frsub
                0x080005a8                __subsf3
                0x080005a8                __aeabi_fsub
                0x080005ac                __aeabi_fadd
                0x080005ac                __addsf3
                0x0800070c                __aeabi_ui2f
                0x0800070c                __floatunsisf
                0x08000714                __aeabi_i2f
                0x08000714                __floatsisf
                0x08000730                __aeabi_ul2f
                0x08000730                __floatundisf
                0x08000740                __aeabi_l2f
                0x08000740                __floatdisf
 .text          0x080007bc      0x2a0 D:/STM32CubeCLT_1.21.0/GNU-tools-for-STM32/bin/../lib/gcc/arm-none-eabi/14.3.1/thumb/v7-m/nofp\libgcc.a(_arm_muldivsf3.o)
                0x080007bc                __mulsf3
                0x080007bc                __aeabi_fmul
                0x08000924                __aeabi_fdiv
                0x08000924                __divsf3
 .text          0x08000a5c       0xec D:/STM32CubeCLT_1.21.0/GNU-tools-for-STM32/bin/../lib/gcc/arm-none-eabi/14.3.1/thumb/v7-m/nofp\libgcc.a(_arm_cmpsf2.o)
                0x08000a5c                __gesf2
                0x08000a5c                __gtsf2
                0x08000a64                __lesf2
                0x08000a64                __ltsf2
                0x08000a6c                __nesf2
                0x08000a6c                __eqsf2
                0x08000a6c                __cmpsf2
                0x08000acc                __aeabi_cfrcmple
                0x08000ad4                __aeabi_cfcmpeq
                0x08000ad4                __aeabi_cfcmple
                0x08000ae4                __aeabi_fcmpeq
                0x08000af8                __aeabi_fcmplt
                0x08000b0c                __aeabi_fcmple
                0x08000b20                __aeabi_fcmpge
                0x08000b34                __aeabi_fcmpgt
 .text          0x08000b48       0x2c D:/STM32CubeCLT_1.21.0/GNU-tools-for-STM32/bin/../lib/gcc/arm-none-eabi/14.3.1/thumb/v7-m/nofp\libgcc.a(_arm_unordsf2.o)
                0x08000b48                __unordsf2
                0x08000b48                __aeabi_fcmpun
 .text          0x08000b74       0x40 D:/STM32CubeCLT_1.21.0/GNU-tools-for-STM32/bin/../lib/gcc/arm-none-eabi/14.3.1/thumb/v7-m/nofp\libgcc.a(_arm_fixunssfsi.o)
                0x08000b74                __fixunssfsi
                0x08000b74                __aeabi_f2uiz
 .text          0x08000bb4       0x14 D:/STM32CubeCLT_1.21.0/GNU-tools-for-STM32/bin/../lib/gcc/arm-none-eabi/14.3.1/../../../../arm-none-eabi/lib/thumb/v7-m/nofp\libg_nano.a(libc_a-strcmp.o)
                0x08000bb4                strcmp
 .text          0x08000bc8       0x10 D:/STM32CubeCLT_1.21.0/GNU-tools-for-STM32/bin/../lib/gcc/arm-none-eabi/14.3.1/../../../../arm-none-eabi/lib/thumb/v7-m/nofp\libg_nano.a(libc_a-strlen.o)
                0x08000bc8                strlen
 .text          0x08000bd8      0x424 D:/STM32CubeCLT_1.21.0/GNU-tools-for-STM32/bin/../lib/gcc/arm-none-eabi/14.3.1/thumb/v7-m/nofp\libgcc.a(_arm_muldivdf3.o)
                0x08000bd8                __aeabi_dmul
                0x08000bd8                __muldf3
                0x08000e2c                __divdf3
                0x08000e2c                __aeabi_ddiv
 .text          0x08000ffc      0x110 D:/STM32CubeCLT_1.21.0/GNU-tools-for-STM32/bin/../lib/gcc/arm-none-eabi/14.3.1/thumb/v7-m/nofp\libgcc.a(_arm_cmpdf2.o)
                0x08000ffc                __gtdf2
                0x08000ffc                __gedf2
                0x08001004                __ltdf2
                0x08001004                __ledf2
                0x0800100c                __nedf2
                0x0800100c                __eqdf2
                0x0800100c                __cmpdf2
                0x08001088                __aeabi_cdrcmple
                0x08001098                __aeabi_cdcmpeq
                0x08001098                __aeabi_cdcmple
                0x080010a8                __aeabi_dcmpeq
                0x080010bc                __aeabi_dcmplt
                0x080010d0                __aeabi_dcmple
                0x080010e4                __aeabi_dcmpge
                0x080010f8                __aeabi_dcmpgt
 .text          0x0800110c       0x2c D:/STM32CubeCLT_1.21.0/GNU-tools-for-STM32/bin/../lib/gcc/arm-none-eabi/14.3.1/thumb/v7-m/nofp\libgcc.a(_arm_unorddf2.o)
                0x0800110c                __unorddf2
                0x0800110c                __aeabi_dcmpun
 .text          0x08001138       0x50 D:/STM32CubeCLT_1.21.0/GNU-tools-for-STM32/bin/../lib/gcc/arm-none-eabi/14.3.1/thumb/v7-m/nofp\libgcc.a(_arm_fixdfsi.o)
                0x08001138                __aeabi_d2iz
                0x08001138                __fixdfsi
 .text          0x08001188       0x40 D:/STM32CubeCLT_1.21.0/GNU-tools-for-STM32/bin/../lib/gcc/arm-none-eabi/14.3.1/thumb/v7-m/nofp\libgcc.a(_arm_fixunsdfsi.o)
                0x08001188                __aeabi_d2uiz
                0x08001188                __fixunsdfsi
 .text          0x080011c8       0xa0 D:/STM32CubeCLT_1.21.0/GNU-tools-for-STM32/bin/../lib/gcc/arm-none-eabi/14.3.1/thumb/v7-m/nofp\libgcc.a(_arm_truncdfsf2.o)
                0x080011c8                __truncdfsf2
                0x080011c8                __aeabi_d2f
 .text          0x08001268       0x30 D:/STM32CubeCLT_1.21.0/GNU-tools-for-STM32/bin/../lib/gcc/arm-none-eabi/14.3.1/thumb/v7-m/nofp\libgcc.a(_fixdfdi.o)
                0x08001268                __fixdfdi
                0x08001268                __aeabi_d2lz
 .text          0x08001298       0x3c D:/STM32CubeCLT_1.21.0/GNU-tools-for-STM32/bin/../lib/gcc/arm-none-eabi/14.3.1/thumb/v7-m/nofp\libgcc.a(_fixunsdfdi.o)
                0x08001298                __fixunsdfdi
                0x08001298                __aeabi_d2ulz
 *(.text*)
 .text.SystemInit
                0x080012d4        0xc cmake/stm32cubemx/CMakeFiles/STM32_Drivers.dir/__/__/Core/Src/system_stm32f1xx.c.obj
                0x080012d4                SystemInit
 .text.HAL_TIM_Base_Init
                0x080012e0       0x9e cmake/stm32cubemx/CMakeFiles/STM32_Drivers.dir/__/__/Drivers/STM32F1xx_HAL_Driver/Src/stm32f1xx_hal_tim.c.obj
                0x080012e0                HAL_TIM_Base_Init
 .text.HAL_TIM_IRQHandler
                0x0800137e      0x1e0 cmake/stm32cubemx/CMakeFiles/STM32_Drivers.dir/__/__/Drivers/STM32F1xx_HAL_Driver/Src/stm32f1xx_hal_tim.c.obj
                0x0800137e                HAL_TIM_IRQHandler
 .text.HAL_TIM_ConfigClockSource
                0x0800155e      0x18e cmake/stm32cubemx/CMakeFiles/STM32_Drivers.dir/__/__/Drivers/STM32F1xx_HAL_Driver/Src/stm32f1xx_hal_tim.c.obj
                0x0800155e                HAL_TIM_ConfigClockSource
 .text.HAL_TIM_PeriodElapsedCallback
                0x080016ec       0x12 cmake/stm32cubemx/CMakeFiles/STM32_Drivers.dir/__/__/Drivers/STM32F1xx_HAL_Driver/Src/stm32f1xx_hal_tim.c.obj
                0x080016ec                HAL_TIM_PeriodElapsedCallback
 .text.HAL_TIM_OC_DelayElapsedCallback
                0x080016fe       0x12 cmake/stm32cubemx/CMakeFiles/STM32_Drivers.dir/__/__/Drivers/STM32F1xx_HAL_Driver/Src/stm32f1xx_hal_tim.c.obj
                0x080016fe                HAL_TIM_OC_DelayElapsedCallback
 .text.HAL_TIM_IC_CaptureCallback
                0x08001710       0x12 cmake/stm32cubemx/CMakeFiles/STM32_Drivers.dir/__/__/Drivers/STM32F1xx_HAL_Driver/Src/stm32f1xx_hal_tim.c.obj
                0x08001710                HAL_TIM_IC_CaptureCallback
 .text.HAL_TIM_PWM_PulseFinishedCallback
                0x08001722       0x12 cmake/stm32cubemx/CMakeFiles/STM32_Drivers.dir/__/__/Drivers/STM32F1xx_HAL_Driver/Src/stm32f1xx_hal_tim.c.obj
                0x08001722                HAL_TIM_PWM_PulseFinishedCallback
 .text.HAL_TIM_TriggerCallback
                0x08001734       0x12 cmake/stm32cubemx/CMakeFiles/STM32_Drivers.dir/__/__/Drivers/STM32F1xx_HAL_Driver/Src/stm32f1xx_hal_tim.c.obj
                0x08001734                HAL_TIM_TriggerCallback
 *fill*         0x08001746        0x2 
 .text.TIM_Base_SetConfig
                0x08001748      0x10c cmake/stm32cubemx/CMakeFiles/STM32_Drivers.dir/__/__/Drivers/STM32F1xx_HAL_Driver/Src/stm32f1xx_hal_tim.c.obj
                0x08001748                TIM_Base_SetConfig
 .text.TIM_TI1_ConfigInputStage
                0x08001854       0x5c cmake/stm32cubemx/CMakeFiles/STM32_Drivers.dir/__/__/Drivers/STM32F1xx_HAL_Driver/Src/stm32f1xx_hal_tim.c.obj
 .text.TIM_TI2_ConfigInputStage
                0x080018b0       0x5e cmake/stm32cubemx/CMakeFiles/STM32_Drivers.dir/__/__/Drivers/STM32F1xx_HAL_Driver/Src/stm32f1xx_hal_tim.c.obj
 .text.TIM_ITRx_SetConfig
                0x0800190e       0x34 cmake/stm32cubemx/CMakeFiles/STM32_Drivers.dir/__/__/Drivers/STM32F1xx_HAL_Driver/Src/stm32f1xx_hal_tim.c.obj
 .text.TIM_ETR_SetConfig
                0x08001942       0x3e cmake/stm32cubemx/CMakeFiles/STM32_Drivers.dir/__/__/Drivers/STM32F1xx_HAL_Driver/Src/stm32f1xx_hal_tim.c.obj
                0x08001942                TIM_ETR_SetConfig
 .text.HAL_TIMEx_MasterConfigSynchronization
                0x08001980       0xd8 cmake/stm32cubemx/CMakeFiles/STM32_Drivers.dir/__/__/Drivers/STM32F1xx_HAL_Driver/Src/stm32f1xx_hal_tim_ex.c.obj
                0x08001980                HAL_TIMEx_MasterConfigSynchronization
 .text.HAL_TIMEx_CommutCallback
                0x08001a58       0x12 cmake/stm32cubemx/CMakeFiles/STM32_Drivers.dir/__/__/Drivers/STM32F1xx_HAL_Driver/Src/stm32f1xx_hal_tim_ex.c.obj
                0x08001a58                HAL_TIMEx_CommutCallback
 .text.HAL_TIMEx_BreakCallback
                0x08001a6a       0x12 cmake/stm32cubemx/CMakeFiles/STM32_Drivers.dir/__/__/Drivers/STM32F1xx_HAL_Driver/Src/stm32f1xx_hal_tim_ex.c.obj
                0x08001a6a                HAL_TIMEx_BreakCallback
 .text.HAL_Init
                0x08001a7c       0x2c cmake/stm32cubemx/CMakeFiles/STM32_Drivers.dir/__/__/Drivers/STM32F1xx_HAL_Driver/Src/stm32f1xx_hal.c.obj
                0x08001a7c                HAL_Init
 .text.HAL_InitTick
                0x08001aa8       0x60 cmake/stm32cubemx/CMakeFiles/STM32_Drivers.dir/__/__/Drivers/STM32F1xx_HAL_Driver/Src/stm32f1xx_hal.c.obj
                0x08001aa8                HAL_InitTick
 .text.HAL_IncTick
                0x08001b08       0x24 cmake/stm32cubemx/CMakeFiles/STM32_Drivers.dir/__/__/Drivers/STM32F1xx_HAL_Driver/Src/stm32f1xx_hal.c.obj
                0x08001b08                HAL_IncTick
 .text.HAL_GetTick
                0x08001b2c       0x14 cmake/stm32cubemx/CMakeFiles/STM32_Drivers.dir/__/__/Drivers/STM32F1xx_HAL_Driver/Src/stm32f1xx_hal.c.obj
                0x08001b2c                HAL_GetTick
 .text.HAL_Delay
                0x08001b40       0x48 cmake/stm32cubemx/CMakeFiles/STM32_Drivers.dir/__/__/Drivers/STM32F1xx_HAL_Driver/Src/stm32f1xx_hal.c.obj
                0x08001b40                HAL_Delay
 .text.HAL_RCC_OscConfig
                0x08001b88      0x504 cmake/stm32cubemx/CMakeFiles/STM32_Drivers.dir/__/__/Drivers/STM32F1xx_HAL_Driver/Src/stm32f1xx_hal_rcc.c.obj
                0x08001b88                HAL_RCC_OscConfig
 .text.HAL_RCC_ClockConfig
                0x0800208c      0x1d4 cmake/stm32cubemx/CMakeFiles/STM32_Drivers.dir/__/__/Drivers/STM32F1xx_HAL_Driver/Src/stm32f1xx_hal_rcc.c.obj
                0x0800208c                HAL_RCC_ClockConfig
 .text.HAL_RCC_GetSysClockFreq
                0x08002260       0xa8 cmake/stm32cubemx/CMakeFiles/STM32_Drivers.dir/__/__/Drivers/STM32F1xx_HAL_Driver/Src/stm32f1xx_hal_rcc.c.obj
                0x08002260                HAL_RCC_GetSysClockFreq
 .text.HAL_RCC_GetHCLKFreq
                0x08002308       0x14 cmake/stm32cubemx/CMakeFiles/STM32_Drivers.dir/__/__/Drivers/STM32F1xx_HAL_Driver/Src/stm32f1xx_hal_rcc.c.obj
                0x08002308                HAL_RCC_GetHCLKFreq
 .text.HAL_RCC_GetPCLK1Freq
                0x0800231c       0x28 cmake/stm32cubemx/CMakeFiles/STM32_Drivers.dir/__/__/Drivers/STM32F1xx_HAL_Driver/Src/stm32f1xx_hal_rcc.c.obj
                0x0800231c                HAL_RCC_GetPCLK1Freq
 .text.HAL_RCC_GetPCLK2Freq
                0x08002344       0x28 cmake/stm32cubemx/CMakeFiles/STM32_Drivers.dir/__/__/Drivers/STM32F1xx_HAL_Driver/Src/stm32f1xx_hal_rcc.c.obj
                0x08002344                HAL_RCC_GetPCLK2Freq
 .text.RCC_Delay
                0x0800236c       0x3c cmake/stm32cubemx/CMakeFiles/STM32_Drivers.dir/__/__/Drivers/STM32F1xx_HAL_Driver/Src/stm32f1xx_hal_rcc.c.obj
 .text.HAL_GPIO_Init
                0x080023a8      0x328 cmake/stm32cubemx/CMakeFiles/STM32_Drivers.dir/__/__/Drivers/STM32F1xx_HAL_Driver/Src/stm32f1xx_hal_gpio.c.obj
                0x080023a8                HAL_GPIO_Init
 .text.HAL_GPIO_ReadPin
                0x080026d0       0x2e cmake/stm32cubemx/CMakeFiles/STM32_Drivers.dir/__/__/Drivers/STM32F1xx_HAL_Driver/Src/stm32f1xx_hal_gpio.c.obj
                0x080026d0                HAL_GPIO_ReadPin
 .text.HAL_GPIO_WritePin
                0x080026fe       0x30 cmake/stm32cubemx/CMakeFiles/STM32_Drivers.dir/__/__/Drivers/STM32F1xx_HAL_Driver/Src/stm32f1xx_hal_gpio.c.obj
                0x080026fe                HAL_GPIO_WritePin
 *fill*         0x0800272e        0x2 
 .text.HAL_DMA_Init
                0x08002730       0xec cmake/stm32cubemx/CMakeFiles/STM32_Drivers.dir/__/__/Drivers/STM32F1xx_HAL_Driver/Src/stm32f1xx_hal_dma.c.obj
                0x08002730                HAL_DMA_Init
 .text.HAL_DMA_Start_IT
                0x0800281c       0xc0 cmake/stm32cubemx/CMakeFiles/STM32_Drivers.dir/__/__/Drivers/STM32F1xx_HAL_Driver/Src/stm32f1xx_hal_dma.c.obj
                0x0800281c                HAL_DMA_Start_IT
 .text.HAL_DMA_Abort
                0x080028dc       0x76 cmake/stm32cubemx/CMakeFiles/STM32_Drivers.dir/__/__/Drivers/STM32F1xx_HAL_Driver/Src/stm32f1xx_hal_dma.c.obj
                0x080028dc                HAL_DMA_Abort
 *fill*         0x08002952        0x2 
 .text.HAL_DMA_Abort_IT
                0x08002954      0x210 cmake/stm32cubemx/CMakeFiles/STM32_Drivers.dir/__/__/Drivers/STM32F1xx_HAL_Driver/Src/stm32f1xx_hal_dma.c.obj
                0x08002954                HAL_DMA_Abort_IT
 .text.HAL_DMA_IRQHandler
                0x08002b64      0x478 cmake/stm32cubemx/CMakeFiles/STM32_Drivers.dir/__/__/Drivers/STM32F1xx_HAL_Driver/Src/stm32f1xx_hal_dma.c.obj
                0x08002b64                HAL_DMA_IRQHandler
 .text.HAL_DMA_GetError
                0x08002fdc       0x16 cmake/stm32cubemx/CMakeFiles/STM32_Drivers.dir/__/__/Drivers/STM32F1xx_HAL_Driver/Src/stm32f1xx_hal_dma.c.obj
                0x08002fdc                HAL_DMA_GetError
 .text.DMA_SetConfig
                0x08002ff2       0x5a cmake/stm32cubemx/CMakeFiles/STM32_Drivers.dir/__/__/Drivers/STM32F1xx_HAL_Driver/Src/stm32f1xx_hal_dma.c.obj
 .text.__NVIC_SetPriorityGrouping
                0x0800304c       0x48 cmake/stm32cubemx/CMakeFiles/STM32_Drivers.dir/__/__/Drivers/STM32F1xx_HAL_Driver/Src/stm32f1xx_hal_cortex.c.obj
 .text.__NVIC_GetPriorityGrouping
                0x08003094       0x1c cmake/stm32cubemx/CMakeFiles/STM32_Drivers.dir/__/__/Drivers/STM32F1xx_HAL_Driver/Src/stm32f1xx_hal_cortex.c.obj
 .text.__NVIC_EnableIRQ
                0x080030b0       0x38 cmake/stm32cubemx/CMakeFiles/STM32_Drivers.dir/__/__/Drivers/STM32F1xx_HAL_Driver/Src/stm32f1xx_hal_cortex.c.obj
 .text.__NVIC_DisableIRQ
                0x080030e8       0x48 cmake/stm32cubemx/CMakeFiles/STM32_Drivers.dir/__/__/Drivers/STM32F1xx_HAL_Driver/Src/stm32f1xx_hal_cortex.c.obj
 .text.__NVIC_ClearPendingIRQ
                0x08003130       0x3c cmake/stm32cubemx/CMakeFiles/STM32_Drivers.dir/__/__/Drivers/STM32F1xx_HAL_Driver/Src/stm32f1xx_hal_cortex.c.obj
 .text.__NVIC_SetPriority
                0x0800316c       0x54 cmake/stm32cubemx/CMakeFiles/STM32_Drivers.dir/__/__/Drivers/STM32F1xx_HAL_Driver/Src/stm32f1xx_hal_cortex.c.obj
 .text.NVIC_EncodePriority
                0x080031c0       0x64 cmake/stm32cubemx/CMakeFiles/STM32_Drivers.dir/__/__/Drivers/STM32F1xx_HAL_Driver/Src/stm32f1xx_hal_cortex.c.obj
 .text.SysTick_Config
                0x08003224       0x44 cmake/stm32cubemx/CMakeFiles/STM32_Drivers.dir/__/__/Drivers/STM32F1xx_HAL_Driver/Src/stm32f1xx_hal_cortex.c.obj
 .text.HAL_NVIC_SetPriorityGrouping
                0x08003268       0x16 cmake/stm32cubemx/CMakeFiles/STM32_Drivers.dir/__/__/Drivers/STM32F1xx_HAL_Driver/Src/stm32f1xx_hal_cortex.c.obj
                0x08003268                HAL_NVIC_SetPriorityGrouping
 .text.HAL_NVIC_SetPriority
                0x0800327e       0x38 cmake/stm32cubemx/CMakeFiles/STM32_Drivers.dir/__/__/Drivers/STM32F1xx_HAL_Driver/Src/stm32f1xx_hal_cortex.c.obj
                0x0800327e                HAL_NVIC_SetPriority
 .text.HAL_NVIC_EnableIRQ
                0x080032b6       0x1c cmake/stm32cubemx/CMakeFiles/STM32_Drivers.dir/__/__/Drivers/STM32F1xx_HAL_Driver/Src/stm32f1xx_hal_cortex.c.obj
                0x080032b6                HAL_NVIC_EnableIRQ
 .text.HAL_NVIC_DisableIRQ
                0x080032d2       0x1c cmake/stm32cubemx/CMakeFiles/STM32_Drivers.dir/__/__/Drivers/STM32F1xx_HAL_Driver/Src/stm32f1xx_hal_cortex.c.obj
                0x080032d2                HAL_NVIC_DisableIRQ
 .text.HAL_SYSTICK_Config
                0x080032ee       0x18 cmake/stm32cubemx/CMakeFiles/STM32_Drivers.dir/__/__/Drivers/STM32F1xx_HAL_Driver/Src/stm32f1xx_hal_cortex.c.obj
                0x080032ee                HAL_SYSTICK_Config
 .text.HAL_NVIC_ClearPendingIRQ
                0x08003306       0x1c cmake/stm32cubemx/CMakeFiles/STM32_Drivers.dir/__/__/Drivers/STM32F1xx_HAL_Driver/Src/stm32f1xx_hal_cortex.c.obj
                0x08003306                HAL_NVIC_ClearPendingIRQ
 *fill*         0x08003322        0x2 
 .text.HAL_I2C_Init
                0x08003324      0x288 cmake/stm32cubemx/CMakeFiles/STM32_Drivers.dir/__/__/Drivers/STM32F1xx_HAL_Driver/Src/stm32f1xx_hal_i2c.c.obj
                0x08003324                HAL_I2C_Init
 .text.HAL_I2C_Master_Transmit
                0x080035ac      0x1fc cmake/stm32cubemx/CMakeFiles/STM32_Drivers.dir/__/__/Drivers/STM32F1xx_HAL_Driver/Src/stm32f1xx_hal_i2c.c.obj
                0x080035ac                HAL_I2C_Master_Transmit
 .text.I2C_MasterRequestWrite
                0x080037a8      0x104 cmake/stm32cubemx/CMakeFiles/STM32_Drivers.dir/__/__/Drivers/STM32F1xx_HAL_Driver/Src/stm32f1xx_hal_i2c.c.obj
 .text.I2C_WaitOnFlagUntilTimeout
                0x080038ac       0xf4 cmake/stm32cubemx/CMakeFiles/STM32_Drivers.dir/__/__/Drivers/STM32F1xx_HAL_Driver/Src/stm32f1xx_hal_i2c.c.obj
 .text.I2C_WaitOnMasterAddressFlagUntilTimeout
                0x080039a0      0x140 cmake/stm32cubemx/CMakeFiles/STM32_Drivers.dir/__/__/Drivers/STM32F1xx_HAL_Driver/Src/stm32f1xx_hal_i2c.c.obj
 .text.I2C_WaitOnTXEFlagUntilTimeout
                0x08003ae0       0x90 cmake/stm32cubemx/CMakeFiles/STM32_Drivers.dir/__/__/Drivers/STM32F1xx_HAL_Driver/Src/stm32f1xx_hal_i2c.c.obj
 .text.I2C_WaitOnBTFFlagUntilTimeout
                0x08003b70       0x90 cmake/stm32cubemx/CMakeFiles/STM32_Drivers.dir/__/__/Drivers/STM32F1xx_HAL_Driver/Src/stm32f1xx_hal_i2c.c.obj
 .text.I2C_IsAcknowledgeFailed
                0x08003c00       0x5c cmake/stm32cubemx/CMakeFiles/STM32_Drivers.dir/__/__/Drivers/STM32F1xx_HAL_Driver/Src/stm32f1xx_hal_i2c.c.obj
 .text.HAL_UART_Init
                0x08003c5c       0xa0 cmake/stm32cubemx/CMakeFiles/STM32_Drivers.dir/__/__/Drivers/STM32F1xx_HAL_Driver/Src/stm32f1xx_hal_uart.c.obj
                0x08003c5c                HAL_UART_Init
 .text.HAL_UART_Transmit
                0x08003cfc      0x116 cmake/stm32cubemx/CMakeFiles/STM32_Drivers.dir/__/__/Drivers/STM32F1xx_HAL_Driver/Src/stm32f1xx_hal_uart.c.obj
                0x08003cfc                HAL_UART_Transmit
 .text.HAL_UART_Receive
                0x08003e12      0x12e cmake/stm32cubemx/CMakeFiles/STM32_Drivers.dir/__/__/Drivers/STM32F1xx_HAL_Driver/Src/stm32f1xx_hal_uart.c.obj
                0x08003e12                HAL_UART_Receive
 .text.HAL_UARTEx_ReceiveToIdle_DMA
                0x08003f40       0xb2 cmake/stm32cubemx/CMakeFiles/STM32_Drivers.dir/__/__/Drivers/STM32F1xx_HAL_Driver/Src/stm32f1xx_hal_uart.c.obj
                0x08003f40                HAL_UARTEx_ReceiveToIdle_DMA
 .text.HAL_UART_AbortReceive
                0x08003ff2      0x146 cmake/stm32cubemx/CMakeFiles/STM32_Drivers.dir/__/__/Drivers/STM32F1xx_HAL_Driver/Src/stm32f1xx_hal_uart.c.obj
                0x08003ff2                HAL_UART_AbortReceive
 .text.HAL_UART_IRQHandler
                0x08004138      0x524 cmake/stm32cubemx/CMakeFiles/STM32_Drivers.dir/__/__/Drivers/STM32F1xx_HAL_Driver/Src/stm32f1xx_hal_uart.c.obj
                0x08004138                HAL_UART_IRQHandler
 .text.HAL_UART_TxCpltCallback
                0x0800465c       0x12 cmake/stm32cubemx/CMakeFiles/STM32_Drivers.dir/__/__/Drivers/STM32F1xx_HAL_Driver/Src/stm32f1xx_hal_uart.c.obj
                0x0800465c                HAL_UART_TxCpltCallback
 .text.HAL_UART_RxCpltCallback
                0x0800466e       0x12 cmake/stm32cubemx/CMakeFiles/STM32_Drivers.dir/__/__/Drivers/STM32F1xx_HAL_Driver/Src/stm32f1xx_hal_uart.c.obj
                0x0800466e                HAL_UART_RxCpltCallback
 .text.HAL_UART_RxHalfCpltCallback
                0x08004680       0x12 cmake/stm32cubemx/CMakeFiles/STM32_Drivers.dir/__/__/Drivers/STM32F1xx_HAL_Driver/Src/stm32f1xx_hal_uart.c.obj
                0x08004680                HAL_UART_RxHalfCpltCallback
 .text.HAL_UART_GetError
                0x08004692       0x16 cmake/stm32cubemx/CMakeFiles/STM32_Drivers.dir/__/__/Drivers/STM32F1xx_HAL_Driver/Src/stm32f1xx_hal_uart.c.obj
                0x08004692                HAL_UART_GetError
 .text.UART_DMAReceiveCplt
                0x080046a8      0x12c cmake/stm32cubemx/CMakeFiles/STM32_Drivers.dir/__/__/Drivers/STM32F1xx_HAL_Driver/Src/stm32f1xx_hal_uart.c.obj
 .text.UART_DMARxHalfCplt
                0x080047d4       0x3c cmake/stm32cubemx/CMakeFiles/STM32_Drivers.dir/__/__/Drivers/STM32F1xx_HAL_Driver/Src/stm32f1xx_hal_uart.c.obj
 .text.UART_DMAError
                0x08004810       0x94 cmake/stm32cubemx/CMakeFiles/STM32_Drivers.dir/__/__/Drivers/STM32F1xx_HAL_Driver/Src/stm32f1xx_hal_uart.c.obj
 .text.UART_WaitOnFlagUntilTimeout
                0x080048a4       0xb2 cmake/stm32cubemx/CMakeFiles/STM32_Drivers.dir/__/__/Drivers/STM32F1xx_HAL_Driver/Src/stm32f1xx_hal_uart.c.obj
 *fill*         0x08004956        0x2 
 .text.UART_Start_Receive_DMA
                0x08004958      0x134 cmake/stm32cubemx/CMakeFiles/STM32_Drivers.dir/__/__/Drivers/STM32F1xx_HAL_Driver/Src/stm32f1xx_hal_uart.c.obj
                0x08004958                UART_Start_Receive_DMA
 .text.UART_EndTxTransfer
                0x08004a8c       0x4e cmake/stm32cubemx/CMakeFiles/STM32_Drivers.dir/__/__/Drivers/STM32F1xx_HAL_Driver/Src/stm32f1xx_hal_uart.c.obj
 .text.UART_EndRxTransfer
                0x08004ada       0xc4 cmake/stm32cubemx/CMakeFiles/STM32_Drivers.dir/__/__/Drivers/STM32F1xx_HAL_Driver/Src/stm32f1xx_hal_uart.c.obj
 .text.UART_DMAAbortOnError
                0x08004b9e       0x28 cmake/stm32cubemx/CMakeFiles/STM32_Drivers.dir/__/__/Drivers/STM32F1xx_HAL_Driver/Src/stm32f1xx_hal_uart.c.obj
 .text.UART_Transmit_IT
                0x08004bc6       0x9e cmake/stm32cubemx/CMakeFiles/STM32_Drivers.dir/__/__/Drivers/STM32F1xx_HAL_Driver/Src/stm32f1xx_hal_uart.c.obj
 .text.UART_EndTransmit_IT
                0x08004c64       0x30 cmake/stm32cubemx/CMakeFiles/STM32_Drivers.dir/__/__/Drivers/STM32F1xx_HAL_Driver/Src/stm32f1xx_hal_uart.c.obj
 .text.UART_Receive_IT
                0x08004c94      0x17c cmake/stm32cubemx/CMakeFiles/STM32_Drivers.dir/__/__/Drivers/STM32F1xx_HAL_Driver/Src/stm32f1xx_hal_uart.c.obj
 .text.UART_SetConfig
                0x08004e10      0x11c cmake/stm32cubemx/CMakeFiles/STM32_Drivers.dir/__/__/Drivers/STM32F1xx_HAL_Driver/Src/stm32f1xx_hal_uart.c.obj
 .text.main     0x08004f2c       0x5c CMakeFiles/CDPR_F103_HAL.dir/Core/Src/main.c.obj
                0x08004f2c                main
 .text.SystemClock_Config
                0x08004f88       0x8a CMakeFiles/CDPR_F103_HAL.dir/Core/Src/main.c.obj
                0x08004f88                SystemClock_Config
 *fill*         0x08005012        0x2 
 .text.__io_putchar
                0x08005014       0x38 CMakeFiles/CDPR_F103_HAL.dir/Core/Src/main.c.obj
                0x08005014                __io_putchar
 .text.Error_Handler
                0x0800504c        0xc CMakeFiles/CDPR_F103_HAL.dir/Core/Src/main.c.obj
                0x0800504c                Error_Handler
 .text.MX_GPIO_Init
                0x08005058      0x134 CMakeFiles/CDPR_F103_HAL.dir/Core/Src/gpio.c.obj
                0x08005058                MX_GPIO_Init
 .text.MX_DMA_Init
                0x0800518c       0x3c CMakeFiles/CDPR_F103_HAL.dir/Core/Src/dma.c.obj
                0x0800518c                MX_DMA_Init
 .text.MX_I2C1_Init
                0x080051c8       0x5c CMakeFiles/CDPR_F103_HAL.dir/Core/Src/i2c.c.obj
                0x080051c8                MX_I2C1_Init
 .text.HAL_I2C_MspInit
                0x08005224       0x7c CMakeFiles/CDPR_F103_HAL.dir/Core/Src/i2c.c.obj
                0x08005224                HAL_I2C_MspInit
 .text.MX_TIM2_Init
                0x080052a0       0x98 CMakeFiles/CDPR_F103_HAL.dir/Core/Src/tim.c.obj
                0x080052a0                MX_TIM2_Init
 .text.HAL_TIM_Base_MspInit
                0x08005338       0x48 CMakeFiles/CDPR_F103_HAL.dir/Core/Src/tim.c.obj
                0x08005338                HAL_TIM_Base_MspInit
 .text.MX_USART1_UART_Init
                0x08005380       0x54 CMakeFiles/CDPR_F103_HAL.dir/Core/Src/usart.c.obj
                0x08005380                MX_USART1_UART_Init
 .text.MX_USART2_UART_Init
                0x080053d4       0x54 CMakeFiles/CDPR_F103_HAL.dir/Core/Src/usart.c.obj
                0x080053d4                MX_USART2_UART_Init
 .text.MX_USART3_UART_Init
                0x08005428       0x54 CMakeFiles/CDPR_F103_HAL.dir/Core/Src/usart.c.obj
                0x08005428                MX_USART3_UART_Init
 .text.HAL_UART_MspInit
                0x0800547c      0x1f4 CMakeFiles/CDPR_F103_HAL.dir/Core/Src/usart.c.obj
                0x0800547c                HAL_UART_MspInit
 .text.NMI_Handler
                0x08005670        0x8 CMakeFiles/CDPR_F103_HAL.dir/Core/Src/stm32f1xx_it.c.obj
                0x08005670                NMI_Handler
 .text.HardFault_Handler
                0x08005678        0x8 CMakeFiles/CDPR_F103_HAL.dir/Core/Src/stm32f1xx_it.c.obj
                0x08005678                HardFault_Handler
 .text.MemManage_Handler
                0x08005680        0x8 CMakeFiles/CDPR_F103_HAL.dir/Core/Src/stm32f1xx_it.c.obj
                0x08005680                MemManage_Handler
 .text.BusFault_Handler
                0x08005688        0x8 CMakeFiles/CDPR_F103_HAL.dir/Core/Src/stm32f1xx_it.c.obj
                0x08005688                BusFault_Handler
 .text.UsageFault_Handler
                0x08005690        0x8 CMakeFiles/CDPR_F103_HAL.dir/Core/Src/stm32f1xx_it.c.obj
                0x08005690                UsageFault_Handler
 .text.DebugMon_Handler
                0x08005698        0xc CMakeFiles/CDPR_F103_HAL.dir/Core/Src/stm32f1xx_it.c.obj
                0x08005698                DebugMon_Handler
 .text.SVC_Handler
                0x080056a4        0xc CMakeFiles/CDPR_F103_HAL.dir/Core/Src/stm32f1xx_it.c.obj
                0x080056a4                SVC_Handler
 .text.PendSV_Handler
                0x080056b0        0xc CMakeFiles/CDPR_F103_HAL.dir/Core/Src/stm32f1xx_it.c.obj
                0x080056b0                PendSV_Handler
 .text.SysTick_Handler
                0x080056bc        0xc CMakeFiles/CDPR_F103_HAL.dir/Core/Src/stm32f1xx_it.c.obj
                0x080056bc                SysTick_Handler
 .text.DMA1_Channel6_IRQHandler
                0x080056c8       0x14 CMakeFiles/CDPR_F103_HAL.dir/Core/Src/stm32f1xx_it.c.obj
                0x080056c8                DMA1_Channel6_IRQHandler
 .text.TIM2_IRQHandler
                0x080056dc       0x14 CMakeFiles/CDPR_F103_HAL.dir/Core/Src/stm32f1xx_it.c.obj
                0x080056dc                TIM2_IRQHandler
 .text.USART2_IRQHandler
                0x080056f0       0x14 CMakeFiles/CDPR_F103_HAL.dir/Core/Src/stm32f1xx_it.c.obj
                0x080056f0                USART2_IRQHandler
 .text.USART3_IRQHandler
                0x08005704       0x14 CMakeFiles/CDPR_F103_HAL.dir/Core/Src/stm32f1xx_it.c.obj
                0x08005704                USART3_IRQHandler
 .text.HAL_MspInit
                0x08005718       0x70 CMakeFiles/CDPR_F103_HAL.dir/Core/Src/stm32f1xx_hal_msp.c.obj
                0x08005718                HAL_MspInit
 .text._sbrk    0x08005788       0x6c CMakeFiles/CDPR_F103_HAL.dir/Core/Src/sysmem.c.obj
                0x08005788                _sbrk
 .text._getpid  0x080057f4        0xe CMakeFiles/CDPR_F103_HAL.dir/Core/Src/syscalls.c.obj
                0x080057f4                _getpid
 .text._kill    0x08005802       0x20 CMakeFiles/CDPR_F103_HAL.dir/Core/Src/syscalls.c.obj
                0x08005802                _kill
 .text._exit    0x08005822       0x16 CMakeFiles/CDPR_F103_HAL.dir/Core/Src/syscalls.c.obj
                0x08005822                _exit
 .text._read    0x08005838       0x3a CMakeFiles/CDPR_F103_HAL.dir/Core/Src/syscalls.c.obj
                0x08005838                _read
 .text._write   0x08005872       0x38 CMakeFiles/CDPR_F103_HAL.dir/Core/Src/syscalls.c.obj
                0x08005872                _write
 .text._close   0x080058aa       0x16 CMakeFiles/CDPR_F103_HAL.dir/Core/Src/syscalls.c.obj
                0x080058aa                _close
 .text._fstat   0x080058c0       0x1e CMakeFiles/CDPR_F103_HAL.dir/Core/Src/syscalls.c.obj
                0x080058c0                _fstat
 .text._isatty  0x080058de       0x14 CMakeFiles/CDPR_F103_HAL.dir/Core/Src/syscalls.c.obj
                0x080058de                _isatty
 .text._lseek   0x080058f2       0x18 CMakeFiles/CDPR_F103_HAL.dir/Core/Src/syscalls.c.obj
                0x080058f2                _lseek
 *fill*         0x0800590a        0x2 
 .text.Reset_Handler
                0x0800590c       0x48 CMakeFiles/CDPR_F103_HAL.dir/startup_stm32f103xe.s.obj
                0x0800590c                Reset_Handler
 .text.Default_Handler
                0x08005954        0x2 CMakeFiles/CDPR_F103_HAL.dir/startup_stm32f103xe.s.obj
                0x08005954                RTC_Alarm_IRQHandler
                0x08005954                EXTI2_IRQHandler
                0x08005954                TIM8_TRG_COM_IRQHandler
                0x08005954                TIM8_CC_IRQHandler
                0x08005954                TIM1_CC_IRQHandler
                0x08005954                TIM6_IRQHandler
                0x08005954                PVD_IRQHandler
                0x08005954                SDIO_IRQHandler
                0x08005954                EXTI3_IRQHandler
                0x08005954                EXTI0_IRQHandler
                0x08005954                I2C2_EV_IRQHandler
                0x08005954                ADC1_2_IRQHandler
                0x08005954                SPI1_IRQHandler
                0x08005954                TAMPER_IRQHandler
                0x08005954                TIM8_UP_IRQHandler
                0x08005954                DMA2_Channel2_IRQHandler
                0x08005954                DMA1_Channel4_IRQHandler
                0x08005954                RTC_IRQHandler
                0x08005954                DMA1_Channel7_IRQHandler
                0x08005954                CAN1_RX1_IRQHandler
                0x08005954                UART5_IRQHandler
                0x08005954                ADC3_IRQHandler
                0x08005954                TIM4_IRQHandler
                0x08005954                DMA2_Channel1_IRQHandler
                0x08005954                I2C1_EV_IRQHandler
                0x08005954                UART4_IRQHandler
                0x08005954                TIM3_IRQHandler
                0x08005954                RCC_IRQHandler
                0x08005954                TIM1_TRG_COM_IRQHandler
                0x08005954                DMA1_Channel1_IRQHandler
                0x08005954                Default_Handler
                0x08005954                EXTI15_10_IRQHandler
                0x08005954                TIM7_IRQHandler
                0x08005954                TIM5_IRQHandler
                0x08005954                EXTI9_5_IRQHandler
                0x08005954                SPI2_IRQHandler
                0x08005954                DMA1_Channel5_IRQHandler
                0x08005954                EXTI4_IRQHandler
                0x08005954                USB_LP_CAN1_RX0_IRQHandler
                0x08005954                USB_HP_CAN1_TX_IRQHandler
                0x08005954                DMA1_Channel3_IRQHandler
                0x08005954                FSMC_IRQHandler
                0x08005954                TIM1_UP_IRQHandler
                0x08005954                WWDG_IRQHandler
                0x08005954                TIM1_BRK_IRQHandler
                0x08005954                EXTI1_IRQHandler
                0x08005954                DMA2_Channel4_5_IRQHandler
                0x08005954                I2C2_ER_IRQHandler
                0x08005954                DMA1_Channel2_IRQHandler
                0x08005954                TIM8_BRK_IRQHandler
                0x08005954                CAN1_SCE_IRQHandler
                0x08005954                FLASH_IRQHandler
                0x08005954                USART1_IRQHandler
                0x08005954                SPI3_IRQHandler
                0x08005954                I2C1_ER_IRQHandler
                0x08005954                USBWakeUp_IRQHandler
                0x08005954                DMA2_Channel3_IRQHandler
 .text.modbus_crc16
                0x08005956       0x7a CMakeFiles/CDPR_F103_HAL.dir/Core/Src/motor.c.obj
                0x08005956                modbus_crc16
 .text.motor_result_str
                0x080059d0       0x7c CMakeFiles/CDPR_F103_HAL.dir/Core/Src/motor.c.obj
                0x080059d0                motor_result_str
 .text.motor_rx_mode_name
                0x08005a4c       0x14 CMakeFiles/CDPR_F103_HAL.dir/Core/Src/motor.c.obj
                0x08005a4c                motor_rx_mode_name
 .text.motor_diag_finish
                0x08005a60       0x30 CMakeFiles/CDPR_F103_HAL.dir/Core/Src/motor.c.obj
 .text.motor_diag_reset
                0x08005a90       0x7c CMakeFiles/CDPR_F103_HAL.dir/Core/Src/motor.c.obj
 .text.motor_uart_disable_unused_irq
                0x08005b0c       0x14 CMakeFiles/CDPR_F103_HAL.dir/Core/Src/motor.c.obj
 .text.motor_uart_clear_status
                0x08005b20       0x28 CMakeFiles/CDPR_F103_HAL.dir/Core/Src/motor.c.obj
 .text.motor_uart_error_from_sr
                0x08005b48       0x60 CMakeFiles/CDPR_F103_HAL.dir/Core/Src/motor.c.obj
 .text.motor_uart_dma_stop
                0x08005ba8       0x48 CMakeFiles/CDPR_F103_HAL.dir/Core/Src/motor.c.obj
 .text.motor_uart_dma_start
                0x08005bf0       0x98 CMakeFiles/CDPR_F103_HAL.dir/Core/Src/motor.c.obj
 .text.motor_uart_flush_rx
                0x08005c88       0xb0 CMakeFiles/CDPR_F103_HAL.dir/Core/Src/motor.c.obj
 .text.motor_uart_enable_rx
                0x08005d38       0x68 CMakeFiles/CDPR_F103_HAL.dir/Core/Src/motor.c.obj
 .text.motor_uart_receive_frame
                0x08005da0      0x174 CMakeFiles/CDPR_F103_HAL.dir/Core/Src/motor.c.obj
 .text.motor_diag_record_tx_only
                0x08005f14       0x48 CMakeFiles/CDPR_F103_HAL.dir/Core/Src/motor.c.obj
 .text.motor_print_hex
                0x08005f5c       0x6c CMakeFiles/CDPR_F103_HAL.dir/Core/Src/motor.c.obj
 .text.motor_print_last_transaction_diag
                0x08005fc8      0x104 CMakeFiles/CDPR_F103_HAL.dir/Core/Src/motor.c.obj
                0x08005fc8                motor_print_last_transaction_diag
 .text.motor_cable_direction
                0x080060cc       0x44 CMakeFiles/CDPR_F103_HAL.dir/Core/Src/motor.c.obj
                0x080060cc                motor_cable_direction
 .text.mb_transaction
                0x08006110      0x3f4 CMakeFiles/CDPR_F103_HAL.dir/Core/Src/motor.c.obj
 .text.motor_enable
                0x08006504       0x6c CMakeFiles/CDPR_F103_HAL.dir/Core/Src/motor.c.obj
                0x08006504                motor_enable
 .text.motor_move_pos
                0x08006570      0x1b2 CMakeFiles/CDPR_F103_HAL.dir/Core/Src/motor.c.obj
                0x08006570                motor_move_pos
 *fill*         0x08006722        0x2 
 .text.motor_sync_trigger
                0x08006724       0xac CMakeFiles/CDPR_F103_HAL.dir/Core/Src/motor.c.obj
                0x08006724                motor_sync_trigger
 .text.motor_stop
                0x080067d0       0x4c CMakeFiles/CDPR_F103_HAL.dir/Core/Src/motor.c.obj
                0x080067d0                motor_stop
 .text.motor_zero_position
                0x0800681c       0x3c CMakeFiles/CDPR_F103_HAL.dir/Core/Src/motor.c.obj
                0x0800681c                motor_zero_position
 .text.motor_read_position
                0x08006858       0xa4 CMakeFiles/CDPR_F103_HAL.dir/Core/Src/motor.c.obj
                0x08006858                motor_read_position
 .text.kin_ik   0x080068fc       0xc8 CMakeFiles/CDPR_F103_HAL.dir/Core/Src/kinematics.c.obj
                0x080068fc                kin_ik
 .text.kin_in_range
                0x080069c4       0x48 CMakeFiles/CDPR_F103_HAL.dir/Core/Src/kinematics.c.obj
                0x080069c4                kin_in_range
 .text.motion_stop_all_now
                0x08006a0c       0x32 CMakeFiles/CDPR_F103_HAL.dir/Core/Src/motion.c.obj
 .text.motion_delay_service
                0x08006a3e       0x34 CMakeFiles/CDPR_F103_HAL.dir/Core/Src/motion.c.obj
 *fill*         0x08006a72        0x2 
 .text.motion_patrol_payout_scale
                0x08006a74       0x50 CMakeFiles/CDPR_F103_HAL.dir/Core/Src/motion.c.obj
 .text.motion_buffer_move_pos_retry
                0x08006ac4       0xd8 CMakeFiles/CDPR_F103_HAL.dir/Core/Src/motion.c.obj
 .text.motion_init
                0x08006b9c       0x60 CMakeFiles/CDPR_F103_HAL.dir/Core/Src/motion.c.obj
                0x08006b9c                motion_init
 .text.motion_enable_all
                0x08006bfc       0x4a CMakeFiles/CDPR_F103_HAL.dir/Core/Src/motion.c.obj
                0x08006bfc                motion_enable_all
 *fill*         0x08006c46        0x2 
 .text.motion_set_home
                0x08006c48       0xec CMakeFiles/CDPR_F103_HAL.dir/Core/Src/motion.c.obj
                0x08006c48                motion_set_home
 .text.motion_pre_buffer_delay
                0x08006d34       0x1e CMakeFiles/CDPR_F103_HAL.dir/Core/Src/motion.c.obj
 .text.motion_post_buffer_delay
                0x08006d52       0x1e CMakeFiles/CDPR_F103_HAL.dir/Core/Src/motion.c.obj
 .text.motion_move_between_nohome_scaled_ex
                0x08006d70      0x730 CMakeFiles/CDPR_F103_HAL.dir/Core/Src/motion.c.obj
 .text.motion_move_between_nohome_scaled
                0x080074a0       0x4c CMakeFiles/CDPR_F103_HAL.dir/Core/Src/motion.c.obj
 .text.motion_move_between_nohome
                0x080074ec       0x38 CMakeFiles/CDPR_F103_HAL.dir/Core/Src/motion.c.obj
                0x080074ec                motion_move_between_nohome
 .text.motion_move_between_nohome_patrol
                0x08007524       0x50 CMakeFiles/CDPR_F103_HAL.dir/Core/Src/motion.c.obj
                0x08007524                motion_move_between_nohome_patrol
 .text.motion_jog_step_start
                0x08007574      0x398 CMakeFiles/CDPR_F103_HAL.dir/Core/Src/motion.c.obj
                0x08007574                motion_jog_step_start
 .text.copy_frame_text
                0x0800790c       0x4c CMakeFiles/CDPR_F103_HAL.dir/Core/Src/vision.c.obj
 .text.record_bad_frame
                0x08007958       0x38 CMakeFiles/CDPR_F103_HAL.dir/Core/Src/vision.c.obj
 .text.record_unknown_frame
                0x08007990       0x2c CMakeFiles/CDPR_F103_HAL.dir/Core/Src/vision.c.obj
 .text.parse_float_strict
                0x080079bc       0x78 CMakeFiles/CDPR_F103_HAL.dir/Core/Src/vision.c.obj
 .text.mark_valid_frame
                0x08007a34       0x28 CMakeFiles/CDPR_F103_HAL.dir/Core/Src/vision.c.obj
 .text.is_home_tag
                0x08007a5c       0x70 CMakeFiles/CDPR_F103_HAL.dir/Core/Src/vision.c.obj
 .text.vision_init
                0x08007acc       0x84 CMakeFiles/CDPR_F103_HAL.dir/Core/Src/vision.c.obj
                0x08007acc                vision_init
 .text.parse_packet
                0x08007b50      0x2dc CMakeFiles/CDPR_F103_HAL.dir/Core/Src/vision.c.obj
 .text.feed_char
                0x08007e2c      0x100 CMakeFiles/CDPR_F103_HAL.dir/Core/Src/vision.c.obj
 .text.HAL_UARTEx_RxEventCallback
                0x08007f2c       0x90 CMakeFiles/CDPR_F103_HAL.dir/Core/Src/vision.c.obj
                0x08007f2c                HAL_UARTEx_RxEventCallback
 .text.HAL_UART_ErrorCallback
                0x08007fbc       0x3c CMakeFiles/CDPR_F103_HAL.dir/Core/Src/vision.c.obj
                0x08007fbc                HAL_UART_ErrorCallback
 .text.vision_task
                0x08007ff8      0x15c CMakeFiles/CDPR_F103_HAL.dir/Core/Src/vision.c.obj
                0x08007ff8                vision_task
 .text.vision_send_mode
                0x08008154       0x68 CMakeFiles/CDPR_F103_HAL.dir/Core/Src/vision.c.obj
                0x08008154                vision_send_mode
 .text.vision_is_online
                0x080081bc       0x38 CMakeFiles/CDPR_F103_HAL.dir/Core/Src/vision.c.obj
                0x080081bc                vision_is_online
 .text.cmp_f    0x080081f4       0x5e CMakeFiles/CDPR_F103_HAL.dir/Core/Src/vision.c.obj
 .text.abs_u32_diff
                0x08008252       0x2a CMakeFiles/CDPR_F103_HAL.dir/Core/Src/vision.c.obj
 .text.vision_read_circle_error_with_ref_filtered
                0x0800827c      0x1d4 CMakeFiles/CDPR_F103_HAL.dir/Core/Src/vision.c.obj
                0x0800827c                vision_read_circle_error_with_ref_filtered
 .text.vision_read_home_filtered
                0x08008450       0xd8 CMakeFiles/CDPR_F103_HAL.dir/Core/Src/vision.c.obj
                0x08008450                vision_read_home_filtered
 .text.Key0_Raw
                0x08008528       0x20 CMakeFiles/CDPR_F103_HAL.dir/Core/Src/task.c.obj
 .text.Key0_Edge
                0x08008548       0x38 CMakeFiles/CDPR_F103_HAL.dir/Core/Src/task.c.obj
 .text.Task_VisionAge
                0x08008580       0x26 CMakeFiles/CDPR_F103_HAL.dir/Core/Src/task.c.obj
 *fill*         0x080085a6        0x2 
 .text.Task_ReadMotorPositionRetry
                0x080085a8       0x64 CMakeFiles/CDPR_F103_HAL.dir/Core/Src/task.c.obj
 .text.Task_AbsI32
                0x0800860c       0x1a CMakeFiles/CDPR_F103_HAL.dir/Core/Src/task.c.obj
 .text.Task_MotorPreBufferDelay
                0x08008626       0x1e CMakeFiles/CDPR_F103_HAL.dir/Core/Src/task.c.obj
 .text.Task_MotorPostBufferDelay
                0x08008644       0x1e CMakeFiles/CDPR_F103_HAL.dir/Core/Src/task.c.obj
 *fill*         0x08008662        0x2 
 .text.Task_MotorMovePosBufferRetry
                0x08008664       0xc4 CMakeFiles/CDPR_F103_HAL.dir/Core/Src/task.c.obj
 .text.ManualKey_Update
                0x08008728       0x5a CMakeFiles/CDPR_F103_HAL.dir/Core/Src/task.c.obj
 .text.ManualKey_IsPressed
                0x08008782       0x20 CMakeFiles/CDPR_F103_HAL.dir/Core/Src/task.c.obj
 *fill*         0x080087a2        0x2 
 .text.Task_ManualKeysInit
                0x080087a4      0x134 CMakeFiles/CDPR_F103_HAL.dir/Core/Src/task.c.obj
 .text.Task_ManualKeysService
                0x080088d8       0xf8 CMakeFiles/CDPR_F103_HAL.dir/Core/Src/task.c.obj
 .text.Task_EdgePatrolKeyEdge
                0x080089d0       0x40 CMakeFiles/CDPR_F103_HAL.dir/Core/Src/task.c.obj
 .text.Task_KeyPressedEdge
                0x08008a10       0x4a CMakeFiles/CDPR_F103_HAL.dir/Core/Src/task.c.obj
 *fill*         0x08008a5a        0x2 
 .text.Task_EdgeOrderModeKeyEdge
                0x08008a5c       0x1c CMakeFiles/CDPR_F103_HAL.dir/Core/Src/task.c.obj
 .text.Task_EdgePatrolJobCount
                0x08008a78        0xe CMakeFiles/CDPR_F103_HAL.dir/Core/Src/task.c.obj
 *fill*         0x08008a86        0x2 
 .text.Task_EdgePatrolOrderedJob
                0x08008a88       0x60 CMakeFiles/CDPR_F103_HAL.dir/Core/Src/task.c.obj
 .text.Task_EdgePatrolFormatOrder
                0x08008ae8       0xf8 CMakeFiles/CDPR_F103_HAL.dir/Core/Src/task.c.obj
 .text.Task_EdgeOrderPointUsed
                0x08008be0       0x4c CMakeFiles/CDPR_F103_HAL.dir/Core/Src/task.c.obj
 .text.Task_EdgeOrderFindNext
                0x08008c2c       0x6c CMakeFiles/CDPR_F103_HAL.dir/Core/Src/task.c.obj
 .text.Task_EdgeOrderFindPrev
                0x08008c98       0x70 CMakeFiles/CDPR_F103_HAL.dir/Core/Src/task.c.obj
 .text.Task_EdgeOrderResetEdit
                0x08008d08       0x44 CMakeFiles/CDPR_F103_HAL.dir/Core/Src/task.c.obj
 .text.Task_EdgeOrderInitDefault
                0x08008d4c       0x50 CMakeFiles/CDPR_F103_HAL.dir/Core/Src/task.c.obj
 .text.Task_EdgeOrderSyncKeyEdges
                0x08008d9c       0x78 CMakeFiles/CDPR_F103_HAL.dir/Core/Src/task.c.obj
 .text.Task_EdgeOrderSlotName
                0x08008e14       0x44 CMakeFiles/CDPR_F103_HAL.dir/Core/Src/task.c.obj
 .text.Task_EdgeOrderLoadActive
                0x08008e58       0x78 CMakeFiles/CDPR_F103_HAL.dir/Core/Src/task.c.obj
 .text.Task_EdgeOrderDraw
                0x08008ed0      0x174 CMakeFiles/CDPR_F103_HAL.dir/Core/Src/task.c.obj
 .text.Task_EdgeOrderConfirm
                0x08009044      0x10c CMakeFiles/CDPR_F103_HAL.dir/Core/Src/task.c.obj
 .text.Task_EdgeOrderBack
                0x08009150       0x4c CMakeFiles/CDPR_F103_HAL.dir/Core/Src/task.c.obj
 .text.Task_EdgeOrderEnter
                0x0800919c       0x54 CMakeFiles/CDPR_F103_HAL.dir/Core/Src/task.c.obj
 .text.Task_EdgeOrderExit
                0x080091f0       0x2c CMakeFiles/CDPR_F103_HAL.dir/Core/Src/task.c.obj
 .text.Task_EdgeOrderMenuService
                0x0800921c      0x104 CMakeFiles/CDPR_F103_HAL.dir/Core/Src/task.c.obj
 .text.Task_ShowManualZeroPrompt
                0x08009320       0x40 CMakeFiles/CDPR_F103_HAL.dir/Core/Src/task.c.obj
 .text.Task_ShowManualJog
                0x08009360      0x114 CMakeFiles/CDPR_F103_HAL.dir/Core/Src/task.c.obj
 .text.Task_ShowManualJogThrottled
                0x08009474       0x28 CMakeFiles/CDPR_F103_HAL.dir/Core/Src/task.c.obj
 .text.Task_ManualVisionLiveLog
                0x0800949c       0x12 CMakeFiles/CDPR_F103_HAL.dir/Core/Src/task.c.obj
 *fill*         0x080094ae        0x2 
 .text.Task_ManualCenterPretension
                0x080094b0      0x104 CMakeFiles/CDPR_F103_HAL.dir/Core/Src/task.c.obj
 .text.Task_ManualRecenterAfterPretension
                0x080095b4      0x158 CMakeFiles/CDPR_F103_HAL.dir/Core/Src/task.c.obj
 .text.Task_ManualAutoCenterAndRecord
                0x0800970c      0x574 CMakeFiles/CDPR_F103_HAL.dir/Core/Src/task.c.obj
 .text.Task_ManualJogDirName
                0x08009c80       0x58 CMakeFiles/CDPR_F103_HAL.dir/Core/Src/task.c.obj
 .text.Task_ManualReadJogDir
                0x08009cd8       0x70 CMakeFiles/CDPR_F103_HAL.dir/Core/Src/task.c.obj
 .text.Task_ClampManualJogPoint
                0x08009d48       0x7c CMakeFiles/CDPR_F103_HAL.dir/Core/Src/task.c.obj
 .text.Task_ManualJogRunCm
                0x08009dc4       0x10 CMakeFiles/CDPR_F103_HAL.dir/Core/Src/task.c.obj
 .text.Task_StopAllImmediate
                0x08009dd4       0x88 CMakeFiles/CDPR_F103_HAL.dir/Core/Src/task.c.obj
 .text.Task_ManualJogRequireRehome
                0x08009e5c       0x88 CMakeFiles/CDPR_F103_HAL.dir/Core/Src/task.c.obj
 .text.Task_ManualJogStop
                0x08009ee4      0x114 CMakeFiles/CDPR_F103_HAL.dir/Core/Src/task.c.obj
 .text.Task_ManualJogStopForce
                0x08009ff8       0xf8 CMakeFiles/CDPR_F103_HAL.dir/Core/Src/task.c.obj
 .text.Task_ManualJogIntegrate
                0x0800a0f0      0x10c CMakeFiles/CDPR_F103_HAL.dir/Core/Src/task.c.obj
 .text.Task_ManualJogCommand
                0x0800a1fc      0x668 CMakeFiles/CDPR_F103_HAL.dir/Core/Src/task.c.obj
 .text.Task_ManualClearBufferedMoves
                0x0800a864       0xbc CMakeFiles/CDPR_F103_HAL.dir/Core/Src/task.c.obj
 .text.Task_ManualSendMotorDelta
                0x0800a920      0x244 CMakeFiles/CDPR_F103_HAL.dir/Core/Src/task.c.obj
 .text.Task_ManualReturnZero
                0x0800ab64      0x35c CMakeFiles/CDPR_F103_HAL.dir/Core/Src/task.c.obj
 .text.Task_EdgePatrolCircleName
                0x0800aec0       0x58 CMakeFiles/CDPR_F103_HAL.dir/Core/Src/task.c.obj
 .text.Task_EdgePatrolMotionGains
                0x0800af18       0x80 CMakeFiles/CDPR_F103_HAL.dir/Core/Src/task.c.obj
 .text.Task_ShowEdgePatrol
                0x0800af98       0xa8 CMakeFiles/CDPR_F103_HAL.dir/Core/Src/task.c.obj
 .text.Task_EdgePatrolReleaseLimit
                0x0800b040       0xb0 CMakeFiles/CDPR_F103_HAL.dir/Core/Src/task.c.obj
 .text.Task_EdgePatrolSegmentGentleEnough
                0x0800b0f0       0xc0 CMakeFiles/CDPR_F103_HAL.dir/Core/Src/task.c.obj
 .text.Task_EdgePatrolCalcSegments
                0x0800b1b0      0x1d8 CMakeFiles/CDPR_F103_HAL.dir/Core/Src/task.c.obj
 .text.Task_EdgePatrolCircleReached
                0x0800b388      0x1bc CMakeFiles/CDPR_F103_HAL.dir/Core/Src/task.c.obj
 .text.Task_EdgePatrolGetLearnedTarget
                0x0800b544       0xb4 CMakeFiles/CDPR_F103_HAL.dir/Core/Src/task.c.obj
 .text.Task_EdgePatrolSampleNode
                0x0800b5f8      0x1b4 CMakeFiles/CDPR_F103_HAL.dir/Core/Src/task.c.obj
 .text.Task_EdgePatrolPrintCalTable
                0x0800b7ac        0xc CMakeFiles/CDPR_F103_HAL.dir/Core/Src/task.c.obj
 .text.Task_EdgePatrolLogNode
                0x0800b7b8       0x24 CMakeFiles/CDPR_F103_HAL.dir/Core/Src/task.c.obj
 .text.Task_EdgePatrolResetSegmentEncoderBaseline
                0x0800b7dc       0x54 CMakeFiles/CDPR_F103_HAL.dir/Core/Src/task.c.obj
 .text.Task_EdgePatrolEnsureLaserFresh
                0x0800b830       0xfc CMakeFiles/CDPR_F103_HAL.dir/Core/Src/task.c.obj
 .text.Task_EdgePatrolLogSegment
                0x0800b92c       0x24 CMakeFiles/CDPR_F103_HAL.dir/Core/Src/task.c.obj
 .text.Task_EdgePatrolFineCircle
                0x0800b950      0x584 CMakeFiles/CDPR_F103_HAL.dir/Core/Src/task.c.obj
 .text.Task_EdgePatrolMoveTo
                0x0800bed4      0x47c CMakeFiles/CDPR_F103_HAL.dir/Core/Src/task.c.obj
 .text.Task_EdgePatrolAutoZeroBeforeRun
                0x0800c350       0xfc CMakeFiles/CDPR_F103_HAL.dir/Core/Src/task.c.obj
 .text.Task_EdgePatrolAutoZeroWithRecovery
                0x0800c44c       0xb8 CMakeFiles/CDPR_F103_HAL.dir/Core/Src/task.c.obj
 .text.Task_EdgePatrolRecoverAfterMoveFail
                0x0800c504       0xf4 CMakeFiles/CDPR_F103_HAL.dir/Core/Src/task.c.obj
 .text.Task_EdgePatrolRunCornerJob
                0x0800c5f8      0x1cc CMakeFiles/CDPR_F103_HAL.dir/Core/Src/task.c.obj
 .text.Task_EdgePatrolResetAfterCorner
                0x0800c7c4      0x108 CMakeFiles/CDPR_F103_HAL.dir/Core/Src/task.c.obj
 *fill*         0x0800c8cc        0x4 
 .text.Task_EdgePatrolRun
                0x0800c8d0      0x324 CMakeFiles/CDPR_F103_HAL.dir/Core/Src/task.c.obj
 .text.Task_ManualZeroLoop
                0x0800cbf4      0x21c CMakeFiles/CDPR_F103_HAL.dir/Core/Src/task.c.obj
 .text.Task_BuzzerSet
                0x0800ce10       0x2c CMakeFiles/CDPR_F103_HAL.dir/Core/Src/task.c.obj
 .text.Task_RecordFire
                0x0800ce3c       0x80 CMakeFiles/CDPR_F103_HAL.dir/Core/Src/task.c.obj
 .text.Task_FireService
                0x0800cebc      0x110 CMakeFiles/CDPR_F103_HAL.dir/Core/Src/task.c.obj
 .text.Task_DelayService
                0x0800cfcc       0x38 CMakeFiles/CDPR_F103_HAL.dir/Core/Src/task.c.obj
 .text.Task_MatchKnownVisionCircle
                0x0800d004       0xa8 CMakeFiles/CDPR_F103_HAL.dir/Core/Src/task.c.obj
 .text.Task_GetVisionLaser
                0x0800d0ac      0x240 CMakeFiles/CDPR_F103_HAL.dir/Core/Src/task.c.obj
 .text.Task_Init
                0x0800d2ec       0x68 CMakeFiles/CDPR_F103_HAL.dir/Core/Src/task.c.obj
                0x0800d2ec                Task_Init
 .text.Task_Loop
                0x0800d354       0x16 CMakeFiles/CDPR_F103_HAL.dir/Core/Src/task.c.obj
                0x0800d354                Task_Loop
 *fill*         0x0800d36a        0x2 
 .text.OLED_GetFont6x8
                0x0800d36c      0x270 CMakeFiles/CDPR_F103_HAL.dir/Core/Src/oled.c.obj
 .text.OLED_WriteCmd
                0x0800d5dc       0x3c CMakeFiles/CDPR_F103_HAL.dir/Core/Src/oled.c.obj
 .text.OLED_WriteData
                0x0800d618       0x7c CMakeFiles/CDPR_F103_HAL.dir/Core/Src/oled.c.obj
 .text.OLED_Init
                0x0800d694       0xbe CMakeFiles/CDPR_F103_HAL.dir/Core/Src/oled.c.obj
                0x0800d694                OLED_Init
 *fill*         0x0800d752        0x2 
 .text.OLED_Clear
                0x0800d754       0x18 CMakeFiles/CDPR_F103_HAL.dir/Core/Src/oled.c.obj
                0x0800d754                OLED_Clear
 .text.OLED_Refresh
                0x0800d76c       0x50 CMakeFiles/CDPR_F103_HAL.dir/Core/Src/oled.c.obj
                0x0800d76c                OLED_Refresh
 .text.OLED_ShowChar
                0x0800d7bc       0x64 CMakeFiles/CDPR_F103_HAL.dir/Core/Src/oled.c.obj
                0x0800d7bc                OLED_ShowChar
 .text.OLED_ShowString
                0x0800d820       0x42 CMakeFiles/CDPR_F103_HAL.dir/Core/Src/oled.c.obj
                0x0800d820                OLED_ShowString
 .text.OLED_ShowLine
                0x0800d862       0x28 CMakeFiles/CDPR_F103_HAL.dir/Core/Src/oled.c.obj
                0x0800d862                OLED_ShowLine
 *fill*         0x0800d88a        0x2 
 .text.sqrtf    0x0800d88c       0x3c D:/STM32CubeCLT_1.21.0/GNU-tools-for-STM32/bin/../lib/gcc/arm-none-eabi/14.3.1/../../../../arm-none-eabi/lib/thumb/v7-m/nofp\libm.a(libm_a-wf_sqrt.o)
                0x0800d88c                sqrtf
 .text.fmaxf    0x0800d8c8       0x2c D:/STM32CubeCLT_1.21.0/GNU-tools-for-STM32/bin/../lib/gcc/arm-none-eabi/14.3.1/../../../../arm-none-eabi/lib/thumb/v7-m/nofp\libm.a(libm_a-sf_fmax.o)
                0x0800d8c8                fmaxf
 .text.__fpclassifyf
                0x0800d8f4       0x34 D:/STM32CubeCLT_1.21.0/GNU-tools-for-STM32/bin/../lib/gcc/arm-none-eabi/14.3.1/../../../../arm-none-eabi/lib/thumb/v7-m/nofp\libm.a(libm_a-sf_fpclassify.o)
                0x0800d8f4                __fpclassifyf
 .text.__ieee754_sqrtf
                0x0800d928       0xe4 D:/STM32CubeCLT_1.21.0/GNU-tools-for-STM32/bin/../lib/gcc/arm-none-eabi/14.3.1/../../../../arm-none-eabi/lib/thumb/v7-m/nofp\libm.a(libm_a-ef_sqrt.o)
                0x0800d928                __ieee754_sqrtf
 .text.sulp     0x0800da0c       0x42 D:/STM32CubeCLT_1.21.0/GNU-tools-for-STM32/bin/../lib/gcc/arm-none-eabi/14.3.1/../../../../arm-none-eabi/lib/thumb/v7-m/nofp\libg_nano.a(libc_a-strtod.o)
 *fill*         0x0800da4e        0x2 
 .text._strtod_l
                0x0800da50      0xba8 D:/STM32CubeCLT_1.21.0/GNU-tools-for-STM32/bin/../lib/gcc/arm-none-eabi/14.3.1/../../../../arm-none-eabi/lib/thumb/v7-m/nofp\libg_nano.a(libc_a-strtod.o)
                0x0800da50                _strtod_l
 .text.strtof   0x0800e5f8       0xb0 D:/STM32CubeCLT_1.21.0/GNU-tools-for-STM32/bin/../lib/gcc/arm-none-eabi/14.3.1/../../../../arm-none-eabi/lib/thumb/v7-m/nofp\libg_nano.a(libc_a-strtod.o)
                0x0800e5f8                strtof
 .text._strtol_l.isra.0
                0x0800e6a8       0xf4 D:/STM32CubeCLT_1.21.0/GNU-tools-for-STM32/bin/../lib/gcc/arm-none-eabi/14.3.1/../../../../arm-none-eabi/lib/thumb/v7-m/nofp\libg_nano.a(libc_a-strtol.o)
 .text.strtol   0x0800e79c       0x14 D:/STM32CubeCLT_1.21.0/GNU-tools-for-STM32/bin/../lib/gcc/arm-none-eabi/14.3.1/../../../../arm-none-eabi/lib/thumb/v7-m/nofp\libg_nano.a(libc_a-strtol.o)
                0x0800e79c                strtol
 .text.swapfunc
                0x0800e7b0       0x32 D:/STM32CubeCLT_1.21.0/GNU-tools-for-STM32/bin/../lib/gcc/arm-none-eabi/14.3.1/../../../../arm-none-eabi/lib/thumb/v7-m/nofp\libg_nano.a(libc_a-qsort.o)
 .text.med3.constprop.0
                0x0800e7e2       0x40 D:/STM32CubeCLT_1.21.0/GNU-tools-for-STM32/bin/../lib/gcc/arm-none-eabi/14.3.1/../../../../arm-none-eabi/lib/thumb/v7-m/nofp\libg_nano.a(libc_a-qsort.o)
 .text.qsort    0x0800e822      0x294 D:/STM32CubeCLT_1.21.0/GNU-tools-for-STM32/bin/../lib/gcc/arm-none-eabi/14.3.1/../../../../arm-none-eabi/lib/thumb/v7-m/nofp\libg_nano.a(libc_a-qsort.o)
                0x0800e822                qsort
 .text.__cvt    0x0800eab6       0xc8 D:/STM32CubeCLT_1.21.0/GNU-tools-for-STM32/bin/../lib/gcc/arm-none-eabi/14.3.1/../../../../arm-none-eabi/lib/thumb/v7-m/nofp\libg_nano.a(libc_a-nano-vfprintf_float.o)
                0x0800eab6                __cvt
 .text.__exponent
                0x0800eb7e       0x74 D:/STM32CubeCLT_1.21.0/GNU-tools-for-STM32/bin/../lib/gcc/arm-none-eabi/14.3.1/../../../../arm-none-eabi/lib/thumb/v7-m/nofp\libg_nano.a(libc_a-nano-vfprintf_float.o)
                0x0800eb7e                __exponent
 *fill*         0x0800ebf2        0x2 
 .text._printf_float
                0x0800ebf4      0x458 D:/STM32CubeCLT_1.21.0/GNU-tools-for-STM32/bin/../lib/gcc/arm-none-eabi/14.3.1/../../../../arm-none-eabi/lib/thumb/v7-m/nofp\libg_nano.a(libc_a-nano-vfprintf_float.o)
                0x0800ebf4                _printf_float
 .text._printf_common
                0x0800f04c       0xe4 D:/STM32CubeCLT_1.21.0/GNU-tools-for-STM32/bin/../lib/gcc/arm-none-eabi/14.3.1/../../../../arm-none-eabi/lib/thumb/v7-m/nofp\libg_nano.a(libc_a-nano-vfprintf_i.o)
                0x0800f04c                _printf_common
 .text._printf_i
                0x0800f130      0x24c D:/STM32CubeCLT_1.21.0/GNU-tools-for-STM32/bin/../lib/gcc/arm-none-eabi/14.3.1/../../../../arm-none-eabi/lib/thumb/v7-m/nofp\libg_nano.a(libc_a-nano-vfprintf_i.o)
                0x0800f130                _printf_i
 .text.std      0x0800f37c       0x6c D:/STM32CubeCLT_1.21.0/GNU-tools-for-STM32/bin/../lib/gcc/arm-none-eabi/14.3.1/../../../../arm-none-eabi/lib/thumb/v7-m/nofp\libg_nano.a(libc_a-findfp.o)
 .text.stdio_exit_handler
                0x0800f3e8       0x18 D:/STM32CubeCLT_1.21.0/GNU-tools-for-STM32/bin/../lib/gcc/arm-none-eabi/14.3.1/../../../../arm-none-eabi/lib/thumb/v7-m/nofp\libg_nano.a(libc_a-findfp.o)
 .text.cleanup_stdio
                0x0800f400       0x40 D:/STM32CubeCLT_1.21.0/GNU-tools-for-STM32/bin/../lib/gcc/arm-none-eabi/14.3.1/../../../../arm-none-eabi/lib/thumb/v7-m/nofp\libg_nano.a(libc_a-findfp.o)
 .text.global_stdio_init.part.0
                0x0800f440       0x40 D:/STM32CubeCLT_1.21.0/GNU-tools-for-STM32/bin/../lib/gcc/arm-none-eabi/14.3.1/../../../../arm-none-eabi/lib/thumb/v7-m/nofp\libg_nano.a(libc_a-findfp.o)
 .text.__sfp_lock_acquire
                0x0800f480        0xc D:/STM32CubeCLT_1.21.0/GNU-tools-for-STM32/bin/../lib/gcc/arm-none-eabi/14.3.1/../../../../arm-none-eabi/lib/thumb/v7-m/nofp\libg_nano.a(libc_a-findfp.o)
                0x0800f480                __sfp_lock_acquire
 .text.__sfp_lock_release
                0x0800f48c        0xc D:/STM32CubeCLT_1.21.0/GNU-tools-for-STM32/bin/../lib/gcc/arm-none-eabi/14.3.1/../../../../arm-none-eabi/lib/thumb/v7-m/nofp\libg_nano.a(libc_a-findfp.o)
                0x0800f48c                __sfp_lock_release
 .text.__sinit  0x0800f498       0x30 D:/STM32CubeCLT_1.21.0/GNU-tools-for-STM32/bin/../lib/gcc/arm-none-eabi/14.3.1/../../../../arm-none-eabi/lib/thumb/v7-m/nofp\libg_nano.a(libc_a-findfp.o)
                0x0800f498                __sinit
 .text._fwalk_sglue
                0x0800f4c8       0x3c D:/STM32CubeCLT_1.21.0/GNU-tools-for-STM32/bin/../lib/gcc/arm-none-eabi/14.3.1/../../../../arm-none-eabi/lib/thumb/v7-m/nofp\libg_nano.a(libc_a-fwalk.o)
                0x0800f4c8                _fwalk_sglue
 .text.printf   0x0800f504       0x24 D:/STM32CubeCLT_1.21.0/GNU-tools-for-STM32/bin/../lib/gcc/arm-none-eabi/14.3.1/../../../../arm-none-eabi/lib/thumb/v7-m/nofp\libg_nano.a(libc_a-printf.o)
                0x0800f504                iprintf
                0x0800f504                printf
 .text.putchar  0x0800f528       0x10 D:/STM32CubeCLT_1.21.0/GNU-tools-for-STM32/bin/../lib/gcc/arm-none-eabi/14.3.1/../../../../arm-none-eabi/lib/thumb/v7-m/nofp\libg_nano.a(libc_a-putchar.o)
                0x0800f528                putchar
 .text._puts_r  0x0800f538       0xaa D:/STM32CubeCLT_1.21.0/GNU-tools-for-STM32/bin/../lib/gcc/arm-none-eabi/14.3.1/../../../../arm-none-eabi/lib/thumb/v7-m/nofp\libg_nano.a(libc_a-puts.o)
                0x0800f538                _puts_r
 *fill*         0x0800f5e2        0x2 
 .text.puts     0x0800f5e4       0x10 D:/STM32CubeCLT_1.21.0/GNU-tools-for-STM32/bin/../lib/gcc/arm-none-eabi/14.3.1/../../../../arm-none-eabi/lib/thumb/v7-m/nofp\libg_nano.a(libc_a-puts.o)
                0x0800f5e4                puts
 .text.setvbuf  0x0800f5f4      0x168 D:/STM32CubeCLT_1.21.0/GNU-tools-for-STM32/bin/../lib/gcc/arm-none-eabi/14.3.1/../../../../arm-none-eabi/lib/thumb/v7-m/nofp\libg_nano.a(libc_a-setvbuf.o)
                0x0800f5f4                setvbuf
 .text.snprintf
                0x0800f75c       0x6c D:/STM32CubeCLT_1.21.0/GNU-tools-for-STM32/bin/../lib/gcc/arm-none-eabi/14.3.1/../../../../arm-none-eabi/lib/thumb/v7-m/nofp\libg_nano.a(libc_a-snprintf.o)
                0x0800f75c                sniprintf
                0x0800f75c                snprintf
 .text.__sread  0x0800f7c8       0x22 D:/STM32CubeCLT_1.21.0/GNU-tools-for-STM32/bin/../lib/gcc/arm-none-eabi/14.3.1/../../../../arm-none-eabi/lib/thumb/v7-m/nofp\libg_nano.a(libc_a-stdio.o)
                0x0800f7c8                __sread
 .text.__swrite
                0x0800f7ea       0x38 D:/STM32CubeCLT_1.21.0/GNU-tools-for-STM32/bin/../lib/gcc/arm-none-eabi/14.3.1/../../../../arm-none-eabi/lib/thumb/v7-m/nofp\libg_nano.a(libc_a-stdio.o)
                0x0800f7ea                __swrite
 .text.__sseek  0x0800f822       0x26 D:/STM32CubeCLT_1.21.0/GNU-tools-for-STM32/bin/../lib/gcc/arm-none-eabi/14.3.1/../../../../arm-none-eabi/lib/thumb/v7-m/nofp\libg_nano.a(libc_a-stdio.o)
                0x0800f822                __sseek
 .text.__sclose
                0x0800f848        0x8 D:/STM32CubeCLT_1.21.0/GNU-tools-for-STM32/bin/../lib/gcc/arm-none-eabi/14.3.1/../../../../arm-none-eabi/lib/thumb/v7-m/nofp\libg_nano.a(libc_a-stdio.o)
                0x0800f848                __sclose
 .text.__swbuf_r
                0x0800f850       0x7c D:/STM32CubeCLT_1.21.0/GNU-tools-for-STM32/bin/../lib/gcc/arm-none-eabi/14.3.1/../../../../arm-none-eabi/lib/thumb/v7-m/nofp\libg_nano.a(libc_a-wbuf.o)
                0x0800f850                __swbuf_r
 .text.__swsetup_r
                0x0800f8cc       0xa8 D:/STM32CubeCLT_1.21.0/GNU-tools-for-STM32/bin/../lib/gcc/arm-none-eabi/14.3.1/../../../../arm-none-eabi/lib/thumb/v7-m/nofp\libg_nano.a(libc_a-wsetup.o)
                0x0800f8cc                __swsetup_r
 .text.memset   0x0800f974       0x10 D:/STM32CubeCLT_1.21.0/GNU-tools-for-STM32/bin/../lib/gcc/arm-none-eabi/14.3.1/../../../../arm-none-eabi/lib/thumb/v7-m/nofp\libg_nano.a(libc_a-memset.o)
                0x0800f974                memset
 .text.strchr   0x0800f984       0x1a D:/STM32CubeCLT_1.21.0/GNU-tools-for-STM32/bin/../lib/gcc/arm-none-eabi/14.3.1/../../../../arm-none-eabi/lib/thumb/v7-m/nofp\libg_nano.a(libc_a-strchr.o)
                0x0800f984                strchr
 .text.strncmp  0x0800f99e       0x24 D:/STM32CubeCLT_1.21.0/GNU-tools-for-STM32/bin/../lib/gcc/arm-none-eabi/14.3.1/../../../../arm-none-eabi/lib/thumb/v7-m/nofp\libg_nano.a(libc_a-strncmp.o)
                0x0800f99e                strncmp
 *fill*         0x0800f9c2        0x2 
 .text._localeconv_r
                0x0800f9c4        0x8 D:/STM32CubeCLT_1.21.0/GNU-tools-for-STM32/bin/../lib/gcc/arm-none-eabi/14.3.1/../../../../arm-none-eabi/lib/thumb/v7-m/nofp\libg_nano.a(libc_a-localeconv.o)
                0x0800f9c4                _localeconv_r
 .text._close_r
                0x0800f9cc       0x20 D:/STM32CubeCLT_1.21.0/GNU-tools-for-STM32/bin/../lib/gcc/arm-none-eabi/14.3.1/../../../../arm-none-eabi/lib/thumb/v7-m/nofp\libg_nano.a(libc_a-closer.o)
                0x0800f9cc                _close_r
 .text._lseek_r
                0x0800f9ec       0x24 D:/STM32CubeCLT_1.21.0/GNU-tools-for-STM32/bin/../lib/gcc/arm-none-eabi/14.3.1/../../../../arm-none-eabi/lib/thumb/v7-m/nofp\libg_nano.a(libc_a-lseekr.o)
                0x0800f9ec                _lseek_r
 .text._read_r  0x0800fa10       0x24 D:/STM32CubeCLT_1.21.0/GNU-tools-for-STM32/bin/../lib/gcc/arm-none-eabi/14.3.1/../../../../arm-none-eabi/lib/thumb/v7-m/nofp\libg_nano.a(libc_a-readr.o)
                0x0800fa10                _read_r
 .text._write_r
                0x0800fa34       0x24 D:/STM32CubeCLT_1.21.0/GNU-tools-for-STM32/bin/../lib/gcc/arm-none-eabi/14.3.1/../../../../arm-none-eabi/lib/thumb/v7-m/nofp\libg_nano.a(libc_a-writer.o)
                0x0800fa34                _write_r
 .text.__errno  0x0800fa58        0xc D:/STM32CubeCLT_1.21.0/GNU-tools-for-STM32/bin/../lib/gcc/arm-none-eabi/14.3.1/../../../../arm-none-eabi/lib/thumb/v7-m/nofp\libg_nano.a(libc_a-errno.o)
                0x0800fa58                __errno
 .text.__libc_init_array
                0x0800fa64       0x48 D:/STM32CubeCLT_1.21.0/GNU-tools-for-STM32/bin/../lib/gcc/arm-none-eabi/14.3.1/../../../../arm-none-eabi/lib/thumb/v7-m/nofp\libg_nano.a(libc_a-init.o)
                0x0800fa64                __libc_init_array
 .text.__retarget_lock_init_recursive
                0x0800faac        0x2 D:/STM32CubeCLT_1.21.0/GNU-tools-for-STM32/bin/../lib/gcc/arm-none-eabi/14.3.1/../../../../arm-none-eabi/lib/thumb/v7-m/nofp\libg_nano.a(libc_a-lock.o)
                0x0800faac                __retarget_lock_init_recursive
 .text.__retarget_lock_acquire_recursive
                0x0800faae        0x2 D:/STM32CubeCLT_1.21.0/GNU-tools-for-STM32/bin/../lib/gcc/arm-none-eabi/14.3.1/../../../../arm-none-eabi/lib/thumb/v7-m/nofp\libg_nano.a(libc_a-lock.o)
                0x0800faae                __retarget_lock_acquire_recursive
 .text.__retarget_lock_release_recursive
                0x0800fab0        0x2 D:/STM32CubeCLT_1.21.0/GNU-tools-for-STM32/bin/../lib/gcc/arm-none-eabi/14.3.1/../../../../arm-none-eabi/lib/thumb/v7-m/nofp\libg_nano.a(libc_a-lock.o)
                0x0800fab0                __retarget_lock_release_recursive
 .text.memchr   0x0800fab2       0x1c D:/STM32CubeCLT_1.21.0/GNU-tools-for-STM32/bin/../lib/gcc/arm-none-eabi/14.3.1/../../../../arm-none-eabi/lib/thumb/v7-m/nofp\libg_nano.a(libc_a-memchr-stub.o)
                0x0800fab2                memchr
 .text.memcpy   0x0800face       0x1c D:/STM32CubeCLT_1.21.0/GNU-tools-for-STM32/bin/../lib/gcc/arm-none-eabi/14.3.1/../../../../arm-none-eabi/lib/thumb/v7-m/nofp\libg_nano.a(libc_a-memcpy-stub.o)
                0x0800face                memcpy
 *fill*         0x0800faea        0x2 
 .text.nan      0x0800faec        0xc D:/STM32CubeCLT_1.21.0/GNU-tools-for-STM32/bin/../lib/gcc/arm-none-eabi/14.3.1/../../../../arm-none-eabi/lib/thumb/v7-m/nofp\libg_nano.a(libm_a-s_nan.o)
                0x0800faec                nan
 .text.nanf     0x0800faf8        0x8 D:/STM32CubeCLT_1.21.0/GNU-tools-for-STM32/bin/../lib/gcc/arm-none-eabi/14.3.1/../../../../arm-none-eabi/lib/thumb/v7-m/nofp\libg_nano.a(libm_a-sf_nan.o)
                0x0800faf8                nanf
 .text.quorem   0x0800fb00      0x110 D:/STM32CubeCLT_1.21.0/GNU-tools-for-STM32/bin/../lib/gcc/arm-none-eabi/14.3.1/../../../../arm-none-eabi/lib/thumb/v7-m/nofp\libg_nano.a(libc_a-dtoa.o)
 .text._dtoa_r  0x0800fc10      0xbcc D:/STM32CubeCLT_1.21.0/GNU-tools-for-STM32/bin/../lib/gcc/arm-none-eabi/14.3.1/../../../../arm-none-eabi/lib/thumb/v7-m/nofp\libg_nano.a(libc_a-dtoa.o)
                0x0800fc10                _dtoa_r
 .text._free_r  0x080107dc       0x90 D:/STM32CubeCLT_1.21.0/GNU-tools-for-STM32/bin/../lib/gcc/arm-none-eabi/14.3.1/../../../../arm-none-eabi/lib/thumb/v7-m/nofp\libg_nano.a(libc_a-freer.o)
                0x080107dc                _free_r
 .text.rshift   0x0801086c       0xa6 D:/STM32CubeCLT_1.21.0/GNU-tools-for-STM32/bin/../lib/gcc/arm-none-eabi/14.3.1/../../../../arm-none-eabi/lib/thumb/v7-m/nofp\libg_nano.a(libc_a-gdtoa-gethex.o)
 .text.__hexdig_fun
                0x08010912       0x2a D:/STM32CubeCLT_1.21.0/GNU-tools-for-STM32/bin/../lib/gcc/arm-none-eabi/14.3.1/../../../../arm-none-eabi/lib/thumb/v7-m/nofp\libg_nano.a(libc_a-gdtoa-gethex.o)
                0x08010912                __hexdig_fun
 .text.__gethex
                0x0801093c      0x420 D:/STM32CubeCLT_1.21.0/GNU-tools-for-STM32/bin/../lib/gcc/arm-none-eabi/14.3.1/../../../../arm-none-eabi/lib/thumb/v7-m/nofp\libg_nano.a(libc_a-gdtoa-gethex.o)
                0x0801093c                __gethex
 .text.L_shift  0x08010d5c       0x24 D:/STM32CubeCLT_1.21.0/GNU-tools-for-STM32/bin/../lib/gcc/arm-none-eabi/14.3.1/../../../../arm-none-eabi/lib/thumb/v7-m/nofp\libg_nano.a(libc_a-gdtoa-hexnan.o)
 .text.__match  0x08010d80       0x28 D:/STM32CubeCLT_1.21.0/GNU-tools-for-STM32/bin/../lib/gcc/arm-none-eabi/14.3.1/../../../../arm-none-eabi/lib/thumb/v7-m/nofp\libg_nano.a(libc_a-gdtoa-hexnan.o)
                0x08010d80                __match
 .text.__hexnan
                0x08010da8      0x13a D:/STM32CubeCLT_1.21.0/GNU-tools-for-STM32/bin/../lib/gcc/arm-none-eabi/14.3.1/../../../../arm-none-eabi/lib/thumb/v7-m/nofp\libg_nano.a(libc_a-gdtoa-hexnan.o)
                0x08010da8                __hexnan
 *fill*         0x08010ee2        0x2 
 .text.malloc   0x08010ee4       0x10 D:/STM32CubeCLT_1.21.0/GNU-tools-for-STM32/bin/../lib/gcc/arm-none-eabi/14.3.1/../../../../arm-none-eabi/lib/thumb/v7-m/nofp\libg_nano.a(libc_a-malloc.o)
                0x08010ee4                malloc
 .text.sbrk_aligned
                0x08010ef4       0x44 D:/STM32CubeCLT_1.21.0/GNU-tools-for-STM32/bin/../lib/gcc/arm-none-eabi/14.3.1/../../../../arm-none-eabi/lib/thumb/v7-m/nofp\libg_nano.a(libc_a-mallocr.o)
 .text._malloc_r
                0x08010f38      0x100 D:/STM32CubeCLT_1.21.0/GNU-tools-for-STM32/bin/../lib/gcc/arm-none-eabi/14.3.1/../../../../arm-none-eabi/lib/thumb/v7-m/nofp\libg_nano.a(libc_a-mallocr.o)
                0x08010f38                _malloc_r
 .text.__ascii_mbtowc
                0x08011038       0x24 D:/STM32CubeCLT_1.21.0/GNU-tools-for-STM32/bin/../lib/gcc/arm-none-eabi/14.3.1/../../../../arm-none-eabi/lib/thumb/v7-m/nofp\libg_nano.a(libc_a-mbtowc_r.o)
                0x08011038                __ascii_mbtowc
 .text.__malloc_lock
                0x0801105c        0xc D:/STM32CubeCLT_1.21.0/GNU-tools-for-STM32/bin/../lib/gcc/arm-none-eabi/14.3.1/../../../../arm-none-eabi/lib/thumb/v7-m/nofp\libg_nano.a(libc_a-mlock.o)
                0x0801105c                __malloc_lock
 .text.__malloc_unlock
                0x08011068        0xc D:/STM32CubeCLT_1.21.0/GNU-tools-for-STM32/bin/../lib/gcc/arm-none-eabi/14.3.1/../../../../arm-none-eabi/lib/thumb/v7-m/nofp\libg_nano.a(libc_a-mlock.o)
                0x08011068                __malloc_unlock
 .text._Balloc  0x08011074       0x7c D:/STM32CubeCLT_1.21.0/GNU-tools-for-STM32/bin/../lib/gcc/arm-none-eabi/14.3.1/../../../../arm-none-eabi/lib/thumb/v7-m/nofp\libg_nano.a(libc_a-mprec.o)
                0x08011074                _Balloc
 .text._Bfree   0x080110f0       0x44 D:/STM32CubeCLT_1.21.0/GNU-tools-for-STM32/bin/../lib/gcc/arm-none-eabi/14.3.1/../../../../arm-none-eabi/lib/thumb/v7-m/nofp\libg_nano.a(libc_a-mprec.o)
                0x080110f0                _Bfree
 .text.__multadd
                0x08011134       0x8c D:/STM32CubeCLT_1.21.0/GNU-tools-for-STM32/bin/../lib/gcc/arm-none-eabi/14.3.1/../../../../arm-none-eabi/lib/thumb/v7-m/nofp\libg_nano.a(libc_a-mprec.o)
                0x08011134                __multadd
 .text.__s2b    0x080111c0       0x94 D:/STM32CubeCLT_1.21.0/GNU-tools-for-STM32/bin/../lib/gcc/arm-none-eabi/14.3.1/../../../../arm-none-eabi/lib/thumb/v7-m/nofp\libg_nano.a(libc_a-mprec.o)
                0x080111c0                __s2b
 .text.__hi0bits
                0x08011254       0x3e D:/STM32CubeCLT_1.21.0/GNU-tools-for-STM32/bin/../lib/gcc/arm-none-eabi/14.3.1/../../../../arm-none-eabi/lib/thumb/v7-m/nofp\libg_nano.a(libc_a-mprec.o)
                0x08011254                __hi0bits
 .text.__lo0bits
                0x08011292       0x5a D:/STM32CubeCLT_1.21.0/GNU-tools-for-STM32/bin/../lib/gcc/arm-none-eabi/14.3.1/../../../../arm-none-eabi/lib/thumb/v7-m/nofp\libg_nano.a(libc_a-mprec.o)
                0x08011292                __lo0bits
 .text.__i2b    0x080112ec       0x2c D:/STM32CubeCLT_1.21.0/GNU-tools-for-STM32/bin/../lib/gcc/arm-none-eabi/14.3.1/../../../../arm-none-eabi/lib/thumb/v7-m/nofp\libg_nano.a(libc_a-mprec.o)
                0x080112ec                __i2b
 .text.__multiply
                0x08011318      0x150 D:/STM32CubeCLT_1.21.0/GNU-tools-for-STM32/bin/../lib/gcc/arm-none-eabi/14.3.1/../../../../arm-none-eabi/lib/thumb/v7-m/nofp\libg_nano.a(libc_a-mprec.o)
                0x08011318                __multiply
 .text.__pow5mult
                0x08011468       0xb8 D:/STM32CubeCLT_1.21.0/GNU-tools-for-STM32/bin/../lib/gcc/arm-none-eabi/14.3.1/../../../../arm-none-eabi/lib/thumb/v7-m/nofp\libg_nano.a(libc_a-mprec.o)
                0x08011468                __pow5mult
 .text.__lshift
                0x08011520       0xd8 D:/STM32CubeCLT_1.21.0/GNU-tools-for-STM32/bin/../lib/gcc/arm-none-eabi/14.3.1/../../../../arm-none-eabi/lib/thumb/v7-m/nofp\libg_nano.a(libc_a-mprec.o)
                0x08011520                __lshift
 .text.__mcmp   0x080115f8       0x36 D:/STM32CubeCLT_1.21.0/GNU-tools-for-STM32/bin/../lib/gcc/arm-none-eabi/14.3.1/../../../../arm-none-eabi/lib/thumb/v7-m/nofp\libg_nano.a(libc_a-mprec.o)
                0x080115f8                __mcmp
 *fill*         0x0801162e        0x2 
 .text.__mdiff  0x08011630      0x130 D:/STM32CubeCLT_1.21.0/GNU-tools-for-STM32/bin/../lib/gcc/arm-none-eabi/14.3.1/../../../../arm-none-eabi/lib/thumb/v7-m/nofp\libg_nano.a(libc_a-mprec.o)
                0x08011630                __mdiff
 .text.__ulp    0x08011760       0x40 D:/STM32CubeCLT_1.21.0/GNU-tools-for-STM32/bin/../lib/gcc/arm-none-eabi/14.3.1/../../../../arm-none-eabi/lib/thumb/v7-m/nofp\libg_nano.a(libc_a-mprec.o)
                0x08011760                __ulp
 .text.__b2d    0x080117a0       0x90 D:/STM32CubeCLT_1.21.0/GNU-tools-for-STM32/bin/../lib/gcc/arm-none-eabi/14.3.1/../../../../arm-none-eabi/lib/thumb/v7-m/nofp\libg_nano.a(libc_a-mprec.o)
                0x080117a0                __b2d
 .text.__d2b    0x08011830       0xb0 D:/STM32CubeCLT_1.21.0/GNU-tools-for-STM32/bin/../lib/gcc/arm-none-eabi/14.3.1/../../../../arm-none-eabi/lib/thumb/v7-m/nofp\libg_nano.a(libc_a-mprec.o)
                0x08011830                __d2b
 .text.__ratio  0x080118e0       0x60 D:/STM32CubeCLT_1.21.0/GNU-tools-for-STM32/bin/../lib/gcc/arm-none-eabi/14.3.1/../../../../arm-none-eabi/lib/thumb/v7-m/nofp\libg_nano.a(libc_a-mprec.o)
                0x080118e0                __ratio
 .text.__copybits
                0x08011940       0x46 D:/STM32CubeCLT_1.21.0/GNU-tools-for-STM32/bin/../lib/gcc/arm-none-eabi/14.3.1/../../../../arm-none-eabi/lib/thumb/v7-m/nofp\libg_nano.a(libc_a-mprec.o)
                0x08011940                __copybits
 .text.__any_on
                0x08011986       0x42 D:/STM32CubeCLT_1.21.0/GNU-tools-for-STM32/bin/../lib/gcc/arm-none-eabi/14.3.1/../../../../arm-none-eabi/lib/thumb/v7-m/nofp\libg_nano.a(libc_a-mprec.o)
                0x08011986                __any_on
 .text.__ascii_wctomb
                0x080119c8       0x1a D:/STM32CubeCLT_1.21.0/GNU-tools-for-STM32/bin/../lib/gcc/arm-none-eabi/14.3.1/../../../../arm-none-eabi/lib/thumb/v7-m/nofp\libg_nano.a(libc_a-wctomb_r.o)
                0x080119c8                __ascii_wctomb
 .text.__ssputs_r
                0x080119e2       0xc0 D:/STM32CubeCLT_1.21.0/GNU-tools-for-STM32/bin/../lib/gcc/arm-none-eabi/14.3.1/../../../../arm-none-eabi/lib/thumb/v7-m/nofp\libg_nano.a(libc_a-nano-svfprintf.o)
                0x080119e2                __ssputs_r
 *fill*         0x08011aa2        0x2 
 .text._svfprintf_r
                0x08011aa4      0x1f0 D:/STM32CubeCLT_1.21.0/GNU-tools-for-STM32/bin/../lib/gcc/arm-none-eabi/14.3.1/../../../../arm-none-eabi/lib/thumb/v7-m/nofp\libg_nano.a(libc_a-nano-svfprintf.o)
                0x08011aa4                _svfiprintf_r
                0x08011aa4                _svfprintf_r
 .text.__sfputc_r
                0x08011c94       0x2a D:/STM32CubeCLT_1.21.0/GNU-tools-for-STM32/bin/../lib/gcc/arm-none-eabi/14.3.1/../../../../arm-none-eabi/lib/thumb/v7-m/nofp\libg_nano.a(libc_a-nano-vfprintf.o)
 .text.__sfputs_r
                0x08011cbe       0x24 D:/STM32CubeCLT_1.21.0/GNU-tools-for-STM32/bin/../lib/gcc/arm-none-eabi/14.3.1/../../../../arm-none-eabi/lib/thumb/v7-m/nofp\libg_nano.a(libc_a-nano-vfprintf.o)
                0x08011cbe                __sfputs_r
 *fill*         0x08011ce2        0x2 
 .text._vfprintf_r
                0x08011ce4      0x228 D:/STM32CubeCLT_1.21.0/GNU-tools-for-STM32/bin/../lib/gcc/arm-none-eabi/14.3.1/../../../../arm-none-eabi/lib/thumb/v7-m/nofp\libg_nano.a(libc_a-nano-vfprintf.o)
                0x08011ce4                _vfprintf_r
                0x08011ce4                _vfiprintf_r
 .text.__sflush_r
                0x08011f0c       0xfc D:/STM32CubeCLT_1.21.0/GNU-tools-for-STM32/bin/../lib/gcc/arm-none-eabi/14.3.1/../../../../arm-none-eabi/lib/thumb/v7-m/nofp\libg_nano.a(libc_a-fflush.o)
                0x08011f0c                __sflush_r
 .text._fflush_r
                0x08012008       0x50 D:/STM32CubeCLT_1.21.0/GNU-tools-for-STM32/bin/../lib/gcc/arm-none-eabi/14.3.1/../../../../arm-none-eabi/lib/thumb/v7-m/nofp\libg_nano.a(libc_a-fflush.o)
                0x08012008                _fflush_r
 .text.__swhatbuf_r
                0x08012058       0x48 D:/STM32CubeCLT_1.21.0/GNU-tools-for-STM32/bin/../lib/gcc/arm-none-eabi/14.3.1/../../../../arm-none-eabi/lib/thumb/v7-m/nofp\libg_nano.a(libc_a-makebuf.o)
                0x08012058                __swhatbuf_r
 .text.__smakebuf_r
                0x080120a0       0x72 D:/STM32CubeCLT_1.21.0/GNU-tools-for-STM32/bin/../lib/gcc/arm-none-eabi/14.3.1/../../../../arm-none-eabi/lib/thumb/v7-m/nofp\libg_nano.a(libc_a-makebuf.o)
                0x080120a0                __smakebuf_r
 .text._putc_r  0x08012112       0x68 D:/STM32CubeCLT_1.21.0/GNU-tools-for-STM32/bin/../lib/gcc/arm-none-eabi/14.3.1/../../../../arm-none-eabi/lib/thumb/v7-m/nofp\libg_nano.a(libc_a-putc.o)
                0x08012112                _putc_r
 .text.memmove  0x0801217a       0x32 D:/STM32CubeCLT_1.21.0/GNU-tools-for-STM32/bin/../lib/gcc/arm-none-eabi/14.3.1/../../../../arm-none-eabi/lib/thumb/v7-m/nofp\libg_nano.a(libc_a-memmove.o)
                0x0801217a                memmove
 .text._fstat_r
                0x080121ac       0x24 D:/STM32CubeCLT_1.21.0/GNU-tools-for-STM32/bin/../lib/gcc/arm-none-eabi/14.3.1/../../../../arm-none-eabi/lib/thumb/v7-m/nofp\libg_nano.a(libc_a-fstatr.o)
                0x080121ac                _fstat_r
 .text._isatty_r
                0x080121d0       0x20 D:/STM32CubeCLT_1.21.0/GNU-tools-for-STM32/bin/../lib/gcc/arm-none-eabi/14.3.1/../../../../arm-none-eabi/lib/thumb/v7-m/nofp\libg_nano.a(libc_a-isattyr.o)
                0x080121d0                _isatty_r
 .text._sbrk_r  0x080121f0       0x20 D:/STM32CubeCLT_1.21.0/GNU-tools-for-STM32/bin/../lib/gcc/arm-none-eabi/14.3.1/../../../../arm-none-eabi/lib/thumb/v7-m/nofp\libg_nano.a(libc_a-sbrkr.o)
                0x080121f0                _sbrk_r
 .text.__assert_func
                0x08012210       0x3c D:/STM32CubeCLT_1.21.0/GNU-tools-for-STM32/bin/../lib/gcc/arm-none-eabi/14.3.1/../../../../arm-none-eabi/lib/thumb/v7-m/nofp\libg_nano.a(libc_a-assert.o)
                0x08012210                __assert_func
 .text._calloc_r
                0x0801224c       0x28 D:/STM32CubeCLT_1.21.0/GNU-tools-for-STM32/bin/../lib/gcc/arm-none-eabi/14.3.1/../../../../arm-none-eabi/lib/thumb/v7-m/nofp\libg_nano.a(libc_a-callocr.o)
                0x0801224c                _calloc_r
 .text._realloc_r
                0x08012274       0x5c D:/STM32CubeCLT_1.21.0/GNU-tools-for-STM32/bin/../lib/gcc/arm-none-eabi/14.3.1/../../../../arm-none-eabi/lib/thumb/v7-m/nofp\libg_nano.a(libc_a-reallocr.o)
                0x08012274                _realloc_r
 .text.fprintf  0x080122d0       0x24 D:/STM32CubeCLT_1.21.0/GNU-tools-for-STM32/bin/../lib/gcc/arm-none-eabi/14.3.1/../../../../arm-none-eabi/lib/thumb/v7-m/nofp\libg_nano.a(libc_a-fprintf.o)
                0x080122d0                fiprintf
                0x080122d0                fprintf
 .text.abort    0x080122f4        0xe D:/STM32CubeCLT_1.21.0/GNU-tools-for-STM32/bin/../lib/gcc/arm-none-eabi/14.3.1/../../../../arm-none-eabi/lib/thumb/v7-m/nofp\libg_nano.a(libc_a-abort.o)
                0x080122f4                abort
 .text._malloc_usable_size_r
                0x08012302       0x10 D:/STM32CubeCLT_1.21.0/GNU-tools-for-STM32/bin/../lib/gcc/arm-none-eabi/14.3.1/../../../../arm-none-eabi/lib/thumb/v7-m/nofp\libg_nano.a(libc_a-msizer.o)
                0x08012302                _malloc_usable_size_r
 .text._raise_r
                0x08012312       0x50 D:/STM32CubeCLT_1.21.0/GNU-tools-for-STM32/bin/../lib/gcc/arm-none-eabi/14.3.1/../../../../arm-none-eabi/lib/thumb/v7-m/nofp\libg_nano.a(libc_a-signal.o)
                0x08012312                _raise_r
 *fill*         0x08012362        0x2 
 .text.raise    0x08012364       0x10 D:/STM32CubeCLT_1.21.0/GNU-tools-for-STM32/bin/../lib/gcc/arm-none-eabi/14.3.1/../../../../arm-none-eabi/lib/thumb/v7-m/nofp\libg_nano.a(libc_a-signal.o)
                0x08012364                raise
 .text._kill_r  0x08012374       0x24 D:/STM32CubeCLT_1.21.0/GNU-tools-for-STM32/bin/../lib/gcc/arm-none-eabi/14.3.1/../../../../arm-none-eabi/lib/thumb/v7-m/nofp\libg_nano.a(libc_a-signalr.o)
                0x08012374                _kill_r
 .text._getpid_r
                0x08012398        0x4 D:/STM32CubeCLT_1.21.0/GNU-tools-for-STM32/bin/../lib/gcc/arm-none-eabi/14.3.1/../../../../arm-none-eabi/lib/thumb/v7-m/nofp\libg_nano.a(libc_a-signalr.o)
                0x08012398                _getpid_r
 *(.glue_7)
 .glue_7        0x0801239c        0x0 linker stubs
 *(.glue_7t)
 .glue_7t       0x0801239c        0x0 linker stubs
 *(.eh_frame)
 .eh_frame      0x0801239c        0x0 D:/STM32CubeCLT_1.21.0/GNU-tools-for-STM32/bin/../lib/gcc/arm-none-eabi/14.3.1/thumb/v7-m/nofp/crtbegin.o
 *(.init)
 .init          0x0801239c        0x4 D:/STM32CubeCLT_1.21.0/GNU-tools-for-STM32/bin/../lib/gcc/arm-none-eabi/14.3.1/thumb/v7-m/nofp/crti.o
                0x0801239c                _init
 .init          0x080123a0        0x8 D:/STM32CubeCLT_1.21.0/GNU-tools-for-STM32/bin/../lib/gcc/arm-none-eabi/14.3.1/thumb/v7-m/nofp/crtn.o
 *(.fini)
 .fini          0x080123a8        0x4 D:/STM32CubeCLT_1.21.0/GNU-tools-for-STM32/bin/../lib/gcc/arm-none-eabi/14.3.1/thumb/v7-m/nofp/crti.o
                0x080123a8                _fini
 .fini          0x080123ac        0x8 D:/STM32CubeCLT_1.21.0/GNU-tools-for-STM32/bin/../lib/gcc/arm-none-eabi/14.3.1/thumb/v7-m/nofp/crtn.o
                0x080123b4                        . = ALIGN (0x4)
                0x080123b4                        _etext = .

.vfp11_veneer   0x080123b4        0x0
 .vfp11_veneer  0x080123b4        0x0 linker stubs

.v4_bx          0x080123b4        0x0
 .v4_bx         0x080123b4        0x0 linker stubs

.iplt           0x080123b4        0x0
 .iplt          0x080123b4        0x0 D:/STM32CubeCLT_1.21.0/GNU-tools-for-STM32/bin/../lib/gcc/arm-none-eabi/14.3.1/thumb/v7-m/nofp/crtbegin.o

.rodata         0x080123b8     0x2aa8
                0x080123b8                        . = ALIGN (0x4)
 *(.rodata)
 .rodata        0x080123b8       0x47 CMakeFiles/CDPR_F103_HAL.dir/Core/Src/main.c.obj
 *fill*         0x080123ff        0x1 
 .rodata        0x08012400      0x11e CMakeFiles/CDPR_F103_HAL.dir/Core/Src/motor.c.obj
 *fill*         0x0801251e        0x2 
 .rodata        0x08012520      0x23c CMakeFiles/CDPR_F103_HAL.dir/Core/Src/motion.c.obj
 .rodata        0x0801275c       0x57 CMakeFiles/CDPR_F103_HAL.dir/Core/Src/vision.c.obj
 *fill*         0x080127b3        0x1 
 .rodata        0x080127b4     0x1f14 CMakeFiles/CDPR_F103_HAL.dir/Core/Src/task.c.obj
 *(.rodata*)
 .rodata.AHBPrescTable
                0x080146c8       0x10 cmake/stm32cubemx/CMakeFiles/STM32_Drivers.dir/__/__/Core/Src/system_stm32f1xx.c.obj
                0x080146c8                AHBPrescTable
 .rodata.APBPrescTable
                0x080146d8        0x8 cmake/stm32cubemx/CMakeFiles/STM32_Drivers.dir/__/__/Core/Src/system_stm32f1xx.c.obj
                0x080146d8                APBPrescTable
 .rodata.aPLLMULFactorTable.1
                0x080146e0       0x10 cmake/stm32cubemx/CMakeFiles/STM32_Drivers.dir/__/__/Drivers/STM32F1xx_HAL_Driver/Src/stm32f1xx_hal_rcc.c.obj
 .rodata.aPredivFactorTable.0
                0x080146f0        0x2 cmake/stm32cubemx/CMakeFiles/STM32_Drivers.dir/__/__/Drivers/STM32F1xx_HAL_Driver/Src/stm32f1xx_hal_rcc.c.obj
 *fill*         0x080146f2        0x2 
 .rodata.Px     0x080146f4       0x10 CMakeFiles/CDPR_F103_HAL.dir/Core/Src/kinematics.c.obj
 .rodata.Py     0x08014704       0x10 CMakeFiles/CDPR_F103_HAL.dir/Core/Src/kinematics.c.obj
 .rodata.Ax     0x08014714       0x10 CMakeFiles/CDPR_F103_HAL.dir/Core/Src/kinematics.c.obj
 .rodata.Ay     0x08014724       0x10 CMakeFiles/CDPR_F103_HAL.dir/Core/Src/kinematics.c.obj
 .rodata.patrol_order.0
                0x08014734        0x4 CMakeFiles/CDPR_F103_HAL.dir/Core/Src/motion.c.obj
 .rodata.s_edge_patrol_lt_job
                0x08014738       0x40 CMakeFiles/CDPR_F103_HAL.dir/Core/Src/task.c.obj
 .rodata.s_edge_patrol_rt_job
                0x08014778       0x40 CMakeFiles/CDPR_F103_HAL.dir/Core/Src/task.c.obj
 .rodata.s_edge_patrol_rb_job
                0x080147b8       0x40 CMakeFiles/CDPR_F103_HAL.dir/Core/Src/task.c.obj
 .rodata.s_edge_patrol_lb_job
                0x080147f8       0x40 CMakeFiles/CDPR_F103_HAL.dir/Core/Src/task.c.obj
 .rodata.s_edge_patrol_corner_jobs
                0x08014838       0x40 CMakeFiles/CDPR_F103_HAL.dir/Core/Src/task.c.obj
 .rodata.ref_x.5
                0x08014878       0x10 CMakeFiles/CDPR_F103_HAL.dir/Core/Src/task.c.obj
 .rodata.ref_y.4
                0x08014888       0x10 CMakeFiles/CDPR_F103_HAL.dir/Core/Src/task.c.obj
 .rodata.ref_x.3
                0x08014898       0x10 CMakeFiles/CDPR_F103_HAL.dir/Core/Src/task.c.obj
 .rodata.ref_y.2
                0x080148a8       0x10 CMakeFiles/CDPR_F103_HAL.dir/Core/Src/task.c.obj
 .rodata.kx.1   0x080148b8       0x14 CMakeFiles/CDPR_F103_HAL.dir/Core/Src/task.c.obj
 .rodata.ky.0   0x080148cc       0x14 CMakeFiles/CDPR_F103_HAL.dir/Core/Src/task.c.obj
 .rodata.FONT_SPACE
                0x080148e0        0x6 CMakeFiles/CDPR_F103_HAL.dir/Core/Src/oled.c.obj
 *fill*         0x080148e6        0x2 
 .rodata.FONT_MINUS
                0x080148e8        0x6 CMakeFiles/CDPR_F103_HAL.dir/Core/Src/oled.c.obj
 *fill*         0x080148ee        0x2 
 .rodata.FONT_COLON
                0x080148f0        0x6 CMakeFiles/CDPR_F103_HAL.dir/Core/Src/oled.c.obj
 *fill*         0x080148f6        0x2 
 .rodata.FONT_SLASH
                0x080148f8        0x6 CMakeFiles/CDPR_F103_HAL.dir/Core/Src/oled.c.obj
 *fill*         0x080148fe        0x2 
 .rodata.FONT_DOT