D:/CDPR_F103_HAL/Core/Src/oled.c:52:23:OLED_GetFont6x8	16	static
D:/CDPR_F103_HAL/Core/Src/oled.c:109:16:OLED_WriteCmd	32	static
D:/CDPR_F103_HAL/Core/Src/oled.c:122:13:OLED_WriteData	48	static
D:/CDPR_F103_HAL/Core/Src/oled.c:141:6:OLED_Init	8	static
D:/CDPR_F103_HAL/Core/Src/oled.c:171:6:OLED_Clear	8	static
D:/CDPR_F103_HAL/Core/Src/oled.c:176:6:OLED_Refresh	16	static
D:/CDPR_F103_HAL/Core/Src/oled.c:188:6:OLED_ShowChar	24	static
D:/CDPR_F103_HAL/Core/Src/oled.c:206:6:OLED_ShowString	16	static
D:/CDPR_F103_HAL/Core/Src/oled.c:216:6:OLED_ShowLine	16	static
