D:/CDPR_F103_HAL/Core/Src/motor.c:27:10:modbus_crc16	24	static
D:/CDPR_F103_HAL/Core/Src/motor.c:40:13:motor_result_str	16	static
D:/CDPR_F103_HAL/Core/Src/motor.c:54:13:motor_rx_mode_name	4	static
D:/CDPR_F103_HAL/Core/Src/motor.c:63:6:motor_get_last_transaction_diag	16	static
D:/CDPR_F103_HAL/Core/Src/motor.c:70:20:motor_diag_finish	16	static
D:/CDPR_F103_HAL/Core/Src/motor.c:77:13:motor_diag_reset	16	static
D:/CDPR_F103_HAL/Core/Src/motor.c:102:13:motor_uart_disable_unused_irq	8	static
D:/CDPR_F103_HAL/Core/Src/motor.c:108:13:motor_uart_clear_status	16	static
D:/CDPR_F103_HAL/Core/Src/motor.c:121:17:motor_uart_error_from_sr	24	static
D:/CDPR_F103_HAL/Core/Src/motor.c:136:13:motor_uart_dma_stop	4	static
D:/CDPR_F103_HAL/Core/Src/motor.c:149:13:motor_uart_dma_start	16	static
D:/CDPR_F103_HAL/Core/Src/motor.c:170:13:motor_uart_flush_rx	16	static
D:/CDPR_F103_HAL/Core/Src/motor.c:217:13:motor_uart_enable_rx	8	static
D:/CDPR_F103_HAL/Core/Src/motor.c:315:26:motor_uart_receive_frame	32	static
D:/CDPR_F103_HAL/Core/Src/motor.c:486:13:motor_diag_record_tx_only	24	static
D:/CDPR_F103_HAL/Core/Src/motor.c:497:13:motor_print_hex	32	static
D:/CDPR_F103_HAL/Core/Src/motor.c:510:6:motor_print_last_transaction_diag	64	static
D:/CDPR_F103_HAL/Core/Src/motor.c:545:9:motor_cable_direction	24	static
D:/CDPR_F103_HAL/Core/Src/motor.c:555:20:mb_transaction	120	static
D:/CDPR_F103_HAL/Core/Src/motor.c:695:13:motor_enable	40	static
D:/CDPR_F103_HAL/Core/Src/motor.c:714:13:motor_move_pos	56	static
D:/CDPR_F103_HAL/Core/Src/motor.c:743:13:motor_run_speed	56	static
D:/CDPR_F103_HAL/Core/Src/motor.c:768:13:motor_sync_trigger	24	static
D:/CDPR_F103_HAL/Core/Src/motor.c:797:13:motor_stop	32	static
D:/CDPR_F103_HAL/Core/Src/motor.c:811:13:motor_zero_position	32	static
D:/CDPR_F103_HAL/Core/Src/motor.c:824:13:motor_calibrate_encoder	32	static
D:/CDPR_F103_HAL/Core/Src/motor.c:841:13:motor_read_position	48	static
D:/CDPR_F103_HAL/Core/Src/motor.c:861:13:motor_read_status	40	static
D:/CDPR_F103_HAL/Core/Src/motor.c:876:13:motor_read_pos_error	48	static
D:/CDPR_F103_HAL/Core/Src/motor.c:894:13:motor_read_pos_window	40	static
D:/CDPR_F103_HAL/Core/Src/motor.c:909:13:motor_set_pos_window	48	static
