D:/CDPR_F103_HAL/Core/Src/route_menu.c:42:16:Key_ReadRaw	16	static
D:/CDPR_F103_HAL/Core/Src/route_menu.c:47:13:Key_Update	16	static
D:/CDPR_F103_HAL/Core/Src/route_menu.c:75:16:Key_GetPressedEvent	16	static
D:/CDPR_F103_HAL/Core/Src/route_menu.c:87:16:Step_IsFilled	16	static
D:/CDPR_F103_HAL/Core/Src/route_menu.c:96:13:Update_Count_And_Ready	16	static
D:/CDPR_F103_HAL/Core/Src/route_menu.c:121:16:Point_UsedBeforeStep	24	static
D:/CDPR_F103_HAL/Core/Src/route_menu.c:134:16:Find_Next_Selectable	24	static
D:/CDPR_F103_HAL/Core/Src/route_menu.c:148:16:Find_Prev_Selectable	24	static
D:/CDPR_F103_HAL/Core/Src/route_menu.c:166:13:Clear_FromStep	24	static
D:/CDPR_F103_HAL/Core/Src/route_menu.c:176:13:Save_Current_Step	8	static
D:/CDPR_F103_HAL/Core/Src/route_menu.c:210:13:Step_Backward	8	static
D:/CDPR_F103_HAL/Core/Src/route_menu.c:250:13:RouteMenu_Draw	48	static
D:/CDPR_F103_HAL/Core/Src/route_menu.c:293:6:RouteMenu_Init	16	static
D:/CDPR_F103_HAL/Core/Src/route_menu.c:317:6:RouteMenu_Task_10ms	8	static
D:/CDPR_F103_HAL/Core/Src/route_menu.c:366:9:RouteMenu_IsReady	4	static
D:/CDPR_F103_HAL/Core/Src/route_menu.c:371:6:RouteMenu_GetOrder	16	static
D:/CDPR_F103_HAL/Core/Src/route_menu.c:379:6:RouteMenu_Reset	16	static
