D:/CDPR_F103_HAL/Core/Src/task.c:523:16:Key0_Raw	8	static
D:/CDPR_F103_HAL/Core/Src/task.c:528:16:Key0_Edge	16	static
D:/CDPR_F103_HAL/Core/Src/task.c:536:17:Task_VisionAge	16	static
D:/CDPR_F103_HAL/Core/Src/task.c:541:16:Task_ReadMotorPositionRetry	32	static
D:/CDPR_F103_HAL/Core/Src/task.c:556:16:Task_AbsI32	16	static
D:/CDPR_F103_HAL/Core/Src/task.c:561:13:Task_MotorPreBufferDelay	16	static
D:/CDPR_F103_HAL/Core/Src/task.c:568:13:Task_MotorPostBufferDelay	16	static
D:/CDPR_F103_HAL/Core/Src/task.c:575:20:Task_MotorMovePosBufferRetry	48	static
D:/CDPR_F103_HAL/Core/Src/task.c:619:13:ManualKey_Update	16	static
D:/CDPR_F103_HAL/Core/Src/task.c:637:16:ManualKey_IsPressed	16	static
D:/CDPR_F103_HAL/Core/Src/task.c:642:13:Task_ManualKeysInit	8	static
D:/CDPR_F103_HAL/Core/Src/task.c:672:13:Task_ManualKeysService	16	static
D:/CDPR_F103_HAL/Core/Src/task.c:697:16:Task_EdgePatrolKeyEdge	16	static
D:/CDPR_F103_HAL/Core/Src/task.c:706:16:Task_KeyPressedEdge	24	static
D:/CDPR_F103_HAL/Core/Src/task.c:722:16:Task_EdgeOrderModeKeyEdge	8	static
D:/CDPR_F103_HAL/Core/Src/task.c:728:16:Task_EdgePatrolJobCount	4	static
D:/CDPR_F103_HAL/Core/Src/task.c:734:37:Task_EdgePatrolOrderedJob	24	static
D:/CDPR_F103_HAL/Core/Src/task.c:753:13:Task_EdgePatrolFormatOrder	48	static
D:/CDPR_F103_HAL/Core/Src/task.c:787:16:Task_EdgeOrderPointUsed	24	static
D:/CDPR_F103_HAL/Core/Src/task.c:797:16:Task_EdgeOrderFindNext	24	static
D:/CDPR_F103_HAL/Core/Src/task.c:813:16:Task_EdgeOrderFindPrev	24	static
D:/CDPR_F103_HAL/Core/Src/task.c:829:13:Task_EdgeOrderResetEdit	16	static
D:/CDPR_F103_HAL/Core/Src/task.c:838:13:Task_EdgeOrderInitDefault	16	static
D:/CDPR_F103_HAL/Core/Src/task.c:849:13:Task_EdgeOrderSyncKeyEdges	8	static
D:/CDPR_F103_HAL/Core/Src/task.c:858:20:Task_EdgeOrderSlotName	16	static
D:/CDPR_F103_HAL/Core/Src/task.c:869:13:Task_EdgeOrderLoadActive	16	static
D:/CDPR_F103_HAL/Core/Src/task.c:890:13:Task_EdgeOrderDraw	56	static
D:/CDPR_F103_HAL/Core/Src/task.c:938:13:Task_EdgeOrderConfirm	32	static
D:/CDPR_F103_HAL/Core/Src/task.c:982:13:Task_EdgeOrderBack	4	static
D:/CDPR_F103_HAL/Core/Src/task.c:1000:13:Task_EdgeOrderEnter	32	static
D:/CDPR_F103_HAL/Core/Src/task.c:1026:13:Task_EdgeOrderExit	32	static
D:/CDPR_F103_HAL/Core/Src/task.c:1038:16:Task_EdgeOrderMenuService	8	static
D:/CDPR_F103_HAL/Core/Src/task.c:1101:13:Task_ShowManualZeroPrompt	8	static
D:/CDPR_F103_HAL/Core/Src/task.c:1111:13:Task_ShowManualJog	56	static
D:/CDPR_F103_HAL/Core/Src/task.c:1141:13:Task_ShowManualJogThrottled	16	static
D:/CDPR_F103_HAL/Core/Src/task.c:1199:13:Task_ManualVisionLiveLog	16	static
D:/CDPR_F103_HAL/Core/Src/task.c:1250:20:Task_ManualCenterPretension	32	static
D:/CDPR_F103_HAL/Core/Src/task.c:1303:16:Task_ManualRecenterAfterPretension	48	static
D:/CDPR_F103_HAL/Core/Src/task.c:1349:16:Task_ManualAutoCenterAndRecord	96	static
D:/CDPR_F103_HAL/Core/Src/task.c:1535:20:Task_ManualJogDirName	16	static
D:/CDPR_F103_HAL/Core/Src/task.c:1546:23:Task_ManualReadJogDir	16	static
D:/CDPR_F103_HAL/Core/Src/task.c:1560:13:Task_ClampManualJogPoint	16	static
D:/CDPR_F103_HAL/Core/Src/task.c:1568:14:Task_ManualJogRunCm	4	static
D:/CDPR_F103_HAL/Core/Src/task.c:1573:20:Task_StopAllImmediate	32	static
D:/CDPR_F103_HAL/Core/Src/task.c:1594:13:Task_ManualJogRequireRehome	24	static
D:/CDPR_F103_HAL/Core/Src/task.c:1610:13:Task_ManualJogStop	24	static
D:/CDPR_F103_HAL/Core/Src/task.c:1649:13:Task_ManualJogStopForce	16	static
D:/CDPR_F103_HAL/Core/Src/task.c:1679:13:Task_ManualJogIntegrate	40	static
D:/CDPR_F103_HAL/Core/Src/task.c:1710:16:Task_ManualJogCommand	192	static
D:/CDPR_F103_HAL/Core/Src/task.c:1890:20:Task_ManualClearBufferedMoves	48	static
D:/CDPR_F103_HAL/Core/Src/task.c:1921:20:Task_ManualSendMotorDelta	80	static
D:/CDPR_F103_HAL/Core/Src/task.c:2002:16:Task_ManualReturnZero	96	static
D:/CDPR_F103_HAL/Core/Src/task.c:2142:20:Task_EdgePatrolCircleName	16	static
D:/CDPR_F103_HAL/Core/Src/task.c:2153:13:Task_EdgePatrolMotionGains	32	static
D:/CDPR_F103_HAL/Core/Src/task.c:2179:13:Task_ShowEdgePatrol	72	static
D:/CDPR_F103_HAL/Core/Src/task.c:2195:14:Task_EdgePatrolReleaseLimit	40	static
D:/CDPR_F103_HAL/Core/Src/task.c:2213:16:Task_EdgePatrolSegmentGentleEnough	64	static
D:/CDPR_F103_HAL/Core/Src/task.c:2240:16:Task_EdgePatrolCalcSegments	88	static
D:/CDPR_F103_HAL/Core/Src/task.c:2284:16:Task_EdgePatrolCircleReached	104	static
D:/CDPR_F103_HAL/Core/Src/task.c:2352:16:Task_EdgePatrolGetLearnedTarget	56	static
D:/CDPR_F103_HAL/Core/Src/task.c:2397:13:Task_EdgePatrolSampleNode	48	static
D:/CDPR_F103_HAL/Core/Src/task.c:2521:13:Task_EdgePatrolPrintCalTable	4	static
D:/CDPR_F103_HAL/Core/Src/task.c:2556:13:Task_EdgePatrolLogNode	16	static
D:/CDPR_F103_HAL/Core/Src/task.c:2642:13:Task_EdgePatrolPrintEncVector	32	static
D:/CDPR_F103_HAL/Core/Src/task.c:2690:13:Task_EdgePatrolResetSegmentEncoderBaseline	32	static
D:/CDPR_F103_HAL/Core/Src/task.c:2740:16:Task_EdgePatrolEnsureLaserFresh	48	static
D:/CDPR_F103_HAL/Core/Src/task.c:2784:13:Task_EdgePatrolLogSegment	16	static
D:/CDPR_F103_HAL/Core/Src/task.c:2961:16:Task_EdgePatrolFineCircle	176	static
D:/CDPR_F103_HAL/Core/Src/task.c:3142:16:Task_EdgePatrolMoveTo	112	static
D:/CDPR_F103_HAL/Core/Src/task.c:3312:16:Task_EdgePatrolAutoZeroBeforeRun	8	static
D:/CDPR_F103_HAL/Core/Src/task.c:3359:16:Task_EdgePatrolAutoZeroWithRecovery	32	static
D:/CDPR_F103_HAL/Core/Src/task.c:3396:16:Task_EdgePatrolRecoverAfterMoveFail	40	static
D:/CDPR_F103_HAL/Core/Src/task.c:3439:16:Task_EdgePatrolRunCornerJob	72	static
D:/CDPR_F103_HAL/Core/Src/task.c:3528:16:Task_EdgePatrolResetAfterCorner	40	static
D:/CDPR_F103_HAL/Core/Src/task.c:3568:16:Task_EdgePatrolRun	64	static
D:/CDPR_F103_HAL/Core/Src/task.c:3702:13:Task_ManualZeroLoop	16	static
D:/CDPR_F103_HAL/Core/Src/task.c:3807:12:Task_RoundToInt	16	static
D:/CDPR_F103_HAL/Core/Src/task.c:3812:13:Task_BuzzerSet	16	static
D:/CDPR_F103_HAL/Core/Src/task.c:3818:13:Task_RecordFire	48	static
D:/CDPR_F103_HAL/Core/Src/task.c:3832:13:Task_FireService	24	static
D:/CDPR_F103_HAL/Core/Src/task.c:3883:13:Task_DelayService	24	static
D:/CDPR_F103_HAL/Core/Src/task.c:3894:13:Task_DrawFireRecords	48	static
D:/CDPR_F103_HAL/Core/Src/task.c:3911:13:Task_ShowHomePrompt	8	static
D:/CDPR_F103_HAL/Core/Src/task.c:3927:16:Task_ReadEncoderPos	64	static
D:/CDPR_F103_HAL/Core/Src/task.c:3946:13:Task_ShowPos	64	static
D:/CDPR_F103_HAL/Core/Src/task.c:3979:16:Task_MatchKnownVisionCircle	32	static
D:/CDPR_F103_HAL/Core/Src/task.c:4004:13:Task_ClampNoHomeCalcPoint	16	static
D:/CDPR_F103_HAL/Core/Src/task.c:4012:16:Task_GetVisionGlobal	48	static
D:/CDPR_F103_HAL/Core/Src/task.c:4055:16:Task_GetVisionLaser	104	static
D:/CDPR_F103_HAL/Core/Src/task.c:4126:16:Task_RoughCenter_ByGlobal	104	static
D:/CDPR_F103_HAL/Core/Src/task.c:4229:16:Task_ReturnCenter_ByVision	96	static
D:/CDPR_F103_HAL/Core/Src/task.c:4413:16:Task_RunPatrol	24	static
D:/CDPR_F103_HAL/Core/Src/task.c:4457:6:Task_Init	8	static
D:/CDPR_F103_HAL/Core/Src/task.c:4489:6:Task_Loop	16	static
